Header:   Class:      ELFCLASS32
          Data:       ELFDATA2LSB
          OSABI:      ELFOSABI_SYSV
          ABIVersion: 0
          Type:       ET_EXEC
          Machine:    EM_ARM
          Entry:      0x00009ce8
          PhOff:      0x00000034
          ShOff:      0x00009f60
          Flags:      0x05000002
          PhEntSize:  0x0020
          PhNum:      8
          ShEntSize:  0x0028
          ShNum:      28
          ShStrNdx:   27
Sections: - Name:      0
            Type:      SHT_NULL
            Flags:     0x00000000
            Addr:      0x00000000
            Offset:    0x00000000
            Size:      0x00000000
            Link:      0
            Info:      0
            AddrAlign: 0x00000000
            EntSize:   0x00000000
          - Name:      11
            Type:      SHT_PROGBITS
            Flags:     0x00000002
            Addr:      0x00008134
            Offset:    0x00000134
            Size:      0x00000013
            Link:      0
            Info:      0
            AddrAlign: 0x00000001
            EntSize:   0x00000000
          - Name:      19
            Type:      SHT_NOTE
            Flags:     0x00000002
            Addr:      0x00008148
            Offset:    0x00000148
            Size:      0x00000020
            Link:      0
            Info:      0
            AddrAlign: 0x00000004
            EntSize:   0x00000000
          - Name:      33
            Type:      SHT_NOTE
            Flags:     0x00000002
            Addr:      0x00008168
            Offset:    0x00000168
            Size:      0x00000024
            Link:      0
            Info:      0
            AddrAlign: 0x00000004
            EntSize:   0x00000000
          - Name:      52
            Type:      SHT_EXT 1879048182
            Flags:     0x00000002
            Addr:      0x0000818c
            Offset:    0x0000018c
            Size:      0x00000288
            Link:      5
            Info:      0
            AddrAlign: 0x00000004
            EntSize:   0x00000004
          - Name:      62
            Type:      SHT_DYNSYM
            Flags:     0x00000002
            Addr:      0x00008414
            Offset:    0x00000414
            Size:      0x000004d0
            Link:      6
            Info:      1
            AddrAlign: 0x00000004
            EntSize:   0x00000010
          - Name:      70
            Type:      SHT_STRTAB
            Flags:     0x00000002
            Addr:      0x000088e4
            Offset:    0x000008e4
            Size:      0x0000030c
            Link:      0
            Info:      0
            AddrAlign: 0x00000001
            EntSize:   0x00000000
          - Name:      78
            Type:      SHT_EXT 1879048191
            Flags:     0x00000002
            Addr:      0x00008bf0
            Offset:    0x00000bf0
            Size:      0x0000009a
            Link:      5
            Info:      0
            AddrAlign: 0x00000002
            EntSize:   0x00000002
          - Name:      91
            Type:      SHT_EXT 1879048190
            Flags:     0x00000002
            Addr:      0x00008c8c
            Offset:    0x00000c8c
            Size:      0x00000040
            Link:      6
            Info:      2
            AddrAlign: 0x00000004
            EntSize:   0x00000000
          - Name:      106
            Type:      SHT_REL
            Flags:     0x00000002
            Addr:      0x00008ccc
            Offset:    0x00000ccc
            Size:      0x00000028
            Link:      5
            Info:      0
            AddrAlign: 0x00000004
            EntSize:   0x00000008
          - Name:      115
            Type:      SHT_REL
            Flags:     0x00000002
            Addr:      0x00008cf4
            Offset:    0x00000cf4
            Size:      0x00000240
            Link:      5
            Info:      12
            AddrAlign: 0x00000004
            EntSize:   0x00000008
          - Name:      124
            Type:      SHT_PROGBITS
            Flags:     0x00000006
            Addr:      0x00008f34
            Offset:    0x00000f34
            Size:      0x0000000c
            Link:      0
            Info:      0
            AddrAlign: 0x00000004
            EntSize:   0x00000000
          - Name:      119
            Type:      SHT_PROGBITS
            Flags:     0x00000006
            Addr:      0x00008f40
            Offset:    0x00000f40
            Size:      0x00000374
            Link:      0
            Info:      0
            AddrAlign: 0x00000004
            EntSize:   0x00000004
          - Name:      130
            Type:      SHT_PROGBITS
            Flags:     0x00000006
            Addr:      0x000092b4
            Offset:    0x000012b4
            Size:      0x00006718
            Link:      0
            Info:      0
            AddrAlign: 0x00000004
            EntSize:   0x00000000
          - Name:      136
            Type:      SHT_PROGBITS
            Flags:     0x00000006
            Addr:      0x0000f9cc
            Offset:    0x000079cc
            Size:      0x00000008
            Link:      0
            Info:      0
            AddrAlign: 0x00000004
            EntSize:   0x00000000
          - Name:      142
            Type:      SHT_PROGBITS
            Flags:     0x00000002
            Addr:      0x0000f9d4
            Offset:    0x000079d4
            Size:      0x00001aa0
            Link:      0
            Info:      0
            AddrAlign: 0x00000004
            EntSize:   0x00000000
          - Name:      150
            Type:      SHT_EXT 1879048193
            Flags:     0x00000082
            Addr:      0x00011474
            Offset:    0x00009474
            Size:      0x00000008
            Link:      13
            Info:      0
            AddrAlign: 0x00000004
            EntSize:   0x00000000
          - Name:      161
            Type:      SHT_PROGBITS
            Flags:     0x00000002
            Addr:      0x0001147c
            Offset:    0x0000947c
            Size:      0x00000004
            Link:      0
            Info:      0
            AddrAlign: 0x00000004
            EntSize:   0x00000000
          - Name:      171
            Type:      SHT_EXT 14
            Flags:     0x00000003
            Addr:      0x00019480
            Offset:    0x00009480
            Size:      0x00000004
            Link:      0
            Info:      0
            AddrAlign: 0x00000004
            EntSize:   0x00000000
          - Name:      183
            Type:      SHT_EXT 15
            Flags:     0x00000003
            Addr:      0x00019484
            Offset:    0x00009484
            Size:      0x00000004
            Link:      0
            Info:      0
            AddrAlign: 0x00000004
            EntSize:   0x00000000
          - Name:      195
            Type:      SHT_PROGBITS
            Flags:     0x00000003
            Addr:      0x00019488
            Offset:    0x00009488
            Size:      0x00000004
            Link:      0
            Info:      0
            AddrAlign: 0x00000004
            EntSize:   0x00000000
          - Name:      200
            Type:      SHT_DYNAMIC
            Flags:     0x00000003
            Addr:      0x0001948c
            Offset:    0x0000948c
            Size:      0x000000f0
            Link:      6
            Info:      0
            AddrAlign: 0x00000004
            EntSize:   0x00000008
          - Name:      209
            Type:      SHT_PROGBITS
            Flags:     0x00000003
            Addr:      0x0001957c
            Offset:    0x0000957c
            Size:      0x00000130
            Link:      0
            Info:      0
            AddrAlign: 0x00000004
            EntSize:   0x00000004
          - Name:      214
            Type:      SHT_PROGBITS
            Flags:     0x00000003
            Addr:      0x000196ac
            Offset:    0x000096ac
            Size:      0x00000750
            Link:      0
            Info:      0
            AddrAlign: 0x00000004
            EntSize:   0x00000000
          - Name:      220
            Type:      SHT_NOBITS
            Flags:     0x00000003
            Addr:      0x00019e00
            Offset:    0x00009dfc
            Size:      0x00000b04
            Link:      0
            Info:      0
            AddrAlign: 0x00000008
            EntSize:   0x00000000
          - Name:      225
            Type:      SHT_PROGBITS
            Flags:     0x00000030
            Addr:      0x00000000
            Offset:    0x00009dfc
            Size:      0x00000032
            Link:      0
            Info:      0
            AddrAlign: 0x00000001
            EntSize:   0x00000001
          - Name:      234
            Type:      SHT_EXT 1879048195
            Flags:     0x00000000
            Addr:      0x00000000
            Offset:    0x00009e2e
            Size:      0x00000035
            Link:      0
            Info:      0
            AddrAlign: 0x00000001
            EntSize:   0x00000000
          - Name:      1
            Type:      SHT_STRTAB
            Flags:     0x00000000
            Addr:      0x00000000
            Offset:    0x00009e63
            Size:      0x000000fa
            Link:      0
            Info:      0
            AddrAlign: 0x00000001
            EntSize:   0x00000000
Segments: - Type:     PT_EXT 1879048193
            Flags:    0x00000004
            Offset:   0x00009474
            VirtAddr: 0x00011474
            PhysAddr: 0x00011474
            FileSize: 0x00000008
            MemSize:  0x00000008
            Align:    0x00000004
          - Type:     PT_PHDR
            Flags:    0x00000005
            Offset:   0x00000034
            VirtAddr: 0x00008034
            PhysAddr: 0x00008034
            FileSize: 0x00000100
            MemSize:  0x00000100
            Align:    0x00000004
          - Type:     PT_INTERP
            Flags:    0x00000004
            Offset:   0x00000134
            VirtAddr: 0x00008134
            PhysAddr: 0x00008134
            FileSize: 0x00000013
            MemSize:  0x00000013
            Align:    0x00000001
          - Type:     PT_LOAD
            Flags:    0x00000005
            Offset:   0x00000000
            VirtAddr: 0x00008000
            PhysAddr: 0x00008000
            FileSize: 0x00009480
            MemSize:  0x00009480
            Align:    0x00008000
          - Type:     PT_LOAD
            Flags:    0x00000006
            Offset:   0x00009480
            VirtAddr: 0x00019480
            PhysAddr: 0x00019480
            FileSize: 0x0000097c
            MemSize:  0x00001484
            Align:    0x00008000
          - Type:     PT_DYNAMIC
            Flags:    0x00000006
            Offset:   0x0000948c
            VirtAddr: 0x0001948c
            PhysAddr: 0x0001948c
            FileSize: 0x000000f0
            MemSize:  0x000000f0
            Align:    0x00000004
          - Type:     PT_NOTE
            Flags:    0x00000004
            Offset:   0x00000148
            VirtAddr: 0x00008148
            PhysAddr: 0x00008148
            FileSize: 0x00000044
            MemSize:  0x00000044
            Align:    0x00000004
          - Type:     PT_EXT 1685382481
            Flags:    0x00000006
            Offset:   0x00000000
            VirtAddr: 0x00000000
            PhysAddr: 0x00000000
            FileSize: 0x00000000
            MemSize:  0x00000000
            Align:    0x00000004
- - Name:  0x00000000
    Info:  0x00
    Other: 0x00
    ShNdx: SHN_Undef
    Value: 0x00000000
    Size:  0x00000000
  - Name:  0x00000001
    Info:  0x20
    Other: 0x00
    ShNdx: SHN_Undef
    Value: 0x00000000
    Size:  0x00000000
  - Name:  0x000000d0
    Info:  0x12
    Other: 0x00
    ShNdx: SHN_Undef
    Value: 0x00009224
    Size:  0x00000000
  - Name:  0x00000154
    Info:  0x12
    Other: 0x00
    ShNdx: SHN_Undef
    Value: 0x00008f60
    Size:  0x00000000
  - Name:  0x00000262
    Info:  0x12
    Other: 0x00
    ShNdx: SHN_Undef
    Value: 0x00009170
    Size:  0x00000000
  - Name:  0x0000024d
    Info:  0x12
    Other: 0x00
    ShNdx: SHN_Undef
    Value: 0x00009230
    Size:  0x00000000
  - Name:  0x00000200
    Info:  0x12
    Other: 0x00
    ShNdx: SHN_Undef
    Value: 0x00009260
    Size:  0x00000000
  - Name:  0x000000ca
    Info:  0x12
    Other: 0x00
    ShNdx: SHN_Undef
    Value: 0x00009284
    Size:  0x00000000
  - Name:  0x000001d6
    Info:  0x11
    Other: 0x00
    ShNdx: SHN_EXT 24
    Value: 0x00019e10
    Size:  0x00000004
  - Name:  0x0000021e
    Info:  0x12
    Other: 0x00
    ShNdx: SHN_Undef
    Value: 0x00009068
    Size:  0x00000000
  - Name:  0x00000097
    Info:  0x12
    Other: 0x00
    ShNdx: SHN_Undef
    Value: 0x00009248
    Size:  0x00000000
  - Name:  0x0000025a
    Info:  0x12
    Other: 0x00
    ShNdx: SHN_Undef
    Value: 0x00009194
    Size:  0x00000000
  - Name:  0x00000070
    Info:  0x12
    Other: 0x00
    ShNdx: SHN_Undef
    Value: 0x00009188
    Size:  0x00000000
  - Name:  0x00000183
    Info:  0x12
    Other: 0x00
    ShNdx: SHN_Undef
    Value: 0x0000920c
    Size:  0x00000000
  - Name:  0x000001a5
    Info:  0x12
    Other: 0x00
    ShNdx: SHN_Undef
    Value: 0x000090b0
    Size:  0x00000000
  - Name:  0x0000003a
    Info:  0x12
    Other: 0x00
    ShNdx: SHN_Undef
    Value: 0x00009080
    Size:  0x00000000
  - Name:  0x00000124
    Info:  0x12
    Other: 0x00
    ShNdx: SHN_Undef
    Value: 0x0000914c
    Size:  0x00000000
  - Name:  0x00000068
    Info:  0x12
    Other: 0x00
    ShNdx: SHN_Undef
    Value: 0x00009200
    Size:  0x00000000
  - Name:  0x000000fc
    Info:  0x12
    Other: 0x00
    ShNdx: SHN_Undef
    Value: 0x00008f54
    Size:  0x00000000
  - Name:  0x0000004c
    Info:  0x12
    Other: 0x00
    ShNdx: SHN_Undef
    Value: 0x00008f78
    Size:  0x00000000
  - Name:  0x000002b1
    Info:  0x12
    Other: 0x00
    ShNdx: SHN_Undef
    Value: 0x000090bc
    Size:  0x00000000
  - Name:  0x00000289
    Info:  0x12
    Other: 0x00
    ShNdx: SHN_Undef
    Value: 0x0000929c
    Size:  0x00000000
  - Name:  0x000001c8
    Info:  0x12
    Other: 0x00
    ShNdx: SHN_Undef
    Value: 0x00009218
    Size:  0x00000000
  - Name:  0x00000046
    Info:  0x12
    Other: 0x00
    ShNdx: SHN_Undef
    Value: 0x00008f9c
    Size:  0x00000000
  - Name:  0x000002cc
    Info:  0x12
    Other: 0x00
    ShNdx: SHN_Undef
    Value: 0x00009038
    Size:  0x00000000
  - Name:  0x000001dd
    Info:  0x12
    Other: 0x00
    ShNdx: SHN_Undef
    Value: 0x00009074
    Size:  0x00000000
  - Name:  0x000001cf
    Info:  0x11
    Other: 0x00
    ShNdx: SHN_EXT 24
    Value: 0x00019e14
    Size:  0x00000004
  - Name:  0x00000056
    Info:  0x11
    Other: 0x00
    ShNdx: SHN_EXT 24
    Value: 0x00019e08
    Size:  0x00000004
  - Name:  0x0000019d
    Info:  0x12
    Other: 0x00
    ShNdx: SHN_Undef
    Value: 0x0000911c
    Size:  0x00000000
  - Name:  0x000002f0
    Info:  0x11
    Other: 0x00
    ShNdx: SHN_EXT 24
    Value: 0x00019e00
    Size:  0x00000004
  - Name:  0x0000018f
    Info:  0x12
    Other: 0x00
    ShNdx: SHN_Undef
    Value: 0x00008fd8
    Size:  0x00000000
  - Name:  0x0000001a
    Info:  0x12
    Other: 0x00
    ShNdx: SHN_Undef
    Value: 0x00009254
    Size:  0x00000000
  - Name:  0x000002a1
    Info:  0x12
    Other: 0x00
    ShNdx: SHN_Undef
    Value: 0x00008f84
    Size:  0x00000000
  - Name:  0x000002d7
    Info:  0x12
    Other: 0x00
    ShNdx: SHN_Undef
    Value: 0x00008fa8
    Size:  0x00000000
  - Name:  0x00000175
    Info:  0x12
    Other: 0x00
    ShNdx: SHN_Undef
    Value: 0x00009008
    Size:  0x00000000
  - Name:  0x00000270
    Info:  0x12
    Other: 0x00
    ShNdx: SHN_Undef
    Value: 0x000090d4
    Size:  0x00000000
  - Name:  0x000002a8
    Info:  0x12
    Other: 0x00
    ShNdx: SHN_Undef
    Value: 0x000090c8
    Size:  0x00000000
  - Name:  0x00000028
    Info:  0x12
    Other: 0x00
    ShNdx: SHN_Undef
    Value: 0x000091c4
    Size:  0x00000000
  - Name:  0x00000189
    Info:  0x12
    Other: 0x00
    ShNdx: SHN_Undef
    Value: 0x00009278
    Size:  0x00000000
  - Name:  0x00000079
    Info:  0x12
    Other: 0x00
    ShNdx: SHN_Undef
    Value: 0x00009050
    Size:  0x00000000
  - Name:  0x0000018a
    Info:  0x12
    Other: 0x00
    ShNdx: SHN_Undef
    Value: 0x000090a4
    Size:  0x00000000
  - Name:  0x0000022c
    Info:  0x12
    Other: 0x00
    ShNdx: SHN_Undef
    Value: 0x000090e0
    Size:  0x00000000
  - Name:  0x000001ba
    Info:  0x12
    Other: 0x00
    ShNdx: SHN_Undef
    Value: 0x00009104
    Size:  0x00000000
  - Name:  0x0000005d
    Info:  0x12
    Other: 0x00
    ShNdx: SHN_Undef
    Value: 0x00009158
    Size:  0x00000000
  - Name:  0x00000167
    Info:  0x12
    Other: 0x00
    ShNdx: SHN_Undef
    Value: 0x000091dc
    Size:  0x00000000
  - Name:  0x000000ef
    Info:  0x12
    Other: 0x00
    ShNdx: SHN_Undef
    Value: 0x00008f90
    Size:  0x00000000
  - Name:  0x00000283
    Info:  0x12
    Other: 0x00
    ShNdx: SHN_Undef
    Value: 0x00008ffc
    Size:  0x00000000
  - Name:  0x00000240
    Info:  0x12
    Other: 0x00
    ShNdx: SHN_Undef
    Value: 0x00009098
    Size:  0x00000000
  - Name:  0x00000080
    Info:  0x12
    Other: 0x00
    ShNdx: SHN_Undef
    Value: 0x00009044
    Size:  0x00000000
  - Name:  0x00000196
    Info:  0x12
    Other: 0x00
    ShNdx: SHN_Undef
    Value: 0x000091e8
    Size:  0x00000000
  - Name:  0x000000c2
    Info:  0x12
    Other: 0x00
    ShNdx: SHN_Undef
    Value: 0x0000902c
    Size:  0x00000000
  - Name:  0x00000103
    Info:  0x12
    Other: 0x00
    ShNdx: SHN_Undef
    Value: 0x00009128
    Size:  0x00000000
  - Name:  0x000001e3
    Info:  0x12
    Other: 0x00
    ShNdx: SHN_Undef
    Value: 0x0000926c
    Size:  0x00000000
  - Name:  0x00000035
    Info:  0x12
    Other: 0x00
    ShNdx: SHN_Undef
    Value: 0x00009110
    Size:  0x00000000
  - Name:  0x000002c3
    Info:  0x12
    Other: 0x00
    ShNdx: SHN_Undef
    Value: 0x0000917c
    Size:  0x00000000
  - Name:  0x00000160
    Info:  0x12
    Other: 0x00
    ShNdx: SHN_Undef
    Value: 0x000091d0
    Size:  0x00000000
  - Name:  0x00000135
    Info:  0x12
    Other: 0x00
    ShNdx: SHN_Undef
    Value: 0x00008fe4
    Size:  0x00000000
  - Name:  0x0000013c
    Info:  0x12
    Other: 0x00
    ShNdx: SHN_Undef
    Value: 0x00009140
    Size:  0x00000000
  - Name:  0x00000197
    Info:  0x12
    Other: 0x00
    ShNdx: SHN_Undef
    Value: 0x00009290
    Size:  0x00000000
  - Name:  0x000000a1
    Info:  0x12
    Other: 0x00
    ShNdx: SHN_Undef
    Value: 0x000091b8
    Size:  0x00000000
  - Name:  0x00000148
    Info:  0x12
    Other: 0x00
    ShNdx: SHN_Undef
    Value: 0x000091f4
    Size:  0x00000000
  - Name:  0x000000d8
    Info:  0x12
    Other: 0x00
    ShNdx: SHN_Undef
    Value: 0x00008fcc
    Size:  0x00000000
  - Name:  0x000000a9
    Info:  0x12
    Other: 0x00
    ShNdx: SHN_Undef
    Value: 0x00009020
    Size:  0x00000000
  - Name:  0x000001f1
    Info:  0x12
    Other: 0x00
    ShNdx: SHN_Undef
    Value: 0x000092a8
    Size:  0x00000000
  - Name:  0x0000011d
    Info:  0x12
    Other: 0x00
    ShNdx: SHN_Undef
    Value: 0x00008f6c
    Size:  0x00000000
  - Name:  0x0000008d
    Info:  0x12
    Other: 0x00
    ShNdx: SHN_Undef
    Value: 0x00008ff0
    Size:  0x00000000
  - Name:  0x0000020c
    Info:  0x12
    Other: 0x00
    ShNdx: SHN_Undef
    Value: 0x000090f8
    Size:  0x00000000
  - Name:  0x00000116
    Info:  0x12
    Other: 0x00
    ShNdx: SHN_Undef
    Value: 0x000091a0
    Size:  0x00000000
  - Name:  0x000000ba
    Info:  0x12
    Other: 0x00
    ShNdx: SHN_Undef
    Value: 0x000091ac
    Size:  0x00000000
  - Name:  0x00000225
    Info:  0x12
    Other: 0x00
    ShNdx: SHN_Undef
    Value: 0x00009134
    Size:  0x00000000
  - Name:  0x00000294
    Info:  0x12
    Other: 0x00
    ShNdx: SHN_Undef
    Value: 0x00009164
    Size:  0x00000000
  - Name:  0x00000218
    Info:  0x12
    Other: 0x00
    ShNdx: SHN_Undef
    Value: 0x0000905c
    Size:  0x00000000
  - Name:  0x00000021
    Info:  0x12
    Other: 0x00
    ShNdx: SHN_Undef
    Value: 0x0000908c
    Size:  0x00000000
  - Name:  0x0000010a
    Info:  0x12
    Other: 0x00
    ShNdx: SHN_Undef
    Value: 0x0000923c
    Size:  0x00000000
  - Name:  0x000000f6
    Info:  0x12
    Other: 0x00
    ShNdx: SHN_Undef
    Value: 0x00008fb4
    Size:  0x00000000
  - Name:  0x000000e2
    Info:  0x12
    Other: 0x00
    ShNdx: SHN_Undef
    Value: 0x00008fc0
    Size:  0x00000000
  - Name:  0x000001ac
    Info:  0x12
    Other: 0x00
    ShNdx: SHN_Undef
    Value: 0x00009014
    Size:  0x00000000