┎ 0x00000000 H
┖ 0x00000033
╓ 0x00000034 S ".text" SHT_PROGBITS [SHF_ALLOC,SHF_EXECINSTR]
╙ 0x00000283
- 0x00000284 S ".data" SHT_PROGBITS [SHF_WRITE,SHF_ALLOC]
- 0x00000284 S ".bss" SHT_NOBITS [SHF_WRITE,SHF_ALLOC]
╓ 0x00000284 S ".rodata.str1.4" SHT_PROGBITS [SHF_ALLOC,SHF_EXT 16,SHF_EXT 32]
╙ 0x000002de
╓ 0x000002df S ".comment" SHT_PROGBITS [SHF_EXT 16,SHF_EXT 32]
╙ 0x000002fe
╓ 0x00000300 S ".symtab" SHT_SYMTAB []
╙ 0x00000d3f
╓ 0x00000d40 S ".strtab" SHT_STRTAB []
╙ 0x00000ff2
╓ 0x00000ff4 S ".rela.text" SHT_RELA [SHF_EXT 64]
╙ 0x0000138f
╓ 0x00001390 S ".shstrtab" SHT_STRTAB []
╙ 0x000013d8
┎ 0x000013dc ST (10)
┖ 0x0000156b