segment {
    Type:     PT_LOAD
    Flags:    0x00000005
    VirtAddr: 0x00000000
    PhysAddr: 0x00000000
    MemSize:  0x0001661c
    Align:    0x00001000
    Data:     
        header {
            Class:      ELFCLASS32
            Data:       ELFDATA2LSB
            OSABI:      ELFOSABI_SYSV
            ABIVersion: 0
            Type:       ET_DYN
            Machine:    EM_EXT 243
            Entry:      0x00002b8c
            Flags:      0x00000005
        }
        segment {
            Type:     PT_PHDR
            Flags:    0x00000005
            VirtAddr: 0x00000034
            PhysAddr: 0x00000034
            MemSize:  0x00000100
            Align:    0x00000004
            Data:     
                segment table
        }
        segment {
            Type:     PT_INTERP
            Flags:    0x00000004
            VirtAddr: 0x00000134
            PhysAddr: 0x00000134
            MemSize:  0x00000022
            Align:    0x00000001
            Data:     
                section ".interp" {
                    Type:      SHT_PROGBITS
                    Flags:     0x00000002
                    Addr:      0x00000134
                    AddrAlign: 0x00000001
                    EntSize:   0x00000000
                }
        }
        segment {
            Type:     PT_NOTE
            Flags:    0x00000004
            VirtAddr: 0x00000158
            PhysAddr: 0x00000158
            MemSize:  0x00000020
            Align:    0x00000004
            Data:     
                section ".note.ABI-tag" {
                    Type:      SHT_NOTE
                    Flags:     0x00000002
                    Addr:      0x00000158
                    AddrAlign: 0x00000004
                    EntSize:   0x00000000
                }
        }
        section ".gnu.hash" {
            Type:      SHT_EXT 1879048182
            Flags:     0x00000002
            Addr:      0x00000178
            AddrAlign: 0x00000004
            EntSize:   0x00000004
        }
        symbol table section ".dynsym" {
            Type:  SHT_DYNSYM
            Flags: 0x00000002
            Data:  
                
        }
        section ".dynstr" {
            Type:      SHT_STRTAB
            Flags:     0x00000002
            Addr:      0x00000ad0
            AddrAlign: 0x00000001
            EntSize:   0x00000000
        }
        section ".gnu.version" {
            Type:      SHT_EXT 1879048191
            Flags:     0x00000002
            Addr:      0x0000105a
            AddrAlign: 0x00000002
            EntSize:   0x00000002
        }
        section ".gnu.version_r" {
            Type:      SHT_EXT 1879048190
            Flags:     0x00000002
            Addr:      0x00001174
            AddrAlign: 0x00000004
            EntSize:   0x00000000
        }
        section ".rela.dyn" {
            Type:      SHT_RELA
            Flags:     0x00000002
            Addr:      0x000011b4
            AddrAlign: 0x00000004
            EntSize:   0x0000000c
        }
        section ".rela.plt" {
            Type:      SHT_RELA
            Flags:     0x00000042
            Addr:      0x000016a0
            AddrAlign: 0x00000004
            EntSize:   0x0000000c
        }
        section ".plt" {
            Type:      SHT_PROGBITS
            Flags:     0x00000006
            Addr:      0x00001c00
            AddrAlign: 0x00000010
            EntSize:   0x00000010
        }
        section ".text" {
            Type:      SHT_PROGBITS
            Flags:     0x00000006
            Addr:      0x00002340
            AddrAlign: 0x00000004
            EntSize:   0x00000000
        }
        section ".rodata" {
            Type:      SHT_PROGBITS
            Flags:     0x00000002
            Addr:      0x00012b40
            AddrAlign: 0x00000008
            EntSize:   0x00000000
        }
        segment {
            Type:     PT_EXT 1685382480
            Flags:    0x00000004
            VirtAddr: 0x000165a4
            PhysAddr: 0x000165a4
            MemSize:  0x00000024
            Align:    0x00000004
            Data:     
                section ".eh_frame_hdr" {
                    Type:      SHT_PROGBITS
                    Flags:     0x00000002
                    Addr:      0x000165a4
                    AddrAlign: 0x00000004
                    EntSize:   0x00000000
                }
        }
        section ".eh_frame" {
            Type:      SHT_PROGBITS
            Flags:     0x00000002
            Addr:      0x000165c8
            AddrAlign: 0x00000004
            EntSize:   0x00000000
        }
}
segment {
    Type:     PT_LOAD
    Flags:    0x00000006
    VirtAddr: 0x00017c84
    PhysAddr: 0x00017c84
    MemSize:  0x00000c30
    Align:    0x00001000
    Data:     
        segment {
            Type:     PT_EXT 1685382482
            Flags:    0x00000004
            VirtAddr: 0x00017c84
            PhysAddr: 0x00017c84
            MemSize:  0x0000037c
            Align:    0x00000001
            Data:     
                section ".preinit_array" {
                    Type:      SHT_EXT 16
                    Flags:     0x00000003
                    Addr:      0x00017c84
                    AddrAlign: 0x00000001
                    EntSize:   0x00000004
                }
                section ".init_array" {
                    Type:      SHT_EXT 14
                    Flags:     0x00000003
                    Addr:      0x00017c88
                    AddrAlign: 0x00000004
                    EntSize:   0x00000004
                }
                section ".fini_array" {
                    Type:      SHT_EXT 15
                    Flags:     0x00000003
                    Addr:      0x00017c8c
                    AddrAlign: 0x00000004
                    EntSize:   0x00000004
                }
                section ".data.rel.ro" {
                    Type:      SHT_PROGBITS
                    Flags:     0x00000003
                    Addr:      0x00017c90
                    AddrAlign: 0x00000004
                    EntSize:   0x00000000
                }
                segment {
                    Type:     PT_DYNAMIC
                    Flags:    0x00000006
                    VirtAddr: 0x00017f08
                    PhysAddr: 0x00017f08
                    MemSize:  0x000000f8
                    Align:    0x00000004
                    Data:     
                        section ".dynamic" {
                            Type:      SHT_DYNAMIC
                            Flags:     0x00000003
                            Addr:      0x00017f08
                            AddrAlign: 0x00000004
                            EntSize:   0x00000008
                        }
                }
        }
        section ".data" {
            Type:      SHT_PROGBITS
            Flags:     0x00000003
            Addr:      0x00018000
            AddrAlign: 0x00000004
            EntSize:   0x00000000
        }
        section ".got" {
            Type:      SHT_PROGBITS
            Flags:     0x00000003
            Addr:      0x0001809c
            AddrAlign: 0x00000004
            EntSize:   0x00000004
        }
}
string section
section table