 ┌── 0x00000000 P PT_LOAD [PF_X,PF_R]
 │ ┎ 0x00000000 H
 │ ┖ 0x00000033
 │┌─ 0x00000034 P PT_PHDR [PF_X,PF_R]
 ││┎ 0x00000034 PT (8)
 ││┖ 0x00000133
 │└─ 0x00000133
 │┌─ 0x00000134 P PT_INTERP [PF_R]
 ││╓ 0x00000134 S ".interp" SHT_PROGBITS [SHF_ALLOC]
 ││╙ 0x00000155
 │└─ 0x00000155
 │┌─ 0x00000158 P PT_NOTE [PF_R]
 ││╓ 0x00000158 S ".note.ABI-tag" SHT_NOTE [SHF_ALLOC]
 ││╙ 0x00000177
 │└─ 0x00000177
 │ ╓ 0x00000178 S ".gnu.hash" SHT_EXT 1879048182 [SHF_ALLOC]
 │ ╙ 0x0000020f
 │ ╓ 0x00000210 S ".dynsym" SHT_DYNSYM [SHF_ALLOC]
 │ ╙ 0x00000acf
 │ ╓ 0x00000ad0 S ".dynstr" SHT_STRTAB [SHF_ALLOC]
 │ ╙ 0x00001059
 │ ╓ 0x0000105a S ".gnu.version" SHT_EXT 1879048191 [SHF_ALLOC]
 │ ╙ 0x00001171
 │ ╓ 0x00001174 S ".gnu.version_r" SHT_EXT 1879048190 [SHF_ALLOC]
 │ ╙ 0x000011b3
 │ ╓ 0x000011b4 S ".rela.dyn" SHT_RELA [SHF_ALLOC]
 │ ╙ 0x0000169f
 │ ╓ 0x000016a0 S ".rela.plt" SHT_RELA [SHF_ALLOC,SHF_EXT 64]
 │ ╙ 0x00001bf7
 │ ╓ 0x00001c00 S ".plt" SHT_PROGBITS [SHF_ALLOC,SHF_EXECINSTR]
 │ ╙ 0x0000233f
 │ ╓ 0x00002340 S ".text" SHT_PROGBITS [SHF_ALLOC,SHF_EXECINSTR]
 │ ╙ 0x00012b3f
 │ ╓ 0x00012b40 S ".rodata" SHT_PROGBITS [SHF_ALLOC]
 │ ╙ 0x000165a3
 │┌─ 0x000165a4 P PT_EXT 1685382480 [PF_R]
 ││╓ 0x000165a4 S ".eh_frame_hdr" SHT_PROGBITS [SHF_ALLOC]
 ││╙ 0x000165c7
 │└─ 0x000165c7
 │ ╓ 0x000165c8 S ".eh_frame" SHT_PROGBITS [SHF_ALLOC]
 │ ╙ 0x0001661b
 └── 0x0001661b
┌─── 0x00016c84 P PT_LOAD [PF_W,PF_R]
│┌── 0x00016c84 P PT_EXT 1685382482 [PF_R]
││ ╓ 0x00016c84 S ".preinit_array" SHT_EXT 16 [SHF_WRITE,SHF_ALLOC]
││ ╙ 0x00016c87
││ ╓ 0x00016c88 S ".init_array" SHT_EXT 14 [SHF_WRITE,SHF_ALLOC]
││ ╙ 0x00016c8b
││ ╓ 0x00016c8c S ".fini_array" SHT_EXT 15 [SHF_WRITE,SHF_ALLOC]
││ ╙ 0x00016c8f
││ ╓ 0x00016c90 S ".data.rel.ro" SHT_PROGBITS [SHF_WRITE,SHF_ALLOC]
││ ╙ 0x00016f07
││┌─ 0x00016f08 P PT_DYNAMIC [PF_W,PF_R]
│││╓ 0x00016f08 S ".dynamic" SHT_DYNAMIC [SHF_WRITE,SHF_ALLOC]
│││╙ 0x00016fff
││└─ 0x00016fff
│└── 0x00016fff
│  ╓ 0x00017000 S ".data" SHT_PROGBITS [SHF_WRITE,SHF_ALLOC]
│  ╙ 0x0001709b
│  ╓ 0x0001709c S ".got" SHT_PROGBITS [SHF_WRITE,SHF_ALLOC]
│  ╙ 0x000172cf
└─── 0x000172cf
   - 0x000172d0 S ".bss" SHT_NOBITS [SHF_WRITE,SHF_ALLOC]
   ╓ 0x000172d0 S ".shstrtab" SHT_STRTAB []
   ╙ 0x000173ad
   ┎ 0x000173b0 ST (24)
   ┖ 0x0001776f