segment {
    Type:     PT_LOAD
    Flags:    0x00000005
    VirtAddr: 0x0000000000000000
    PhysAddr: 0x0000000000000000
    MemSize:  0x000000000000d850
    Align:    0x0000000000010000
    Data:     
        segment {
            Type:     PT_EXT 1685382481
            Flags:    0x00000006
            VirtAddr: 0x0000000000000000
            PhysAddr: 0x0000000000000000
            MemSize:  0x0000000000000000
            Align:    0x0000000000000010
            Data:     
        }
        header {
            Class:      ELFCLASS64
            Data:       ELFDATA2LSB
            OSABI:      ELFOSABI_SYSV
            ABIVersion: 0
            Type:       ET_DYN
            Machine:    EM_EXT 183
            Entry:      0x0000000000002e14
            Flags:      0x00000000
        }
        segment {
            Type:     PT_PHDR
            Flags:    0x00000004
            VirtAddr: 0x0000000000000040
            PhysAddr: 0x0000000000000040
            MemSize:  0x00000000000001f8
            Align:    0x0000000000000008
            Data:     
                segment table
        }
        segment {
            Type:     PT_INTERP
            Flags:    0x00000004
            VirtAddr: 0x0000000000000238
            PhysAddr: 0x0000000000000238
            MemSize:  0x000000000000001b
            Align:    0x0000000000000001
            Data:     
                section ".interp" {
                    Type:      SHT_PROGBITS
                    Flags:     0x0000000000000002
                    Addr:      0x0000000000000238
                    AddrAlign: 0x0000000000000001
                    EntSize:   0x0000000000000000
                }
        }
        segment {
            Type:     PT_NOTE
            Flags:    0x00000004
            VirtAddr: 0x0000000000000254
            PhysAddr: 0x0000000000000254
            MemSize:  0x0000000000000044
            Align:    0x0000000000000004
            Data:     
                section ".note.gnu.build-id" {
                    Type:      SHT_NOTE
                    Flags:     0x0000000000000002
                    Addr:      0x0000000000000254
                    AddrAlign: 0x0000000000000004
                    EntSize:   0x0000000000000000
                }
                section ".note.ABI-tag" {
                    Type:      SHT_NOTE
                    Flags:     0x0000000000000002
                    Addr:      0x0000000000000278
                    AddrAlign: 0x0000000000000004
                    EntSize:   0x0000000000000000
                }
        }
        section ".gnu.hash" {
            Type:      SHT_EXT 1879048182
            Flags:     0x0000000000000002
            Addr:      0x0000000000000298
            AddrAlign: 0x0000000000000008
            EntSize:   0x0000000000000000
        }
        symbol table section ".dynsym" {
            Type:  SHT_DYNSYM
            Flags: 0x0000000000000002
            Data:  
        }
        section ".dynstr" {
            Type:      SHT_STRTAB
            Flags:     0x0000000000000002
            Addr:      0x00000000000009d8
            AddrAlign: 0x0000000000000001
            EntSize:   0x0000000000000000
        }
        section ".gnu.version" {
            Type:      SHT_EXT 1879048191
            Flags:     0x0000000000000002
            Addr:      0x0000000000000cec
            AddrAlign: 0x0000000000000002
            EntSize:   0x0000000000000002
        }
        section ".gnu.version_r" {
            Type:      SHT_EXT 1879048190
            Flags:     0x0000000000000002
            Addr:      0x0000000000000d88
            AddrAlign: 0x0000000000000008
            EntSize:   0x0000000000000000
        }
        section ".rela.dyn" {
            Type:      SHT_RELA
            Flags:     0x0000000000000002
            Addr:      0x0000000000000dc8
            AddrAlign: 0x0000000000000008
            EntSize:   0x0000000000000018
        }
        section ".rela.plt" {
            Type:      SHT_RELA
            Flags:     0x0000000000000042
            Addr:      0x0000000000001d40
            AddrAlign: 0x0000000000000008
            EntSize:   0x0000000000000018
        }
        section ".init" {
            Type:      SHT_PROGBITS
            Flags:     0x0000000000000006
            Addr:      0x0000000000001d88
            AddrAlign: 0x0000000000000004
            EntSize:   0x0000000000000000
        }
        section ".plt" {
            Type:      SHT_PROGBITS
            Flags:     0x0000000000000006
            Addr:      0x0000000000001da0
            AddrAlign: 0x0000000000000010
            EntSize:   0x0000000000000010
        }
        section ".text" {
            Type:      SHT_PROGBITS
            Flags:     0x0000000000000006
            Addr:      0x0000000000001df0
            AddrAlign: 0x0000000000000008
            EntSize:   0x0000000000000000
        }
        section ".fini" {
            Type:      SHT_PROGBITS
            Flags:     0x0000000000000006
            Addr:      0x000000000000a918
            AddrAlign: 0x0000000000000004
            EntSize:   0x0000000000000000
        }
        section ".rodata" {
            Type:      SHT_PROGBITS
            Flags:     0x0000000000000002
            Addr:      0x000000000000a928
            AddrAlign: 0x0000000000000008
            EntSize:   0x0000000000000000
        }
        segment {
            Type:     PT_EXT 1685382480
            Flags:    0x00000004
            VirtAddr: 0x000000000000bc28
            PhysAddr: 0x000000000000bc28
            MemSize:  0x0000000000000494
            Align:    0x0000000000000004
            Data:     
                section ".eh_frame_hdr" {
                    Type:      SHT_PROGBITS
                    Flags:     0x0000000000000002
                    Addr:      0x000000000000bc28
                    AddrAlign: 0x0000000000000004
                    EntSize:   0x0000000000000000
                }
        }
        section ".eh_frame" {
            Type:      SHT_PROGBITS
            Flags:     0x0000000000000002
            Addr:      0x000000000000c0c0
            AddrAlign: 0x0000000000000008
            EntSize:   0x0000000000000000
        }
}
segment {
    Type:     PT_LOAD
    Flags:    0x00000006
    VirtAddr: 0x000000000001e808
    PhysAddr: 0x000000000001e808
    MemSize:  0x0000000000000a78
    Align:    0x0000000000010000
    Data:     
        segment {
            Type:     PT_EXT 1685382482
            Flags:    0x00000004
            VirtAddr: 0x000000000001e808
            PhysAddr: 0x000000000001e808
            MemSize:  0x00000000000007f8
            Align:    0x0000000000000001
            Data:     
                section ".init_array" {
                    Type:      SHT_EXT 14
                    Flags:     0x0000000000000003
                    Addr:      0x000000000001e808
                    AddrAlign: 0x0000000000000008
                    EntSize:   0x0000000000000008
                }
                section ".fini_array" {
                    Type:      SHT_EXT 15
                    Flags:     0x0000000000000003
                    Addr:      0x000000000001e810
                    AddrAlign: 0x0000000000000008
                    EntSize:   0x0000000000000008
                }
                section ".data.rel.ro" {
                    Type:      SHT_PROGBITS
                    Flags:     0x0000000000000003
                    Addr:      0x000000000001e818
                    AddrAlign: 0x0000000000000008
                    EntSize:   0x0000000000000000
                }
                segment {
                    Type:     PT_DYNAMIC
                    Flags:    0x00000006
                    VirtAddr: 0x000000000001e9d0
                    PhysAddr: 0x000000000001e9d0
                    MemSize:  0x0000000000000200
                    Align:    0x0000000000000008
                    Data:     
                        section ".dynamic" {
                            Type:      SHT_DYNAMIC
                            Flags:     0x0000000000000003
                            Addr:      0x000000000001e9d0
                            AddrAlign: 0x0000000000000008
                            EntSize:   0x0000000000000010
                        }
                }
                section ".got" {
                    Type:      SHT_PROGBITS
                    Flags:     0x0000000000000003
                    Addr:      0x000000000001ebd0
                    AddrAlign: 0x0000000000000008
                    EntSize:   0x0000000000000008
                }
        }
        section ".data" {
            Type:      SHT_PROGBITS
            Flags:     0x0000000000000003
            Addr:      0x000000000001f000
            AddrAlign: 0x0000000000000008
            EntSize:   0x0000000000000000
        }
}
section ".bss" {
    Type:      SHT_NOBITS
    Flags:     0x0000000000000003
    Addr:      0x000000000001f0f0
    AddrAlign: 0x0000000000000008
    EntSize:   0x0000000000000000
}
section ".comment" {
    Type:      SHT_PROGBITS
    Flags:     0x0000000000000030
    Addr:      0x0000000000000000
    AddrAlign: 0x0000000000000001
    EntSize:   0x0000000000000001
}
string section
section table