Header:   Class:      ELFCLASS64
          Data:       ELFDATA2LSB
          OSABI:      ELFOSABI_SYSV
          ABIVersion: 0
          Type:       ET_DYN
          Machine:    EM_EXT 183
          Entry:      0x0000000000002e14
          PhOff:      0x0000000000000040
          ShOff:      0x000000000000f228
          Flags:      0x00000000
          PhEntSize:  0x0038
          PhNum:      9
          ShEntSize:  0x0040
          ShNum:      27
          ShStrNdx:   26
Sections: - N:         0
            Name:      0
            Type:      SHT_NULL
            Flags:     0x0000000000000000
            Addr:      0x0000000000000000
            Offset:    0x0000000000000000
            Size:      0x0000000000000000
            Link:      0
            Info:      0
            AddrAlign: 0x0000000000000000
            EntSize:   0x0000000000000000
          - N:         1
            Name:      11
            Type:      SHT_PROGBITS
            Flags:     0x0000000000000002
            Addr:      0x0000000000000238
            Offset:    0x0000000000000238
            Size:      0x000000000000001b
            Link:      0
            Info:      0
            AddrAlign: 0x0000000000000001
            EntSize:   0x0000000000000000
          - N:         2
            Name:      19
            Type:      SHT_NOTE
            Flags:     0x0000000000000002
            Addr:      0x0000000000000254
            Offset:    0x0000000000000254
            Size:      0x0000000000000024
            Link:      0
            Info:      0
            AddrAlign: 0x0000000000000004
            EntSize:   0x0000000000000000
          - N:         3
            Name:      38
            Type:      SHT_NOTE
            Flags:     0x0000000000000002
            Addr:      0x0000000000000278
            Offset:    0x0000000000000278
            Size:      0x0000000000000020
            Link:      0
            Info:      0
            AddrAlign: 0x0000000000000004
            EntSize:   0x0000000000000000
          - N:         4
            Name:      52
            Type:      SHT_EXT 1879048182
            Flags:     0x0000000000000002
            Addr:      0x0000000000000298
            Offset:    0x0000000000000298
            Size:      0x000000000000001c
            Link:      5
            Info:      0
            AddrAlign: 0x0000000000000008
            EntSize:   0x0000000000000000
          - N:         5
            Name:      62
            Type:      SHT_DYNSYM
            Flags:     0x0000000000000002
            Addr:      0x00000000000002b8
            Offset:    0x00000000000002b8
            Size:      0x0000000000000720
            Link:      6
            Info:      3
            AddrAlign: 0x0000000000000008
            EntSize:   0x0000000000000018
            Symbols:   
                - Name:  0
                  Info:  0x00
                  Other: 0x00
                  ShNdx: SHN_Undef
                  Value: 0x0000000000000000
                  Size:  0x0000000000000000
                - Name:  0
                  Info:  0x03
                  Other: 0x00
                  ShNdx: SHN_EXT 11
                  Value: 0x0000000000001d88
                  Size:  0x0000000000000000
                - Name:  0
                  Info:  0x03
                  Other: 0x00
                  ShNdx: SHN_EXT 23
                  Value: 0x000000000001f000
                  Size:  0x0000000000000000
                - Name:  49
                  Info:  0x12
                  Other: 0x00
                  ShNdx: SHN_Undef
                  Value: 0x0000000000000000
                  Size:  0x0000000000000000
                - Name:  317
                  Info:  0x12
                  Other: 0x00
                  ShNdx: SHN_Undef
                  Value: 0x0000000000000000
                  Size:  0x0000000000000000
                - Name:  536
                  Info:  0x12
                  Other: 0x00
                  ShNdx: SHN_Undef
                  Value: 0x0000000000000000
                  Size:  0x0000000000000000
                - Name:  169
                  Info:  0x12
                  Other: 0x00
                  ShNdx: SHN_Undef
                  Value: 0x0000000000000000
                  Size:  0x0000000000000000
                - Name:  243
                  Info:  0x12
                  Other: 0x00
                  ShNdx: SHN_Undef
                  Value: 0x0000000000000000
                  Size:  0x0000000000000000
                - Name:  170
                  Info:  0x12
                  Other: 0x00
                  ShNdx: SHN_Undef
                  Value: 0x0000000000000000
                  Size:  0x0000000000000000
                - Name:  106
                  Info:  0x12
                  Other: 0x00
                  ShNdx: SHN_Undef
                  Value: 0x0000000000000000
                  Size:  0x0000000000000000
                - Name:  99
                  Info:  0x12
                  Other: 0x00
                  ShNdx: SHN_Undef
                  Value: 0x0000000000000000
                  Size:  0x0000000000000000
                - Name:  175
                  Info:  0x11
                  Other: 0x00
                  ShNdx: SHN_Undef
                  Value: 0x0000000000000000
                  Size:  0x0000000000000000
                - Name:  719
                  Info:  0x20
                  Other: 0x00
                  ShNdx: SHN_Undef
                  Value: 0x0000000000000000
                  Size:  0x0000000000000000
                - Name:  500
                  Info:  0x22
                  Other: 0x00
                  ShNdx: SHN_Undef
                  Value: 0x0000000000000000
                  Size:  0x0000000000000000
                - Name:  655
                  Info:  0x12
                  Other: 0x00
                  ShNdx: SHN_Undef
                  Value: 0x0000000000000000
                  Size:  0x0000000000000000
                - Name:  406
                  Info:  0x11
                  Other: 0x00
                  ShNdx: SHN_Undef
                  Value: 0x0000000000000000
                  Size:  0x0000000000000000
                - Name:  494
                  Info:  0x12
                  Other: 0x00
                  ShNdx: SHN_Undef
                  Value: 0x0000000000000000
                  Size:  0x0000000000000000
                - Name:  311
                  Info:  0x12
                  Other: 0x00
                  ShNdx: SHN_Undef
                  Value: 0x0000000000000000
                  Size:  0x0000000000000000
                - Name:  448
                  Info:  0x12
                  Other: 0x00
                  ShNdx: SHN_Undef
                  Value: 0x0000000000000000
                  Size:  0x0000000000000000
                - Name:  388
                  Info:  0x11
                  Other: 0x00
                  ShNdx: SHN_Undef
                  Value: 0x0000000000000000
                  Size:  0x0000000000000000
                - Name:  434
                  Info:  0x12
                  Other: 0x00
                  ShNdx: SHN_Undef
                  Value: 0x0000000000000000
                  Size:  0x0000000000000000
                - Name:  639
                  Info:  0x11
                  Other: 0x00
                  ShNdx: SHN_Undef
                  Value: 0x0000000000000000
                  Size:  0x0000000000000000
                - Name:  324
                  Info:  0x12
                  Other: 0x00
                  ShNdx: SHN_Undef
                  Value: 0x0000000000000000
                  Size:  0x0000000000000000
                - Name:  362
                  Info:  0x12
                  Other: 0x00
                  ShNdx: SHN_Undef
                  Value: 0x0000000000000000
                  Size:  0x0000000000000000
                - Name:  331
                  Info:  0x12
                  Other: 0x00
                  ShNdx: SHN_Undef
                  Value: 0x0000000000000000
                  Size:  0x0000000000000000
                - Name:  65
                  Info:  0x11
                  Other: 0x00
                  ShNdx: SHN_Undef
                  Value: 0x0000000000000000
                  Size:  0x0000000000000000
                - Name:  459
                  Info:  0x12
                  Other: 0x00
                  ShNdx: SHN_Undef
                  Value: 0x0000000000000000
                  Size:  0x0000000000000000
                - Name:  57
                  Info:  0x12
                  Other: 0x00
                  ShNdx: SHN_Undef
                  Value: 0x0000000000000000
                  Size:  0x0000000000000000
                - Name:  544
                  Info:  0x12
                  Other: 0x00
                  ShNdx: SHN_Undef
                  Value: 0x0000000000000000
                  Size:  0x0000000000000000
                - Name:  577
                  Info:  0x12
                  Other: 0x00
                  ShNdx: SHN_Undef
                  Value: 0x0000000000000000
                  Size:  0x0000000000000000
                - Name:  304
                  Info:  0x11
                  Other: 0x00
                  ShNdx: SHN_Undef
                  Value: 0x0000000000000000
                  Size:  0x0000000000000000
                - Name:  18
                  Info:  0x12
                  Other: 0x00
                  ShNdx: SHN_Undef
                  Value: 0x0000000000000000
                  Size:  0x0000000000000000
                - Name:  155
                  Info:  0x12
                  Other: 0x00
                  ShNdx: SHN_Undef
                  Value: 0x0000000000000000
                  Size:  0x0000000000000000
                - Name:  250
                  Info:  0x12
                  Other: 0x00
                  ShNdx: SHN_Undef
                  Value: 0x0000000000000000
                  Size:  0x0000000000000000
                - Name:  236
                  Info:  0x12
                  Other: 0x00
                  ShNdx: SHN_Undef
                  Value: 0x0000000000000000
                  Size:  0x0000000000000000
                - Name:  31
                  Info:  0x12
                  Other: 0x00
                  ShNdx: SHN_Undef
                  Value: 0x0000000000000000
                  Size:  0x0000000000000000
                - Name:  147
                  Info:  0x12
                  Other: 0x00
                  ShNdx: SHN_Undef
                  Value: 0x0000000000000000
                  Size:  0x0000000000000000
                - Name:  90
                  Info:  0x12
                  Other: 0x00
                  ShNdx: SHN_Undef
                  Value: 0x0000000000000000
                  Size:  0x0000000000000000
                - Name:  112
                  Info:  0x12
                  Other: 0x00
                  ShNdx: SHN_Undef
                  Value: 0x0000000000000000
                  Size:  0x0000000000000000
                - Name:  325
                  Info:  0x12
                  Other: 0x00
                  ShNdx: SHN_Undef
                  Value: 0x0000000000000000
                  Size:  0x0000000000000000
                - Name:  72
                  Info:  0x12
                  Other: 0x00
                  ShNdx: SHN_Undef
                  Value: 0x0000000000000000
                  Size:  0x0000000000000000
                - Name:  747
                  Info:  0x20
                  Other: 0x00
                  ShNdx: SHN_Undef
                  Value: 0x0000000000000000
                  Size:  0x0000000000000000
                - Name:  690
                  Info:  0x11
                  Other: 0x00
                  ShNdx: SHN_Undef
                  Value: 0x0000000000000000
                  Size:  0x0000000000000000
                - Name:  344
                  Info:  0x12
                  Other: 0x00
                  ShNdx: SHN_Undef
                  Value: 0x0000000000000000
                  Size:  0x0000000000000000
                - Name:  163
                  Info:  0x12
                  Other: 0x00
                  ShNdx: SHN_Undef
                  Value: 0x0000000000000000
                  Size:  0x0000000000000000
                - Name:  354
                  Info:  0x12
                  Other: 0x00
                  ShNdx: SHN_Undef
                  Value: 0x0000000000000000
                  Size:  0x0000000000000000
                - Name:  274
                  Info:  0x12
                  Other: 0x00
                  ShNdx: SHN_Undef
                  Value: 0x0000000000000000
                  Size:  0x0000000000000000
                - Name:  548
                  Info:  0x12
                  Other: 0x00
                  ShNdx: SHN_Undef
                  Value: 0x0000000000000000
                  Size:  0x0000000000000000
                - Name:  413
                  Info:  0x12
                  Other: 0x00
                  ShNdx: SHN_Undef
                  Value: 0x0000000000000000
                  Size:  0x0000000000000000
                - Name:  290
                  Info:  0x12
                  Other: 0x00
                  ShNdx: SHN_Undef
                  Value: 0x0000000000000000
                  Size:  0x0000000000000000
                - Name:  570
                  Info:  0x12
                  Other: 0x00
                  ShNdx: SHN_Undef
                  Value: 0x0000000000000000
                  Size:  0x0000000000000000
                - Name:  374
                  Info:  0x12
                  Other: 0x00
                  ShNdx: SHN_Undef
                  Value: 0x0000000000000000
                  Size:  0x0000000000000000
                - Name:  601
                  Info:  0x12
                  Other: 0x00
                  ShNdx: SHN_Undef
                  Value: 0x0000000000000000
                  Size:  0x0000000000000000
                - Name:  623
                  Info:  0x12
                  Other: 0x00
                  ShNdx: SHN_Undef
                  Value: 0x0000000000000000
                  Size:  0x0000000000000000
                - Name:  213
                  Info:  0x12
                  Other: 0x00
                  ShNdx: SHN_Undef
                  Value: 0x0000000000000000
                  Size:  0x0000000000000000
                - Name:  441
                  Info:  0x12
                  Other: 0x00
                  ShNdx: SHN_Undef
                  Value: 0x0000000000000000
                  Size:  0x0000000000000000
                - Name:  515
                  Info:  0x12
                  Other: 0x00
                  ShNdx: SHN_Undef
                  Value: 0x0000000000000000
                  Size:  0x0000000000000000
                - Name:  11
                  Info:  0x12
                  Other: 0x00
                  ShNdx: SHN_Undef
                  Value: 0x0000000000000000
                  Size:  0x0000000000000000
                - Name:  595
                  Info:  0x12
                  Other: 0x00
                  ShNdx: SHN_Undef
                  Value: 0x0000000000000000
                  Size:  0x0000000000000000
                - Name:  129
                  Info:  0x12
                  Other: 0x00
                  ShNdx: SHN_Undef
                  Value: 0x0000000000000000
                  Size:  0x0000000000000000
                - Name:  628
                  Info:  0x11
                  Other: 0x00
                  ShNdx: SHN_Undef
                  Value: 0x0000000000000000
                  Size:  0x0000000000000000
                - Name:  464
                  Info:  0x11
                  Other: 0x00
                  ShNdx: SHN_Undef
                  Value: 0x0000000000000000
                  Size:  0x0000000000000000
                - Name:  425
                  Info:  0x12
                  Other: 0x00
                  ShNdx: SHN_Undef
                  Value: 0x0000000000000000
                  Size:  0x0000000000000000
                - Name:  80
                  Info:  0x12
                  Other: 0x00
                  ShNdx: SHN_Undef
                  Value: 0x0000000000000000
                  Size:  0x0000000000000000
                - Name:  608
                  Info:  0x12
                  Other: 0x00
                  ShNdx: SHN_Undef
                  Value: 0x0000000000000000
                  Size:  0x0000000000000000
                - Name:  395
                  Info:  0x12
                  Other: 0x00
                  ShNdx: SHN_Undef
                  Value: 0x0000000000000000
                  Size:  0x0000000000000000
                - Name:  762
                  Info:  0x20
                  Other: 0x00
                  ShNdx: SHN_Undef
                  Value: 0x0000000000000000
                  Size:  0x0000000000000000
                - Name:  138
                  Info:  0x12
                  Other: 0x00
                  ShNdx: SHN_Undef
                  Value: 0x0000000000000000
                  Size:  0x0000000000000000
                - Name:  338
                  Info:  0x12
                  Other: 0x00
                  ShNdx: SHN_Undef
                  Value: 0x0000000000000000
                  Size:  0x0000000000000000
                - Name:  521
                  Info:  0x12
                  Other: 0x00
                  ShNdx: SHN_Undef
                  Value: 0x0000000000000000
                  Size:  0x0000000000000000
                - Name:  199
                  Info:  0x12
                  Other: 0x00
                  ShNdx: SHN_Undef
                  Value: 0x0000000000000000
                  Size:  0x0000000000000000
                - Name:  257
                  Info:  0x12
                  Other: 0x00
                  ShNdx: SHN_Undef
                  Value: 0x0000000000000000
                  Size:  0x0000000000000000
                - Name:  528
                  Info:  0x12
                  Other: 0x00
                  ShNdx: SHN_Undef
                  Value: 0x0000000000000000
                  Size:  0x0000000000000000
                - Name:  281
                  Info:  0x12
                  Other: 0x00
                  ShNdx: SHN_Undef
                  Value: 0x0000000000000000
                  Size:  0x0000000000000000
                - Name:  39
                  Info:  0x12
                  Other: 0x00
                  ShNdx: SHN_Undef
                  Value: 0x0000000000000000
                  Size:  0x0000000000000000
                - Name:  559
                  Info:  0x12
                  Other: 0x00
                  ShNdx: SHN_Undef
                  Value: 0x0000000000000000
                  Size:  0x0000000000000000
          - N:         6
            Name:      70
            Type:      SHT_STRTAB
            Flags:     0x0000000000000002
            Addr:      0x00000000000009d8
            Offset:    0x00000000000009d8
            Size:      0x0000000000000314
            Link:      0
            Info:      0
            AddrAlign: 0x0000000000000001
            EntSize:   0x0000000000000000
          - N:         7
            Name:      78
            Type:      SHT_EXT 1879048191
            Flags:     0x0000000000000002
            Addr:      0x0000000000000cec
            Offset:    0x0000000000000cec
            Size:      0x0000000000000098
            Link:      5
            Info:      0
            AddrAlign: 0x0000000000000002
            EntSize:   0x0000000000000002
          - N:         8
            Name:      91
            Type:      SHT_EXT 1879048190
            Flags:     0x0000000000000002
            Addr:      0x0000000000000d88
            Offset:    0x0000000000000d88
            Size:      0x0000000000000040
            Link:      6
            Info:      2
            AddrAlign: 0x0000000000000008
            EntSize:   0x0000000000000000
          - N:         9
            Name:      106
            Type:      SHT_RELA
            Flags:     0x0000000000000002
            Addr:      0x0000000000000dc8
            Offset:    0x0000000000000dc8
            Size:      0x0000000000000f78
            Link:      5
            Info:      0
            AddrAlign: 0x0000000000000008
            EntSize:   0x0000000000000018
          - N:         10
            Name:      116
            Type:      SHT_RELA
            Flags:     0x0000000000000042
            Addr:      0x0000000000001d40
            Offset:    0x0000000000001d40
            Size:      0x0000000000000048
            Link:      5
            Info:      22
            AddrAlign: 0x0000000000000008
            EntSize:   0x0000000000000018
          - N:         11
            Name:      126
            Type:      SHT_PROGBITS
            Flags:     0x0000000000000006
            Addr:      0x0000000000001d88
            Offset:    0x0000000000001d88
            Size:      0x0000000000000014
            Link:      0
            Info:      0
            AddrAlign: 0x0000000000000004
            EntSize:   0x0000000000000000
          - N:         12
            Name:      121
            Type:      SHT_PROGBITS
            Flags:     0x0000000000000006
            Addr:      0x0000000000001da0
            Offset:    0x0000000000001da0
            Size:      0x0000000000000050
            Link:      0
            Info:      0
            AddrAlign: 0x0000000000000010
            EntSize:   0x0000000000000010
          - N:         13
            Name:      132
            Type:      SHT_PROGBITS
            Flags:     0x0000000000000006
            Addr:      0x0000000000001df0
            Offset:    0x0000000000001df0
            Size:      0x0000000000008b28
            Link:      0
            Info:      0
            AddrAlign: 0x0000000000000008
            EntSize:   0x0000000000000000
          - N:         14
            Name:      138
            Type:      SHT_PROGBITS
            Flags:     0x0000000000000006
            Addr:      0x000000000000a918
            Offset:    0x000000000000a918
            Size:      0x0000000000000010
            Link:      0
            Info:      0
            AddrAlign: 0x0000000000000004
            EntSize:   0x0000000000000000
          - N:         15
            Name:      144
            Type:      SHT_PROGBITS
            Flags:     0x0000000000000002
            Addr:      0x000000000000a928
            Offset:    0x000000000000a928
            Size:      0x0000000000001300
            Link:      0
            Info:      0
            AddrAlign: 0x0000000000000008
            EntSize:   0x0000000000000000
          - N:         16
            Name:      152
            Type:      SHT_PROGBITS
            Flags:     0x0000000000000002
            Addr:      0x000000000000bc28
            Offset:    0x000000000000bc28
            Size:      0x0000000000000494
            Link:      0
            Info:      0
            AddrAlign: 0x0000000000000004
            EntSize:   0x0000000000000000
          - N:         17
            Name:      166
            Type:      SHT_PROGBITS
            Flags:     0x0000000000000002
            Addr:      0x000000000000c0c0
            Offset:    0x000000000000c0c0
            Size:      0x0000000000001790
            Link:      0
            Info:      0
            AddrAlign: 0x0000000000000008
            EntSize:   0x0000000000000000
          - N:         18
            Name:      176
            Type:      SHT_EXT 14
            Flags:     0x0000000000000003
            Addr:      0x000000000001e808
            Offset:    0x000000000000e808
            Size:      0x0000000000000008
            Link:      0
            Info:      0
            AddrAlign: 0x0000000000000008
            EntSize:   0x0000000000000008
          - N:         19
            Name:      188
            Type:      SHT_EXT 15
            Flags:     0x0000000000000003
            Addr:      0x000000000001e810
            Offset:    0x000000000000e810
            Size:      0x0000000000000008
            Link:      0
            Info:      0
            AddrAlign: 0x0000000000000008
            EntSize:   0x0000000000000008
          - N:         20
            Name:      200
            Type:      SHT_PROGBITS
            Flags:     0x0000000000000003
            Addr:      0x000000000001e818
            Offset:    0x000000000000e818
            Size:      0x00000000000001b8
            Link:      0
            Info:      0
            AddrAlign: 0x0000000000000008
            EntSize:   0x0000000000000000
          - N:         21
            Name:      213
            Type:      SHT_DYNAMIC
            Flags:     0x0000000000000003
            Addr:      0x000000000001e9d0
            Offset:    0x000000000000e9d0
            Size:      0x0000000000000200
            Link:      6
            Info:      0
            AddrAlign: 0x0000000000000008
            EntSize:   0x0000000000000010
          - N:         22
            Name:      222
            Type:      SHT_PROGBITS
            Flags:     0x0000000000000003
            Addr:      0x000000000001ebd0
            Offset:    0x000000000000ebd0
            Size:      0x0000000000000430
            Link:      0
            Info:      0
            AddrAlign: 0x0000000000000008
            EntSize:   0x0000000000000008
          - N:         23
            Name:      227
            Type:      SHT_PROGBITS
            Flags:     0x0000000000000003
            Addr:      0x000000000001f000
            Offset:    0x000000000000f000
            Size:      0x00000000000000f0
            Link:      0
            Info:      0
            AddrAlign: 0x0000000000000008
            EntSize:   0x0000000000000000
          - N:         24
            Name:      233
            Type:      SHT_NOBITS
            Flags:     0x0000000000000003
            Addr:      0x000000000001f0f0
            Offset:    0x000000000000f0f0
            Size:      0x0000000000000190
            Link:      0
            Info:      0
            AddrAlign: 0x0000000000000008
            EntSize:   0x0000000000000000
          - N:         25
            Name:      238
            Type:      SHT_PROGBITS
            Flags:     0x0000000000000030
            Addr:      0x0000000000000000
            Offset:    0x000000000000f0f0
            Size:      0x000000000000003b
            Link:      0
            Info:      0
            AddrAlign: 0x0000000000000001
            EntSize:   0x0000000000000001
          - N:         26
            Name:      1
            Type:      SHT_STRTAB
            Flags:     0x0000000000000000
            Addr:      0x0000000000000000
            Offset:    0x000000000000f12b
            Size:      0x00000000000000f7
            Link:      0
            Info:      0
            AddrAlign: 0x0000000000000001
            EntSize:   0x0000000000000000
Segments: - N:        0
            Type:     PT_PHDR
            Flags:    0x00000004
            Offset:   0x0000000000000040
            VirtAddr: 0x0000000000000040
            PhysAddr: 0x0000000000000040
            FileSize: 0x00000000000001f8
            MemSize:  0x00000000000001f8
            Align:    0x0000000000000008
          - N:        1
            Type:     PT_INTERP
            Flags:    0x00000004
            Offset:   0x0000000000000238
            VirtAddr: 0x0000000000000238
            PhysAddr: 0x0000000000000238
            FileSize: 0x000000000000001b
            MemSize:  0x000000000000001b
            Align:    0x0000000000000001
          - N:        2
            Type:     PT_LOAD
            Flags:    0x00000005
            Offset:   0x0000000000000000
            VirtAddr: 0x0000000000000000
            PhysAddr: 0x0000000000000000
            FileSize: 0x000000000000d850
            MemSize:  0x000000000000d850
            Align:    0x0000000000010000
          - N:        3
            Type:     PT_LOAD
            Flags:    0x00000006
            Offset:   0x000000000000e808
            VirtAddr: 0x000000000001e808
            PhysAddr: 0x000000000001e808
            FileSize: 0x00000000000008e8
            MemSize:  0x0000000000000a78
            Align:    0x0000000000010000
          - N:        4
            Type:     PT_DYNAMIC
            Flags:    0x00000006
            Offset:   0x000000000000e9d0
            VirtAddr: 0x000000000001e9d0
            PhysAddr: 0x000000000001e9d0
            FileSize: 0x0000000000000200
            MemSize:  0x0000000000000200
            Align:    0x0000000000000008
          - N:        5
            Type:     PT_NOTE
            Flags:    0x00000004
            Offset:   0x0000000000000254
            VirtAddr: 0x0000000000000254
            PhysAddr: 0x0000000000000254
            FileSize: 0x0000000000000044
            MemSize:  0x0000000000000044
            Align:    0x0000000000000004
          - N:        6
            Type:     PT_EXT 1685382480
            Flags:    0x00000004
            Offset:   0x000000000000bc28
            VirtAddr: 0x000000000000bc28
            PhysAddr: 0x000000000000bc28
            FileSize: 0x0000000000000494
            MemSize:  0x0000000000000494
            Align:    0x0000000000000004
          - N:        7
            Type:     PT_EXT 1685382481
            Flags:    0x00000006
            Offset:   0x0000000000000000
            VirtAddr: 0x0000000000000000
            PhysAddr: 0x0000000000000000
            FileSize: 0x0000000000000000
            MemSize:  0x0000000000000000
            Align:    0x0000000000000010
          - N:        8
            Type:     PT_EXT 1685382482
            Flags:    0x00000004
            Offset:   0x000000000000e808
            VirtAddr: 0x000000000001e808
            PhysAddr: 0x000000000001e808
            FileSize: 0x00000000000007f8
            MemSize:  0x00000000000007f8
            Align:    0x0000000000000001