header {
    Class:      ELFCLASS64
    Data:       ELFDATA2LSB
    OSABI:      ELFOSABI_SYSV
    ABIVersion: 0
    Type:       ET_REL
    Machine:    EM_EXT 183
    Entry:      0x0000000000000000
    Flags:      0x00000000
}
section name {
    Type:      SHT_PROGBITS
    Flags:     0x0000000000000006
    Addr:      0x0000000000000000
    AddrAlign: 0x0000000000000004
    EntSize:   0x0000000000000000
}
section name {
    Type:      SHT_PROGBITS
    Flags:     0x0000000000000006
    Addr:      0x0000000000000000
    AddrAlign: 0x0000000000000004
    EntSize:   0x0000000000000000
}
section name {
    Type:      SHT_SYMTAB
    Flags:     0x0000000000000000
    Addr:      0x0000000000000000
    AddrAlign: 0x0000000000000008
    EntSize:   0x0000000000000018
}
section name {
    Type:      SHT_STRTAB
    Flags:     0x0000000000000000
    Addr:      0x0000000000000000
    AddrAlign: 0x0000000000000001
    EntSize:   0x0000000000000000
}
section name {
    Type:      SHT_STRTAB
    Flags:     0x0000000000000000
    Addr:      0x0000000000000000
    AddrAlign: 0x0000000000000001
    EntSize:   0x0000000000000000
}
section table