segment {
    Type:     PT_EXT 1685382481
    Flags:    0x00000006
    VirtAddr: 0x0000000000000000
    PhysAddr: 0x0000000000000000
    MemSize:  0x0000000000000000
    Align:    0x0000000000000010
    Data:     
}
segment {
    Type:     PT_LOAD
    Flags:    0x00000005
    VirtAddr: 0x0000000000000000
    PhysAddr: 0x0000000000000000
    MemSize:  0x000000000001eef8
    Align:    0x0000000000010000
    Data:     
        header {
            Class:      ELFCLASS64
            Data:       ELFDATA2LSB
            OSABI:      ELFOSABI_SYSV
            ABIVersion: 0
            Type:       ET_DYN
            Machine:    EM_EXT 183
            Entry:      0x0000000000001180
            Flags:      0x00000000
        }
        segment table
        segment {
            Type:     PT_NOTE
            Flags:    0x00000004
            VirtAddr: 0x00000000000001c8
            PhysAddr: 0x00000000000001c8
            MemSize:  0x0000000000000024
            Align:    0x0000000000000004
            Data:     
                section ".note.gnu.build-id" {
                    Type:      SHT_NOTE
                    Flags:     0x0000000000000002
                    Addr:      0x00000000000001c8
                    AddrAlign: 0x0000000000000004
                    EntSize:   0x0000000000000000
                }
        }
        section ".hash" {
            Type:      SHT_HASH
            Flags:     0x0000000000000002
            Addr:      0x00000000000001f0
            AddrAlign: 0x0000000000000008
            EntSize:   0x0000000000000004
        }
        section ".gnu.hash" {
            Type:      SHT_EXT 1879048182
            Flags:     0x0000000000000002
            Addr:      0x0000000000000358
            AddrAlign: 0x0000000000000008
            EntSize:   0x0000000000000000
        }
        symbol table section ".dynsym" {
            Type:  SHT_DYNSYM
            Flags: 0x0000000000000002
            Data:  
        }
        section ".dynstr" {
            Type:      SHT_STRTAB
            Flags:     0x0000000000000002
            Addr:      0x0000000000000828
            AddrAlign: 0x0000000000000001
            EntSize:   0x0000000000000000
        }
        section ".gnu.version" {
            Type:      SHT_EXT 1879048191
            Flags:     0x0000000000000002
            Addr:      0x0000000000000a58
            AddrAlign: 0x0000000000000002
            EntSize:   0x0000000000000002
        }
        section ".gnu.version_d" {
            Type:      SHT_EXT 1879048189
            Flags:     0x0000000000000002
            Addr:      0x0000000000000aa0
            AddrAlign: 0x0000000000000008
            EntSize:   0x0000000000000000
        }
        section ".rela.dyn" {
            Type:      SHT_RELA
            Flags:     0x0000000000000002
            Addr:      0x0000000000000b00
            AddrAlign: 0x0000000000000008
            EntSize:   0x0000000000000018
        }
        section ".rela.plt" {
            Type:      SHT_RELA
            Flags:     0x0000000000000042
            Addr:      0x0000000000000fc8
            AddrAlign: 0x0000000000000008
            EntSize:   0x0000000000000018
        }
        section ".plt" {
            Type:      SHT_PROGBITS
            Flags:     0x0000000000000006
            Addr:      0x00000000000010a0
            AddrAlign: 0x0000000000000010
            EntSize:   0x0000000000000010
        }
        section ".text" {
            Type:      SHT_PROGBITS
            Flags:     0x0000000000000006
            Addr:      0x0000000000001180
            AddrAlign: 0x0000000000000040
            EntSize:   0x0000000000000000
        }
        section ".rodata" {
            Type:      SHT_PROGBITS
            Flags:     0x0000000000000002
            Addr:      0x00000000000180a8
            AddrAlign: 0x0000000000000008
            EntSize:   0x0000000000000000
        }
        segment {
            Type:     PT_EXT 1685382480
            Flags:    0x00000004
            VirtAddr: 0x000000000001c160
            PhysAddr: 0x000000000001c160
            MemSize:  0x000000000000069c
            Align:    0x0000000000000004
            Data:     
                section ".eh_frame_hdr" {
                    Type:      SHT_PROGBITS
                    Flags:     0x0000000000000002
                    Addr:      0x000000000001c160
                    AddrAlign: 0x0000000000000004
                    EntSize:   0x0000000000000000
                }
        }
        section ".eh_frame" {
            Type:      SHT_PROGBITS
            Flags:     0x0000000000000002
            Addr:      0x000000000001c800
            AddrAlign: 0x0000000000000008
            EntSize:   0x0000000000000000
        }
}
segment {
    Type:     PT_LOAD
    Flags:    0x00000006
    VirtAddr: 0x000000000002f588
    PhysAddr: 0x000000000002f588
    MemSize:  0x0000000000001c10
    Align:    0x0000000000010000
    Data:     
        segment {
            Type:     PT_EXT 1685382482
            Flags:    0x00000004
            VirtAddr: 0x000000000002f588
            PhysAddr: 0x000000000002f588
            MemSize:  0x0000000000000a78
            Align:    0x0000000000000001
            Data:     
                section ".data.rel.ro" {
                    Type:      SHT_PROGBITS
                    Flags:     0x0000000000000003
                    Addr:      0x000000000002f588
                    AddrAlign: 0x0000000000000008
                    EntSize:   0x0000000000000000
                }
                segment {
                    Type:     PT_DYNAMIC
                    Flags:    0x00000006
                    VirtAddr: 0x000000000002fdd0
                    PhysAddr: 0x000000000002fdd0
                    MemSize:  0x0000000000000190
                    Align:    0x0000000000000008
                    Data:     
                        section ".dynamic" {
                            Type:      SHT_DYNAMIC
                            Flags:     0x0000000000000003
                            Addr:      0x000000000002fdd0
                            AddrAlign: 0x0000000000000008
                            EntSize:   0x0000000000000010
                        }
                }
                section ".got" {
                    Type:      SHT_PROGBITS
                    Flags:     0x0000000000000003
                    Addr:      0x000000000002ff60
                    AddrAlign: 0x0000000000000008
                    EntSize:   0x0000000000000008
                }
        }
        section ".data" {
            Type:      SHT_PROGBITS
            Flags:     0x0000000000000003
            Addr:      0x0000000000030000
            AddrAlign: 0x0000000000000008
            EntSize:   0x0000000000000000
        }
}
section ".bss" {
    Type:      SHT_NOBITS
    Flags:     0x0000000000000003
    Addr:      0x0000000000031030
    AddrAlign: 0x0000000000000008
    EntSize:   0x0000000000000000
}
section ".comment" {
    Type:      SHT_PROGBITS
    Flags:     0x0000000000000030
    Addr:      0x0000000000000000
    AddrAlign: 0x0000000000000001
    EntSize:   0x0000000000000001
}
symbol table section ".symtab" {
    Type:  SHT_SYMTAB
    Flags: 0x0000000000000000
    Data:  
}
section ".strtab" {
    Type:      SHT_STRTAB
    Flags:     0x0000000000000000
    Addr:      0x0000000000000000
    AddrAlign: 0x0000000000000001
    EntSize:   0x0000000000000000
}
string section
section table