Header:   Class:      ELFCLASS64
          Data:       ELFDATA2LSB
          OSABI:      ELFOSABI_SYSV
          ABIVersion: 0
          Type:       ET_REL
          Machine:    EM_EXT 183
          Entry:      0x0000000000000000
          PhOff:      0x0000000000000000
          ShOff:      0x0000000000000ff8
          Flags:      0x00000000
          PhEntSize:  0x0000
          PhNum:      0
          ShEntSize:  0x0040
          ShNum:      26
          ShStrNdx:   25
Sections: - N:         0
            Name:      0
            Type:      SHT_NULL
            Flags:     0x0000000000000000
            Addr:      0x0000000000000000
            Offset:    0x0000000000000000
            Size:      0x0000000000000000
            Link:      0
            Info:      0
            AddrAlign: 0x0000000000000000
            EntSize:   0x0000000000000000
          - N:         1
            Name:      27
            Type:      SHT_NOTE
            Flags:     0x0000000000000002
            Addr:      0x0000000000000000
            Offset:    0x0000000000000040
            Size:      0x0000000000000024
            Link:      0
            Info:      0
            AddrAlign: 0x0000000000000004
            EntSize:   0x0000000000000000
          - N:         2
            Name:      46
            Type:      SHT_NOTE
            Flags:     0x0000000000000002
            Addr:      0x0000000000000000
            Offset:    0x0000000000000064
            Size:      0x0000000000000018
            Link:      0
            Info:      0
            AddrAlign: 0x0000000000000004
            EntSize:   0x0000000000000000
          - N:         3
            Name:      58
            Type:      SHT_PROGBITS
            Flags:     0x0000000000000006
            Addr:      0x0000000000000000
            Offset:    0x0000000000000080
            Size:      0x00000000000001ec
            Link:      0
            Info:      0
            AddrAlign: 0x0000000000000008
            EntSize:   0x0000000000000000
          - N:         4
            Name:      69
            Type:      SHT_PROGBITS
            Flags:     0x0000000000000002
            Addr:      0x0000000000000000
            Offset:    0x000000000000026c
            Size:      0x000000000000000c
            Link:      0
            Info:      0
            AddrAlign: 0x0000000000000004
            EntSize:   0x0000000000000000
          - N:         5
            Name:      64
            Type:      SHT_RELA
            Flags:     0x0000000000000040
            Addr:      0x0000000000000000
            Offset:    0x0000000000000d60
            Size:      0x0000000000000048
            Link:      23
            Info:      4
            AddrAlign: 0x0000000000000008
            EntSize:   0x0000000000000018
          - N:         6
            Name:      79
            Type:      SHT_PROGBITS
            Flags:     0x0000000000000032
            Addr:      0x0000000000000000
            Offset:    0x0000000000000278
            Size:      0x000000000000000f
            Link:      0
            Info:      0
            AddrAlign: 0x0000000000000008
            EntSize:   0x0000000000000001
          - N:         7
            Name:      99
            Type:      SHT_PROGBITS
            Flags:     0x0000000000000002
            Addr:      0x0000000000000000
            Offset:    0x0000000000000288
            Size:      0x0000000000000038
            Link:      0
            Info:      0
            AddrAlign: 0x0000000000000008
            EntSize:   0x0000000000000000
          - N:         8
            Name:      94
            Type:      SHT_RELA
            Flags:     0x0000000000000040
            Addr:      0x0000000000000000
            Offset:    0x0000000000000da8
            Size:      0x0000000000000078
            Link:      23
            Info:      7
            AddrAlign: 0x0000000000000008
            EntSize:   0x0000000000000018
          - N:         9
            Name:      107
            Type:      SHT_PROGBITS
            Flags:     0x0000000000000002
            Addr:      0x0000000000000000
            Offset:    0x00000000000002c0
            Size:      0x00000000000000a2
            Link:      0
            Info:      0
            AddrAlign: 0x0000000000000001
            EntSize:   0x0000000000000000
          - N:         10
            Name:      116
            Type:      SHT_PROGBITS
            Flags:     0x0000000000000002
            Addr:      0x0000000000000000
            Offset:    0x0000000000000362
            Size:      0x0000000000000016
            Link:      0
            Info:      0
            AddrAlign: 0x0000000000000001
            EntSize:   0x0000000000000000
          - N:         11
            Name:      139
            Type:      SHT_PROGBITS
            Flags:     0x0000000000000002
            Addr:      0x0000000000000000
            Offset:    0x0000000000000378
            Size:      0x0000000000000064
            Link:      0
            Info:      0
            AddrAlign: 0x0000000000000008
            EntSize:   0x0000000000000000
          - N:         12
            Name:      134
            Type:      SHT_RELA
            Flags:     0x0000000000000040
            Addr:      0x0000000000000000
            Offset:    0x0000000000000e20
            Size:      0x0000000000000060
            Link:      23
            Info:      11
            AddrAlign: 0x0000000000000008
            EntSize:   0x0000000000000018
          - N:         13
            Name:      149
            Type:      SHT_PROGBITS
            Flags:     0x0000000000000003
            Addr:      0x0000000000000000
            Offset:    0x00000000000003dc
            Size:      0x0000000000000000
            Link:      0
            Info:      0
            AddrAlign: 0x0000000000000001
            EntSize:   0x0000000000000000
          - N:         14
            Name:      160
            Type:      SHT_PROGBITS
            Flags:     0x0000000000000003
            Addr:      0x0000000000000000
            Offset:    0x00000000000003dc
            Size:      0x0000000000000020
            Link:      0
            Info:      0
            AddrAlign: 0x0000000000000001
            EntSize:   0x0000000000000000
          - N:         15
            Name:      155
            Type:      SHT_RELA
            Flags:     0x0000000000000040
            Addr:      0x0000000000000000
            Offset:    0x0000000000000e80
            Size:      0x0000000000000060
            Link:      23
            Info:      14
            AddrAlign: 0x0000000000000008
            EntSize:   0x0000000000000018
          - N:         16
            Name:      189
            Type:      SHT_PROGBITS
            Flags:     0x0000000000000003
            Addr:      0x0000000000000000
            Offset:    0x0000000000000400
            Size:      0x0000000000000340
            Link:      0
            Info:      0
            AddrAlign: 0x0000000000000040
            EntSize:   0x0000000000000000
          - N:         17
            Name:      220
            Type:      SHT_NOBITS
            Flags:     0x0000000000000003
            Addr:      0x0000000000000340
            Offset:    0x0000000000000740
            Size:      0x0000000000000001
            Link:      0
            Info:      0
            AddrAlign: 0x0000000000000001
            EntSize:   0x0000000000000000
          - N:         18
            Name:      215
            Type:      SHT_NOBITS
            Flags:     0x0000000000000003
            Addr:      0x0000000000000341
            Offset:    0x0000000000000740
            Size:      0x0000000000000001
            Link:      0
            Info:      0
            AddrAlign: 0x0000000000000001
            EntSize:   0x0000000000000000
          - N:         19
            Name:      225
            Type:      SHT_NOBITS
            Flags:     0x0000000000000003
            Addr:      0x0000000000000342
            Offset:    0x0000000000000740
            Size:      0x0000000000000001
            Link:      0
            Info:      0
            AddrAlign: 0x0000000000000001
            EntSize:   0x0000000000000000
          - N:         20
            Name:      249
            Type:      SHT_NOBITS
            Flags:     0x0000000000000003
            Addr:      0x0000000000000000
            Offset:    0x0000000000000740
            Size:      0x0000000000000000
            Link:      0
            Info:      0
            AddrAlign: 0x0000000000000001
            EntSize:   0x0000000000000000
          - N:         21
            Name:      254
            Type:      SHT_PROGBITS
            Flags:     0x0000000000000030
            Addr:      0x0000000000000000
            Offset:    0x0000000000000740
            Size:      0x0000000000000056
            Link:      0
            Info:      0
            AddrAlign: 0x0000000000000001
            EntSize:   0x0000000000000001
          - N:         22
            Name:      263
            Type:      SHT_PROGBITS
            Flags:     0x0000000000000000
            Addr:      0x0000000000000000
            Offset:    0x0000000000000796
            Size:      0x0000000000000000
            Link:      0
            Info:      0
            AddrAlign: 0x0000000000000001
            EntSize:   0x0000000000000000
          - N:         23
            Name:      1
            Type:      SHT_SYMTAB
            Flags:     0x0000000000000000
            Addr:      0x0000000000000000
            Offset:    0x0000000000000798
            Size:      0x0000000000000450
            Link:      24
            Info:      40
            AddrAlign: 0x0000000000000008
            EntSize:   0x0000000000000018
            Symbols:   
                - Name:  0
                  Info:  0x00
                  Other: 0x00
                  ShNdx: SHN_Undef
                  Value: 0x0000000000000000
                  Size:  0x0000000000000000
                - Name:  0
                  Info:  0x03
                  Other: 0x00
                  ShNdx: SHN_EXT 1
                  Value: 0x0000000000000000
                  Size:  0x0000000000000000
                - Name:  0
                  Info:  0x03
                  Other: 0x00
                  ShNdx: SHN_EXT 2
                  Value: 0x0000000000000000
                  Size:  0x0000000000000000
                - Name:  0
                  Info:  0x03
                  Other: 0x00
                  ShNdx: SHN_EXT 3
                  Value: 0x0000000000000000
                  Size:  0x0000000000000000
                - Name:  0
                  Info:  0x03
                  Other: 0x00
                  ShNdx: SHN_EXT 4
                  Value: 0x0000000000000000
                  Size:  0x0000000000000000
                - Name:  0
                  Info:  0x03
                  Other: 0x00
                  ShNdx: SHN_EXT 6
                  Value: 0x0000000000000000
                  Size:  0x0000000000000000
                - Name:  0
                  Info:  0x03
                  Other: 0x00
                  ShNdx: SHN_EXT 7
                  Value: 0x0000000000000000
                  Size:  0x0000000000000000
                - Name:  0
                  Info:  0x03
                  Other: 0x00
                  ShNdx: SHN_EXT 9
                  Value: 0x0000000000000000
                  Size:  0x0000000000000000
                - Name:  0
                  Info:  0x03
                  Other: 0x00
                  ShNdx: SHN_EXT 10
                  Value: 0x0000000000000000
                  Size:  0x0000000000000000
                - Name:  0
                  Info:  0x03
                  Other: 0x00
                  ShNdx: SHN_EXT 11
                  Value: 0x0000000000000000
                  Size:  0x0000000000000000
                - Name:  0
                  Info:  0x03
                  Other: 0x00
                  ShNdx: SHN_EXT 13
                  Value: 0x0000000000000000
                  Size:  0x0000000000000000
                - Name:  0
                  Info:  0x03
                  Other: 0x00
                  ShNdx: SHN_EXT 14
                  Value: 0x0000000000000000
                  Size:  0x0000000000000000
                - Name:  0
                  Info:  0x03
                  Other: 0x00
                  ShNdx: SHN_EXT 16
                  Value: 0x0000000000000000
                  Size:  0x0000000000000000
                - Name:  0
                  Info:  0x03
                  Other: 0x00
                  ShNdx: SHN_EXT 17
                  Value: 0x0000000000000000
                  Size:  0x0000000000000000
                - Name:  0
                  Info:  0x03
                  Other: 0x00
                  ShNdx: SHN_EXT 18
                  Value: 0x0000000000000000
                  Size:  0x0000000000000000
                - Name:  0
                  Info:  0x03
                  Other: 0x00
                  ShNdx: SHN_EXT 19
                  Value: 0x0000000000000000
                  Size:  0x0000000000000000
                - Name:  0
                  Info:  0x03
                  Other: 0x00
                  ShNdx: SHN_EXT 20
                  Value: 0x0000000000000000
                  Size:  0x0000000000000000
                - Name:  0
                  Info:  0x03
                  Other: 0x00
                  ShNdx: SHN_EXT 21
                  Value: 0x0000000000000000
                  Size:  0x0000000000000000
                - Name:  0
                  Info:  0x03
                  Other: 0x00
                  ShNdx: SHN_EXT 22
                  Value: 0x0000000000000000
                  Size:  0x0000000000000000
                - Name:  1
                  Info:  0x04
                  Other: 0x00
                  ShNdx: SHN_Abs
                  Value: 0x0000000000000000
                  Size:  0x0000000000000000
                - Name:  16
                  Info:  0x00
                  Other: 0x00
                  ShNdx: SHN_EXT 16
                  Value: 0x0000000000000000
                  Size:  0x0000000000000000
                - Name:  19
                  Info:  0x01
                  Other: 0x00
                  ShNdx: SHN_EXT 9
                  Value: 0x0000000000000055
                  Size:  0x0000000000000009
                - Name:  41
                  Info:  0x01
                  Other: 0x00
                  ShNdx: SHN_EXT 9
                  Value: 0x000000000000005e
                  Size:  0x0000000000000009
                - Name:  62
                  Info:  0x01
                  Other: 0x00
                  ShNdx: SHN_EXT 9
                  Value: 0x0000000000000067
                  Size:  0x000000000000000e
                - Name:  81
                  Info:  0x01
                  Other: 0x00
                  ShNdx: SHN_EXT 9
                  Value: 0x0000000000000075
                  Size:  0x000000000000002d
                - Name:  16
                  Info:  0x00
                  Other: 0x00
                  ShNdx: SHN_EXT 2
                  Value: 0x0000000000000000
                  Size:  0x0000000000000000
                - Name:  104
                  Info:  0x01
                  Other: 0x00
                  ShNdx: SHN_EXT 2
                  Value: 0x0000000000000000
                  Size:  0x0000000000000018
                - Name:  112
                  Info:  0x04
                  Other: 0x00
                  ShNdx: SHN_Abs
                  Value: 0x0000000000000000
                  Size:  0x0000000000000000
                - Name:  16
                  Info:  0x00
                  Other: 0x00
                  ShNdx: SHN_EXT 4
                  Value: 0x0000000000000000
                  Size:  0x0000000000000000
                - Name:  123
                  Info:  0x00
                  Other: 0x00
                  ShNdx: SHN_EXT 4
                  Value: 0x0000000000000000
                  Size:  0x0000000000000000
                - Name:  154
                  Info:  0x01
                  Other: 0x00
                  ShNdx: SHN_EXT 10
                  Value: 0x0000000000000001
                  Size:  0x0000000000000015
                - Name:  185
                  Info:  0x01
                  Other: 0x00
                  ShNdx: SHN_EXT 10
                  Value: 0x0000000000000000
                  Size:  0x0000000000000001
                - Name:  218
                  Info:  0x00
                  Other: 0x00
                  ShNdx: SHN_EXT 3
                  Value: 0x0000000000000000
                  Size:  0x0000000000000000
                - Name:  16
                  Info:  0x00
                  Other: 0x00
                  ShNdx: SHN_EXT 6
                  Value: 0x0000000000000000
                  Size:  0x0000000000000000
                - Name:  16
                  Info:  0x00
                  Other: 0x00
                  ShNdx: SHN_EXT 7
                  Value: 0x0000000000000000
                  Size:  0x0000000000000000
                - Name:  221
                  Info:  0x01
                  Other: 0x00
                  ShNdx: SHN_EXT 9
                  Value: 0x0000000000000000
                  Size:  0x000000000000000c
                - Name:  243
                  Info:  0x01
                  Other: 0x00
                  ShNdx: SHN_EXT 9
                  Value: 0x000000000000000c
                  Size:  0x0000000000000021
                - Name:  269
                  Info:  0x01
                  Other: 0x00
                  ShNdx: SHN_EXT 9
                  Value: 0x000000000000002d
                  Size:  0x0000000000000028
                - Name:  16
                  Info:  0x00
                  Other: 0x00
                  ShNdx: SHN_EXT 10
                  Value: 0x0000000000000000
                  Size:  0x0000000000000000
                - Name:  16
                  Info:  0x00
                  Other: 0x00
                  ShNdx: SHN_EXT 11
                  Value: 0x0000000000000014
                  Size:  0x0000000000000000
                - Name:  290
                  Info:  0x11
                  Other: 0x00
                  ShNdx: SHN_EXT 16
                  Value: 0x0000000000000000
                  Size:  0x0000000000000340
                - Name:  304
                  Info:  0x12
                  Other: 0x00
                  ShNdx: SHN_EXT 3
                  Value: 0x0000000000000050
                  Size:  0x000000000000006c
                - Name:  321
                  Info:  0x12
                  Other: 0x00
                  ShNdx: SHN_EXT 3
                  Value: 0x0000000000000148
                  Size:  0x00000000000000a4
                - Name:  133
                  Info:  0x11
                  Other: 0x00
                  ShNdx: SHN_EXT 7
                  Value: 0x0000000000000000
                  Size:  0x0000000000000038
                - Name:  338
                  Info:  0x12
                  Other: 0x00
                  ShNdx: SHN_EXT 3
                  Value: 0x0000000000000000
                  Size:  0x0000000000000050
                - Name:  355
                  Info:  0x12
                  Other: 0x00
                  ShNdx: SHN_EXT 3
                  Value: 0x00000000000000c0
                  Size:  0x0000000000000088
          - N:         24
            Name:      9
            Type:      SHT_STRTAB
            Flags:     0x0000000000000000
            Addr:      0x0000000000000000
            Offset:    0x0000000000000be8
            Size:      0x0000000000000174
            Link:      0
            Info:      0
            AddrAlign: 0x0000000000000001
            EntSize:   0x0000000000000000
          - N:         25
            Name:      17
            Type:      SHT_STRTAB
            Flags:     0x0000000000000000
            Addr:      0x0000000000000000
            Offset:    0x0000000000000ee0
            Size:      0x0000000000000117
            Link:      0
            Info:      0
            AddrAlign: 0x0000000000000001
            EntSize:   0x0000000000000000
Segments: 