header {
    Class:      ELFCLASS64
    Data:       ELFDATA2LSB
    OSABI:      ELFOSABI_SYSV
    ABIVersion: 0
    Type:       ET_REL
    Machine:    EM_EXT 183
    Entry:      0x0000000000000000
    Flags:      0x00000000
}
section ".note.gnu.build-id" {
    Type:      SHT_NOTE
    Flags:     0x0000000000000002
    Addr:      0x0000000000000000
    AddrAlign: 0x0000000000000004
    EntSize:   0x0000000000000000
}
section ".note.Linux" {
    Type:      SHT_NOTE
    Flags:     0x0000000000000002
    Addr:      0x0000000000000000
    AddrAlign: 0x0000000000000004
    EntSize:   0x0000000000000000
}
section ".text" {
    Type:      SHT_PROGBITS
    Flags:     0x0000000000000006
    Addr:      0x0000000000000000
    AddrAlign: 0x0000000000000008
    EntSize:   0x0000000000000000
}
section "__ksymtab" {
    Type:      SHT_PROGBITS
    Flags:     0x0000000000000002
    Addr:      0x0000000000000000
    AddrAlign: 0x0000000000000004
    EntSize:   0x0000000000000000
}
section ".rodata.str1.8" {
    Type:      SHT_PROGBITS
    Flags:     0x0000000000000032
    Addr:      0x0000000000000000
    AddrAlign: 0x0000000000000008
    EntSize:   0x0000000000000001
}
section ".rodata" {
    Type:      SHT_PROGBITS
    Flags:     0x0000000000000002
    Addr:      0x0000000000000000
    AddrAlign: 0x0000000000000008
    EntSize:   0x0000000000000000
}
section ".modinfo" {
    Type:      SHT_PROGBITS
    Flags:     0x0000000000000002
    Addr:      0x0000000000000000
    AddrAlign: 0x0000000000000001
    EntSize:   0x0000000000000000
}
section "__ksymtab_strings" {
    Type:      SHT_PROGBITS
    Flags:     0x0000000000000002
    Addr:      0x0000000000000000
    AddrAlign: 0x0000000000000001
    EntSize:   0x0000000000000000
}
section ".eh_frame" {
    Type:      SHT_PROGBITS
    Flags:     0x0000000000000002
    Addr:      0x0000000000000000
    AddrAlign: 0x0000000000000008
    EntSize:   0x0000000000000000
}
section "__patchable_function_entries" {
    Type:      SHT_PROGBITS
    Flags:     0x0000000000000003
    Addr:      0x0000000000000000
    AddrAlign: 0x0000000000000001
    EntSize:   0x0000000000000000
}
section ".gnu.linkonce.this_module" {
    Type:      SHT_PROGBITS
    Flags:     0x0000000000000003
    Addr:      0x0000000000000000
    AddrAlign: 0x0000000000000040
    EntSize:   0x0000000000000000
}
section ".comment" {
    Type:      SHT_PROGBITS
    Flags:     0x0000000000000030
    Addr:      0x0000000000000000
    AddrAlign: 0x0000000000000001
    EntSize:   0x0000000000000001
}
symbol table section ".symtab" {
    Type:  SHT_SYMTAB
    Flags: 0x0000000000000000
    Data:  
        
}
section ".strtab" {
    Type:      SHT_STRTAB
    Flags:     0x0000000000000000
    Addr:      0x0000000000000000
    AddrAlign: 0x0000000000000001
    EntSize:   0x0000000000000000
}
section ".rela__ksymtab" {
    Type:      SHT_RELA
    Flags:     0x0000000000000040
    Addr:      0x0000000000000000
    AddrAlign: 0x0000000000000008
    EntSize:   0x0000000000000018
}
section ".rela.rodata" {
    Type:      SHT_RELA
    Flags:     0x0000000000000040
    Addr:      0x0000000000000000
    AddrAlign: 0x0000000000000008
    EntSize:   0x0000000000000018
}
section ".rela.eh_frame" {
    Type:      SHT_RELA
    Flags:     0x0000000000000040
    Addr:      0x0000000000000000
    AddrAlign: 0x0000000000000008
    EntSize:   0x0000000000000018
}
section ".rela__patchable_function_entries" {
    Type:      SHT_RELA
    Flags:     0x0000000000000040
    Addr:      0x0000000000000000
    AddrAlign: 0x0000000000000008
    EntSize:   0x0000000000000018
}
string section
section table