Header:   Class:      ELFCLASS64
          Data:       ELFDATA2LSB
          OSABI:      ELFOSABI_SYSV
          ABIVersion: 0
          Type:       ET_REL
          Machine:    EM_X86_64
          Entry:      0x0000000000000000
          PhOff:      0x0000000000000000
          ShOff:      0x00000000000033d0
          Flags:      0x00000000
          PhEntSize:  0x0000
          PhNum:      0
          ShEntSize:  0x0040
          ShNum:      26
          ShStrNdx:   25
Sections: - N:         0
            Name:      0
            Type:      SHT_NULL
            Flags:     0x0000000000000000
            Addr:      0x0000000000000000
            Offset:    0x0000000000000000
            Size:      0x0000000000000000
            Link:      0
            Info:      0
            AddrAlign: 0x0000000000000000
            EntSize:   0x0000000000000000
          - N:         1
            Name:      27
            Type:      SHT_NOTE
            Flags:     0x0000000000000002
            Addr:      0x0000000000000000
            Offset:    0x0000000000000040
            Size:      0x0000000000000024
            Link:      0
            Info:      0
            AddrAlign: 0x0000000000000004
            EntSize:   0x0000000000000000
          - N:         2
            Name:      46
            Type:      SHT_NOTE
            Flags:     0x0000000000000002
            Addr:      0x0000000000000000
            Offset:    0x0000000000000064
            Size:      0x0000000000000018
            Link:      0
            Info:      0
            AddrAlign: 0x0000000000000004
            EntSize:   0x0000000000000000
          - N:         3
            Name:      63
            Type:      SHT_PROGBITS
            Flags:     0x0000000000000006
            Addr:      0x0000000000000000
            Offset:    0x0000000000000080
            Size:      0x0000000000001650
            Link:      0
            Info:      0
            AddrAlign: 0x0000000000000010
            EntSize:   0x0000000000000000
          - N:         4
            Name:      58
            Type:      SHT_RELA
            Flags:     0x0000000000000040
            Addr:      0x0000000000000000
            Offset:    0x0000000000002c10
            Size:      0x00000000000003a8
            Link:      23
            Info:      3
            AddrAlign: 0x0000000000000008
            EntSize:   0x0000000000000018
          - N:         5
            Name:      74
            Type:      SHT_PROGBITS
            Flags:     0x0000000000000006
            Addr:      0x0000000000000000
            Offset:    0x00000000000016d0
            Size:      0x0000000000000040
            Link:      0
            Info:      0
            AddrAlign: 0x0000000000000001
            EntSize:   0x0000000000000000
          - N:         6
            Name:      69
            Type:      SHT_RELA
            Flags:     0x0000000000000040
            Addr:      0x0000000000000000
            Offset:    0x0000000000002fb8
            Size:      0x0000000000000090
            Link:      23
            Info:      5
            AddrAlign: 0x0000000000000008
            EntSize:   0x0000000000000018
          - N:         7
            Name:      90
            Type:      SHT_PROGBITS
            Flags:     0x0000000000000006
            Addr:      0x0000000000000000
            Offset:    0x0000000000001710
            Size:      0x0000000000000018
            Link:      0
            Info:      0
            AddrAlign: 0x0000000000000001
            EntSize:   0x0000000000000000
          - N:         8
            Name:      85
            Type:      SHT_RELA
            Flags:     0x0000000000000040
            Addr:      0x0000000000000000
            Offset:    0x0000000000003048
            Size:      0x0000000000000048
            Link:      23
            Info:      7
            AddrAlign: 0x0000000000000008
            EntSize:   0x0000000000000018
          - N:         9
            Name:      106
            Type:      SHT_PROGBITS
            Flags:     0x0000000000000002
            Addr:      0x0000000000000000
            Offset:    0x0000000000001730
            Size:      0x0000000000000048
            Link:      0
            Info:      0
            AddrAlign: 0x0000000000000010
            EntSize:   0x0000000000000000
          - N:         10
            Name:      101
            Type:      SHT_RELA
            Flags:     0x0000000000000040
            Addr:      0x0000000000000000
            Offset:    0x0000000000003090
            Size:      0x0000000000000090
            Link:      23
            Info:      9
            AddrAlign: 0x0000000000000008
            EntSize:   0x0000000000000018
          - N:         11
            Name:      114
            Type:      SHT_PROGBITS
            Flags:     0x0000000000000012
            Addr:      0x0000000000000000
            Offset:    0x0000000000001780
            Size:      0x0000000000000020
            Link:      0
            Info:      0
            AddrAlign: 0x0000000000000010
            EntSize:   0x0000000000000020
          - N:         12
            Name:      143
            Type:      SHT_PROGBITS
            Flags:     0x0000000000000012
            Addr:      0x0000000000000000
            Offset:    0x00000000000017a0
            Size:      0x0000000000000010
            Link:      0
            Info:      0
            AddrAlign: 0x0000000000000010
            EntSize:   0x0000000000000010
          - N:         13
            Name:      179
            Type:      SHT_PROGBITS
            Flags:     0x0000000000000002
            Addr:      0x0000000000000000
            Offset:    0x00000000000017b0
            Size:      0x0000000000000040
            Link:      0
            Info:      0
            AddrAlign: 0x0000000000000001
            EntSize:   0x0000000000000000
          - N:         14
            Name:      174
            Type:      SHT_RELA
            Flags:     0x0000000000000040
            Addr:      0x0000000000000000
            Offset:    0x0000000000003120
            Size:      0x00000000000000c0
            Link:      23
            Info:      13
            AddrAlign: 0x0000000000000008
            EntSize:   0x0000000000000018
          - N:         15
            Name:      192
            Type:      SHT_PROGBITS
            Flags:     0x0000000000000002
            Addr:      0x0000000000000000
            Offset:    0x00000000000017f0
            Size:      0x0000000000000161
            Link:      0
            Info:      0
            AddrAlign: 0x0000000000000001
            EntSize:   0x0000000000000000
          - N:         16
            Name:      206
            Type:      SHT_PROGBITS
            Flags:     0x0000000000000003
            Addr:      0x0000000000000000
            Offset:    0x0000000000001960
            Size:      0x00000000000001c0
            Link:      0
            Info:      0
            AddrAlign: 0x0000000000000020
            EntSize:   0x0000000000000000
          - N:         17
            Name:      201
            Type:      SHT_RELA
            Flags:     0x0000000000000040
            Addr:      0x0000000000000000
            Offset:    0x00000000000031e0
            Size:      0x00000000000000a8
            Link:      23
            Info:      16
            AddrAlign: 0x0000000000000008
            EntSize:   0x0000000000000018
          - N:         18
            Name:      217
            Type:      SHT_PROGBITS
            Flags:     0x0000000000000003
            Addr:      0x0000000000000000
            Offset:    0x0000000000001b40
            Size:      0x0000000000000380
            Link:      0
            Info:      0
            AddrAlign: 0x0000000000000040
            EntSize:   0x0000000000000000
          - N:         19
            Name:      212
            Type:      SHT_RELA
            Flags:     0x0000000000000040
            Addr:      0x0000000000000000
            Offset:    0x0000000000003288
            Size:      0x0000000000000030
            Link:      23
            Info:      18
            AddrAlign: 0x0000000000000008
            EntSize:   0x0000000000000018
          - N:         20
            Name:      243
            Type:      SHT_NOBITS
            Flags:     0x0000000000000003
            Addr:      0x0000000000000000
            Offset:    0x0000000000001ec0
            Size:      0x0000000000000008
            Link:      0
            Info:      0
            AddrAlign: 0x0000000000000008
            EntSize:   0x0000000000000000
          - N:         21
            Name:      248
            Type:      SHT_PROGBITS
            Flags:     0x0000000000000030
            Addr:      0x0000000000000000
            Offset:    0x0000000000001ec0
            Size:      0x0000000000000026
            Link:      0
            Info:      0
            AddrAlign: 0x0000000000000001
            EntSize:   0x0000000000000001
          - N:         22
            Name:      257
            Type:      SHT_PROGBITS
            Flags:     0x0000000000000004
            Addr:      0x0000000000000000
            Offset:    0x0000000000001ee6
            Size:      0x0000000000000000
            Link:      0
            Info:      0
            AddrAlign: 0x0000000000000001
            EntSize:   0x0000000000000000
          - N:         23
            Name:      1
            Type:      SHT_SYMTAB
            Flags:     0x0000000000000000
            Addr:      0x0000000000000000
            Offset:    0x0000000000001ee8
            Size:      0x0000000000000798
            Link:      24
            Info:      49
            AddrAlign: 0x0000000000000008
            EntSize:   0x0000000000000018
            Symbols:   
                - Name:  0
                  Info:  0x00
                  Other: 0x00
                  ShNdx: SHN_Undef
                  Value: 0x0000000000000000
                  Size:  0x0000000000000000
                - Name:  0
                  Info:  0x03
                  Other: 0x00
                  ShNdx: SHN_EXT 1
                  Value: 0x0000000000000000
                  Size:  0x0000000000000000
                - Name:  0
                  Info:  0x03
                  Other: 0x00
                  ShNdx: SHN_EXT 2
                  Value: 0x0000000000000000
                  Size:  0x0000000000000000
                - Name:  0
                  Info:  0x03
                  Other: 0x00
                  ShNdx: SHN_EXT 3
                  Value: 0x0000000000000000
                  Size:  0x0000000000000000
                - Name:  0
                  Info:  0x03
                  Other: 0x00
                  ShNdx: SHN_EXT 5
                  Value: 0x0000000000000000
                  Size:  0x0000000000000000
                - Name:  0
                  Info:  0x03
                  Other: 0x00
                  ShNdx: SHN_EXT 7
                  Value: 0x0000000000000000
                  Size:  0x0000000000000000
                - Name:  0
                  Info:  0x03
                  Other: 0x00
                  ShNdx: SHN_EXT 9
                  Value: 0x0000000000000000
                  Size:  0x0000000000000000
                - Name:  0
                  Info:  0x03
                  Other: 0x00
                  ShNdx: SHN_EXT 11
                  Value: 0x0000000000000000
                  Size:  0x0000000000000000
                - Name:  0
                  Info:  0x03
                  Other: 0x00
                  ShNdx: SHN_EXT 12
                  Value: 0x0000000000000000
                  Size:  0x0000000000000000
                - Name:  0
                  Info:  0x03
                  Other: 0x00
                  ShNdx: SHN_EXT 13
                  Value: 0x0000000000000000
                  Size:  0x0000000000000000
                - Name:  0
                  Info:  0x03
                  Other: 0x00
                  ShNdx: SHN_EXT 15
                  Value: 0x0000000000000000
                  Size:  0x0000000000000000
                - Name:  0
                  Info:  0x03
                  Other: 0x00
                  ShNdx: SHN_EXT 16
                  Value: 0x0000000000000000
                  Size:  0x0000000000000000
                - Name:  0
                  Info:  0x03
                  Other: 0x00
                  ShNdx: SHN_EXT 18
                  Value: 0x0000000000000000
                  Size:  0x0000000000000000
                - Name:  0
                  Info:  0x03
                  Other: 0x00
                  ShNdx: SHN_EXT 20
                  Value: 0x0000000000000000
                  Size:  0x0000000000000000
                - Name:  0
                  Info:  0x03
                  Other: 0x00
                  ShNdx: SHN_EXT 21
                  Value: 0x0000000000000000
                  Size:  0x0000000000000000
                - Name:  0
                  Info:  0x03
                  Other: 0x00
                  ShNdx: SHN_EXT 22
                  Value: 0x0000000000000000
                  Size:  0x0000000000000000
                - Name:  1
                  Info:  0x04
                  Other: 0x00
                  ShNdx: SHN_Abs
                  Value: 0x0000000000000000
                  Size:  0x0000000000000000
                - Name:  22
                  Info:  0x01
                  Other: 0x00
                  ShNdx: SHN_EXT 15
                  Value: 0x00000000000000d1
                  Size:  0x0000000000000023
                - Name:  47
                  Info:  0x01
                  Other: 0x00
                  ShNdx: SHN_EXT 15
                  Value: 0x00000000000000f4
                  Size:  0x0000000000000014
                - Name:  69
                  Info:  0x01
                  Other: 0x00
                  ShNdx: SHN_EXT 15
                  Value: 0x0000000000000108
                  Size:  0x000000000000000c
                - Name:  93
                  Info:  0x01
                  Other: 0x00
                  ShNdx: SHN_EXT 15
                  Value: 0x0000000000000114
                  Size:  0x0000000000000009
                - Name:  114
                  Info:  0x01
                  Other: 0x00
                  ShNdx: SHN_EXT 15
                  Value: 0x000000000000011d
                  Size:  0x0000000000000014
                - Name:  133
                  Info:  0x01
                  Other: 0x00
                  ShNdx: SHN_EXT 15
                  Value: 0x0000000000000131
                  Size:  0x0000000000000030
                - Name:  156
                  Info:  0x01
                  Other: 0x00
                  ShNdx: SHN_EXT 2
                  Value: 0x0000000000000000
                  Size:  0x0000000000000018
                - Name:  164
                  Info:  0x04
                  Other: 0x00
                  ShNdx: SHN_Abs
                  Value: 0x0000000000000000
                  Size:  0x0000000000000000
                - Name:  201
                  Info:  0x02
                  Other: 0x00
                  ShNdx: SHN_EXT 3
                  Value: 0x0000000000000000
                  Size:  0x000000000000007c
                - Name:  216
                  Info:  0x02
                  Other: 0x00
                  ShNdx: SHN_EXT 3
                  Value: 0x0000000000000080
                  Size:  0x000000000000005b
                - Name:  232
                  Info:  0x04
                  Other: 0x00
                  ShNdx: SHN_Abs
                  Value: 0x0000000000000000
                  Size:  0x0000000000000000
                - Name:  254
                  Info:  0x02
                  Other: 0x00
                  ShNdx: SHN_EXT 3
                  Value: 0x0000000000000f80
                  Size:  0x0000000000000013
                - Name:  288
                  Info:  0x02
                  Other: 0x00
                  ShNdx: SHN_EXT 3
                  Value: 0x0000000000000fa0
                  Size:  0x0000000000000008
                - Name:  319
                  Info:  0x02
                  Other: 0x00
                  ShNdx: SHN_EXT 3
                  Value: 0x0000000000000fb0
                  Size:  0x0000000000000006
                - Name:  350
                  Info:  0x02
                  Other: 0x00
                  ShNdx: SHN_EXT 3
                  Value: 0x0000000000000fc0
                  Size:  0x0000000000000033
                - Name:  379
                  Info:  0x02
                  Other: 0x00
                  ShNdx: SHN_EXT 3
                  Value: 0x0000000000001000
                  Size:  0x00000000000004f6
                - Name:  407
                  Info:  0x02
                  Other: 0x00
                  ShNdx: SHN_EXT 3
                  Value: 0x0000000000001500
                  Size:  0x0000000000000093
                - Name:  437
                  Info:  0x01
                  Other: 0x00
                  ShNdx: SHN_EXT 9
                  Value: 0x0000000000000000
                  Size:  0x0000000000000018
                - Name:  443
                  Info:  0x02
                  Other: 0x00
                  ShNdx: SHN_EXT 3
                  Value: 0x00000000000015a0
                  Size:  0x00000000000000b0
                - Name:  473
                  Info:  0x01
                  Other: 0x00
                  ShNdx: SHN_EXT 9
                  Value: 0x0000000000000030
                  Size:  0x0000000000000018
                - Name:  479
                  Info:  0x01
                  Other: 0x00
                  ShNdx: SHN_EXT 9
                  Value: 0x0000000000000020
                  Size:  0x0000000000000010
                - Name:  487
                  Info:  0x02
                  Other: 0x00
                  ShNdx: SHN_EXT 5
                  Value: 0x0000000000000000
                  Size:  0x0000000000000040
                - Name:  521
                  Info:  0x01
                  Other: 0x00
                  ShNdx: SHN_EXT 20
                  Value: 0x0000000000000000
                  Size:  0x0000000000000008
                - Name:  530
                  Info:  0x01
                  Other: 0x00
                  ShNdx: SHN_EXT 16
                  Value: 0x0000000000000000
                  Size:  0x00000000000001c0
                - Name:  556
                  Info:  0x02
                  Other: 0x00
                  ShNdx: SHN_EXT 7
                  Value: 0x0000000000000000
                  Size:  0x0000000000000018
                - Name:  590
                  Info:  0x01
                  Other: 0x00
                  ShNdx: SHN_EXT 15
                  Value: 0x0000000000000000
                  Size:  0x000000000000001c
                - Name:  618
                  Info:  0x01
                  Other: 0x00
                  ShNdx: SHN_EXT 15
                  Value: 0x000000000000001c
                  Size:  0x0000000000000015
                - Name:  649
                  Info:  0x01
                  Other: 0x00
                  ShNdx: SHN_EXT 15
                  Value: 0x0000000000000031
                  Size:  0x0000000000000016
                - Name:  677
                  Info:  0x01
                  Other: 0x00
                  ShNdx: SHN_EXT 15
                  Value: 0x0000000000000047
                  Size:  0x000000000000000f
                - Name:  708
                  Info:  0x01
                  Other: 0x00
                  ShNdx: SHN_EXT 15
                  Value: 0x0000000000000056
                  Size:  0x0000000000000042
                - Name:  735
                  Info:  0x01
                  Other: 0x00
                  ShNdx: SHN_EXT 15
                  Value: 0x0000000000000098
                  Size:  0x000000000000002d
                - Name:  757
                  Info:  0x01
                  Other: 0x00
                  ShNdx: SHN_EXT 15
                  Value: 0x00000000000000c5
                  Size:  0x000000000000000c
                - Name:  780
                  Info:  0x10
                  Other: 0x00
                  ShNdx: SHN_Undef
                  Value: 0x0000000000000000
                  Size:  0x0000000000000000
                - Name:  798
                  Info:  0x11
                  Other: 0x00
                  ShNdx: SHN_EXT 18
                  Value: 0x0000000000000000
                  Size:  0x0000000000000380
                - Name:  812
                  Info:  0x12
                  Other: 0x00
                  ShNdx: SHN_EXT 3
                  Value: 0x0000000000000da0
                  Size:  0x000000000000009a
                - Name:  843
                  Info:  0x12
                  Other: 0x00
                  ShNdx: SHN_EXT 7
                  Value: 0x0000000000000000
                  Size:  0x0000000000000018
                - Name:  858
                  Info:  0x10
                  Other: 0x00
                  ShNdx: SHN_Undef
                  Value: 0x0000000000000000
                  Size:  0x0000000000000000
                - Name:  885
                  Info:  0x12
                  Other: 0x00
                  ShNdx: SHN_EXT 3
                  Value: 0x00000000000009d0
                  Size:  0x00000000000003ce
                - Name:  911
                  Info:  0x10
                  Other: 0x00
                  ShNdx: SHN_Undef
                  Value: 0x0000000000000000
                  Size:  0x0000000000000000
                - Name:  922
                  Info:  0x12
                  Other: 0x00
                  ShNdx: SHN_EXT 5
                  Value: 0x0000000000000000
                  Size:  0x0000000000000040
                - Name:  934
                  Info:  0x12
                  Other: 0x00
                  ShNdx: SHN_EXT 3
                  Value: 0x0000000000000280
                  Size:  0x00000000000002c6
                - Name:  959
                  Info:  0x10
                  Other: 0x00
                  ShNdx: SHN_Undef
                  Value: 0x0000000000000000
                  Size:  0x0000000000000000
                - Name:  984
                  Info:  0x12
                  Other: 0x00
                  ShNdx: SHN_EXT 3
                  Value: 0x0000000000000550
                  Size:  0x00000000000003f2
                - Name:  1010
                  Info:  0x10
                  Other: 0x00
                  ShNdx: SHN_Undef
                  Value: 0x0000000000000000
                  Size:  0x0000000000000000
                - Name:  1027
                  Info:  0x10
                  Other: 0x00
                  ShNdx: SHN_Undef
                  Value: 0x0000000000000000
                  Size:  0x0000000000000000
                - Name:  1042
                  Info:  0x10
                  Other: 0x00
                  ShNdx: SHN_Undef
                  Value: 0x0000000000000000
                  Size:  0x0000000000000000
                - Name:  1059
                  Info:  0x12
                  Other: 0x00
                  ShNdx: SHN_EXT 3
                  Value: 0x0000000000000950
                  Size:  0x0000000000000074
                - Name:  1090
                  Info:  0x10
                  Other: 0x00
                  ShNdx: SHN_Undef
                  Value: 0x0000000000000000
                  Size:  0x0000000000000000
                - Name:  1108
                  Info:  0x10
                  Other: 0x00
                  ShNdx: SHN_Undef
                  Value: 0x0000000000000000
                  Size:  0x0000000000000000
                - Name:  1125
                  Info:  0x10
                  Other: 0x00
                  ShNdx: SHN_Undef
                  Value: 0x0000000000000000
                  Size:  0x0000000000000000
                - Name:  1138
                  Info:  0x10
                  Other: 0x00
                  ShNdx: SHN_Undef
                  Value: 0x0000000000000000
                  Size:  0x0000000000000000
                - Name:  1165
                  Info:  0x10
                  Other: 0x00
                  ShNdx: SHN_Undef
                  Value: 0x0000000000000000
                  Size:  0x0000000000000000
                - Name:  1183
                  Info:  0x10
                  Other: 0x00
                  ShNdx: SHN_Undef
                  Value: 0x0000000000000000
                  Size:  0x0000000000000000
                - Name:  1203
                  Info:  0x10
                  Other: 0x00
                  ShNdx: SHN_Undef
                  Value: 0x0000000000000000
                  Size:  0x0000000000000000
                - Name:  1222
                  Info:  0x12
                  Other: 0x00
                  ShNdx: SHN_EXT 3
                  Value: 0x0000000000000e40
                  Size:  0x0000000000000138
                - Name:  1250
                  Info:  0x10
                  Other: 0x00
                  ShNdx: SHN_Undef
                  Value: 0x0000000000000000
                  Size:  0x0000000000000000
                - Name:  1266
                  Info:  0x10
                  Other: 0x00
                  ShNdx: SHN_Undef
                  Value: 0x0000000000000000
                  Size:  0x0000000000000000
                - Name:  1291
                  Info:  0x10
                  Other: 0x00
                  ShNdx: SHN_Undef
                  Value: 0x0000000000000000
                  Size:  0x0000000000000000
                - Name:  1304
                  Info:  0x10
                  Other: 0x00
                  ShNdx: SHN_Undef
                  Value: 0x0000000000000000
                  Size:  0x0000000000000000
                - Name:  1320
                  Info:  0x12
                  Other: 0x00
                  ShNdx: SHN_EXT 3
                  Value: 0x00000000000000e0
                  Size:  0x0000000000000195
                - Name:  1347
                  Info:  0x10
                  Other: 0x00
                  ShNdx: SHN_Undef
                  Value: 0x0000000000000000
                  Size:  0x0000000000000000
                - Name:  1369
                  Info:  0x10
                  Other: 0x00
                  ShNdx: SHN_Undef
                  Value: 0x0000000000000000
                  Size:  0x0000000000000000
                - Name:  1377
                  Info:  0x10
                  Other: 0x00
                  ShNdx: SHN_Undef
                  Value: 0x0000000000000000
                  Size:  0x0000000000000000
                - Name:  1391
                  Info:  0x10
                  Other: 0x00
                  ShNdx: SHN_Undef
                  Value: 0x0000000000000000
                  Size:  0x0000000000000000
          - N:         24
            Name:      9
            Type:      SHT_STRTAB
            Flags:     0x0000000000000000
            Addr:      0x0000000000000000
            Offset:    0x0000000000002680
            Size:      0x000000000000058a
            Link:      0
            Info:      0
            AddrAlign: 0x0000000000000001
            EntSize:   0x0000000000000000
          - N:         25
            Name:      17
            Type:      SHT_STRTAB
            Flags:     0x0000000000000000
            Addr:      0x0000000000000000
            Offset:    0x00000000000032b8
            Size:      0x0000000000000111
            Link:      0
            Info:      0
            AddrAlign: 0x0000000000000001
            EntSize:   0x0000000000000000
Segments: 