┎ 0x00000000 H
┖ 0x0000003f
╓ 0x00000040 S ".note.gnu.build-id" SHT_NOTE [SHF_ALLOC]
╙ 0x00000063
╓ 0x00000064 S ".note.Linux" SHT_NOTE [SHF_ALLOC]
╙ 0x0000007b
╓ 0x00000080 S ".text" SHT_PROGBITS [SHF_ALLOC,SHF_EXECINSTR]
╙ 0x000016cf
╓ 0x000016d0 S ".init.text" SHT_PROGBITS [SHF_ALLOC,SHF_EXECINSTR]
╙ 0x0000170f
╓ 0x00001710 S ".exit.text" SHT_PROGBITS [SHF_ALLOC,SHF_EXECINSTR]
╙ 0x00001727
╓ 0x00001730 S ".rodata" SHT_PROGBITS [SHF_ALLOC]
╙ 0x00001777
╓ 0x00001780 S ".rodata.cst16.aegis128_const" SHT_PROGBITS [SHF_ALLOC,SHF_EXT 16]
╙ 0x0000179f
╓ 0x000017a0 S ".rodata.cst16.aegis128_counter" SHT_PROGBITS [SHF_ALLOC,SHF_EXT 16]
╙ 0x000017af
╓ 0x000017b0 S "__mcount_loc" SHT_PROGBITS [SHF_ALLOC]
╙ 0x000017ef
╓ 0x000017f0 S ".modinfo" SHT_PROGBITS [SHF_ALLOC]
╙ 0x00001950
╓ 0x00001960 S ".data" SHT_PROGBITS [SHF_WRITE,SHF_ALLOC]
╙ 0x00001b1f
╓ 0x00001b40 S ".gnu.linkonce.this_module" SHT_PROGBITS [SHF_WRITE,SHF_ALLOC]
╙ 0x00001ebf
- 0x00001ec0 S ".bss" SHT_NOBITS [SHF_WRITE,SHF_ALLOC]
╓ 0x00001ec0 S ".comment" SHT_PROGBITS [SHF_EXT 16,SHF_EXT 32]
╙ 0x00001ee5
- 0x00001ee6 S ".note.GNU-stack" SHT_PROGBITS [SHF_EXECINSTR]
╓ 0x00001ee8 S ".symtab" SHT_SYMTAB []
╙ 0x0000267f
╓ 0x00002680 S ".strtab" SHT_STRTAB []
╙ 0x00002c09
╓ 0x00002c10 S ".rela.text" SHT_RELA [SHF_EXT 64]
╙ 0x00002fb7
╓ 0x00002fb8 S ".rela.init.text" SHT_RELA [SHF_EXT 64]
╙ 0x00003047
╓ 0x00003048 S ".rela.exit.text" SHT_RELA [SHF_EXT 64]
╙ 0x0000308f
╓ 0x00003090 S ".rela.rodata" SHT_RELA [SHF_EXT 64]
╙ 0x0000311f
╓ 0x00003120 S ".rela__mcount_loc" SHT_RELA [SHF_EXT 64]
╙ 0x000031df
╓ 0x000031e0 S ".rela.data" SHT_RELA [SHF_EXT 64]
╙ 0x00003287
╓ 0x00003288 S ".rela.gnu.linkonce.this_module" SHT_RELA [SHF_EXT 64]
╙ 0x000032b7
╓ 0x000032b8 S ".shstrtab" SHT_STRTAB []
╙ 0x000033c8
┎ 0x000033d0 ST (26)
┖ 0x00003a4f