┎ 0x00000000 H
┖ 0x0000003f
╓ 0x00000040 S ".text" SHT_PROGBITS [SHF_ALLOC,SHF_EXECINSTR]
╙ 0x0000a8e6
╓ 0x0000a8e8 S ".data" SHT_PROGBITS [SHF_WRITE,SHF_ALLOC]
╙ 0x0000bc6f
- 0x0000bc70 S ".bss" SHT_NOBITS [SHF_WRITE,SHF_ALLOC]
╓ 0x0000bc70 S ".rodata.str" SHT_PROGBITS [SHF_ALLOC,SHF_EXT 16,SHF_EXT 32]
╙ 0x0000c1e0
- 0x0000c1e1 S ".note.GNU-stack" SHT_PROGBITS []
╓ 0x0000c1e1 S ".comment" SHT_PROGBITS [SHF_EXT 16,SHF_EXT 32]
╙ 0x0000c1eb
╓ 0x0000c1f0 S ".symtab" SHT_SYMTAB []
╙ 0x0000dcef
╓ 0x0000dcf0 S ".strtab" SHT_STRTAB []
╙ 0x00011e38
╓ 0x00011e40 S ".rela.text" SHT_RELA [SHF_EXT 64]
╙ 0x0001b157
╓ 0x0001b158 S ".rela.data" SHT_RELA [SHF_EXT 64]
╙ 0x0001d257
╓ 0x0001d258 S ".shstrtab" SHT_STRTAB []
╙ 0x0001d2b2
┎ 0x0001d2b8 ST (12)
┖ 0x0001d5b7