header {
    Class:      ELFCLASS64
    Data:       ELFDATA2LSB
    OSABI:      ELFOSABI_SYSV
    ABIVersion: 0
    Type:       ET_REL
    Machine:    EM_X86_64
    Entry:      0x0000000000000000
    Flags:      0x00000000
}
section ".note.gnu.build-id" {
    Type:      SHT_NOTE
    Flags:     0x0000000000000002
    Addr:      0x0000000000000000
    AddrAlign: 0x0000000000000004
    EntSize:   0x0000000000000000
}
section ".note.Linux" {
    Type:      SHT_NOTE
    Flags:     0x0000000000000002
    Addr:      0x0000000000000000
    AddrAlign: 0x0000000000000004
    EntSize:   0x0000000000000000
}
section ".text" {
    Type:      SHT_PROGBITS
    Flags:     0x0000000000000006
    Addr:      0x0000000000000000
    AddrAlign: 0x0000000000000010
    EntSize:   0x0000000000000000
}
section ".init.text" {
    Type:      SHT_PROGBITS
    Flags:     0x0000000000000006
    Addr:      0x0000000000000000
    AddrAlign: 0x0000000000000001
    EntSize:   0x0000000000000000
}
section ".exit.text" {
    Type:      SHT_PROGBITS
    Flags:     0x0000000000000006
    Addr:      0x0000000000000000
    AddrAlign: 0x0000000000000001
    EntSize:   0x0000000000000000
}
section ".rodata" {
    Type:      SHT_PROGBITS
    Flags:     0x0000000000000002
    Addr:      0x0000000000000000
    AddrAlign: 0x0000000000000010
    EntSize:   0x0000000000000000
}
section ".rodata.cst16.aegis128_const" {
    Type:      SHT_PROGBITS
    Flags:     0x0000000000000012
    Addr:      0x0000000000000000
    AddrAlign: 0x0000000000000010
    EntSize:   0x0000000000000020
}
section ".rodata.cst16.aegis128_counter" {
    Type:      SHT_PROGBITS
    Flags:     0x0000000000000012
    Addr:      0x0000000000000000
    AddrAlign: 0x0000000000000010
    EntSize:   0x0000000000000010
}
section "__mcount_loc" {
    Type:      SHT_PROGBITS
    Flags:     0x0000000000000002
    Addr:      0x0000000000000000
    AddrAlign: 0x0000000000000001
    EntSize:   0x0000000000000000
}
section ".modinfo" {
    Type:      SHT_PROGBITS
    Flags:     0x0000000000000002
    Addr:      0x0000000000000000
    AddrAlign: 0x0000000000000001
    EntSize:   0x0000000000000000
}
section ".data" {
    Type:      SHT_PROGBITS
    Flags:     0x0000000000000003
    Addr:      0x0000000000000000
    AddrAlign: 0x0000000000000020
    EntSize:   0x0000000000000000
}
section ".gnu.linkonce.this_module" {
    Type:      SHT_PROGBITS
    Flags:     0x0000000000000003
    Addr:      0x0000000000000000
    AddrAlign: 0x0000000000000040
    EntSize:   0x0000000000000000
}
section ".comment" {
    Type:      SHT_PROGBITS
    Flags:     0x0000000000000030
    Addr:      0x0000000000000000
    AddrAlign: 0x0000000000000001
    EntSize:   0x0000000000000001
}
section ".symtab" {
    Type:      SHT_SYMTAB
    Flags:     0x0000000000000000
    Addr:      0x0000000000000000
    AddrAlign: 0x0000000000000008
    EntSize:   0x0000000000000018
}
section ".strtab" {
    Type:      SHT_STRTAB
    Flags:     0x0000000000000000
    Addr:      0x0000000000000000
    AddrAlign: 0x0000000000000001
    EntSize:   0x0000000000000000
}
section ".rela.text" {
    Type:      SHT_RELA
    Flags:     0x0000000000000040
    Addr:      0x0000000000000000
    AddrAlign: 0x0000000000000008
    EntSize:   0x0000000000000018
}
section ".rela.init.text" {
    Type:      SHT_RELA
    Flags:     0x0000000000000040
    Addr:      0x0000000000000000
    AddrAlign: 0x0000000000000008
    EntSize:   0x0000000000000018
}
section ".rela.exit.text" {
    Type:      SHT_RELA
    Flags:     0x0000000000000040
    Addr:      0x0000000000000000
    AddrAlign: 0x0000000000000008
    EntSize:   0x0000000000000018
}
section ".rela.rodata" {
    Type:      SHT_RELA
    Flags:     0x0000000000000040
    Addr:      0x0000000000000000
    AddrAlign: 0x0000000000000008
    EntSize:   0x0000000000000018
}
section ".rela__mcount_loc" {
    Type:      SHT_RELA
    Flags:     0x0000000000000040
    Addr:      0x0000000000000000
    AddrAlign: 0x0000000000000008
    EntSize:   0x0000000000000018
}
section ".rela.data" {
    Type:      SHT_RELA
    Flags:     0x0000000000000040
    Addr:      0x0000000000000000
    AddrAlign: 0x0000000000000008
    EntSize:   0x0000000000000018
}
section ".rela.gnu.linkonce.this_module" {
    Type:      SHT_RELA
    Flags:     0x0000000000000040
    Addr:      0x0000000000000000
    AddrAlign: 0x0000000000000008
    EntSize:   0x0000000000000018
}
string section
section table