Header:   Class:      ELFCLASS64
          Data:       ELFDATA2LSB
          OSABI:      ELFOSABI_SYSV
          ABIVersion: 0
          Type:       ET_REL
          Machine:    EM_X86_64
          Entry:      0x0000000000000000
          PhOff:      0x0000000000000000
          ShOff:      0x00000000000033d0
          Flags:      0x00000000
          PhEntSize:  0x0000
          PhNum:      0
          ShEntSize:  0x0040
          ShNum:      26
          ShStrNdx:   25
Sections: - N:         0
            Name:      0
            Type:      SHT_NULL
            Flags:     0x0000000000000000
            Addr:      0x0000000000000000
            Offset:    0x0000000000000000
            Size:      0x0000000000000000
            Link:      0
            Info:      0
            AddrAlign: 0x0000000000000000
            EntSize:   0x0000000000000000
          - N:         1
            Name:      27
            Type:      SHT_NOTE
            Flags:     0x0000000000000002
            Addr:      0x0000000000000000
            Offset:    0x0000000000000040
            Size:      0x0000000000000024
            Link:      0
            Info:      0
            AddrAlign: 0x0000000000000004
            EntSize:   0x0000000000000000
          - N:         2
            Name:      46
            Type:      SHT_NOTE
            Flags:     0x0000000000000002
            Addr:      0x0000000000000000
            Offset:    0x0000000000000064
            Size:      0x0000000000000018
            Link:      0
            Info:      0
            AddrAlign: 0x0000000000000004
            EntSize:   0x0000000000000000
          - N:         3
            Name:      63
            Type:      SHT_PROGBITS
            Flags:     0x0000000000000006
            Addr:      0x0000000000000000
            Offset:    0x0000000000000080
            Size:      0x0000000000001650
            Link:      0
            Info:      0
            AddrAlign: 0x0000000000000010
            EntSize:   0x0000000000000000
          - N:         4
            Name:      58
            Type:      SHT_RELA
            Flags:     0x0000000000000040
            Addr:      0x0000000000000000
            Offset:    0x0000000000002c10
            Size:      0x00000000000003a8
            Link:      23
            Info:      3
            AddrAlign: 0x0000000000000008
            EntSize:   0x0000000000000018
          - N:         5
            Name:      74
            Type:      SHT_PROGBITS
            Flags:     0x0000000000000006
            Addr:      0x0000000000000000
            Offset:    0x00000000000016d0
            Size:      0x0000000000000040
            Link:      0
            Info:      0
            AddrAlign: 0x0000000000000001
            EntSize:   0x0000000000000000
          - N:         6
            Name:      69
            Type:      SHT_RELA
            Flags:     0x0000000000000040
            Addr:      0x0000000000000000
            Offset:    0x0000000000002fb8
            Size:      0x0000000000000090
            Link:      23
            Info:      5
            AddrAlign: 0x0000000000000008
            EntSize:   0x0000000000000018
          - N:         7
            Name:      90
            Type:      SHT_PROGBITS
            Flags:     0x0000000000000006
            Addr:      0x0000000000000000
            Offset:    0x0000000000001710
            Size:      0x0000000000000018
            Link:      0
            Info:      0
            AddrAlign: 0x0000000000000001
            EntSize:   0x0000000000000000
          - N:         8
            Name:      85
            Type:      SHT_RELA
            Flags:     0x0000000000000040
            Addr:      0x0000000000000000
            Offset:    0x0000000000003048
            Size:      0x0000000000000048
            Link:      23
            Info:      7
            AddrAlign: 0x0000000000000008
            EntSize:   0x0000000000000018
          - N:         9
            Name:      106
            Type:      SHT_PROGBITS
            Flags:     0x0000000000000002
            Addr:      0x0000000000000000
            Offset:    0x0000000000001730
            Size:      0x0000000000000048
            Link:      0
            Info:      0
            AddrAlign: 0x0000000000000010
            EntSize:   0x0000000000000000
          - N:         10
            Name:      101
            Type:      SHT_RELA
            Flags:     0x0000000000000040
            Addr:      0x0000000000000000
            Offset:    0x0000000000003090
            Size:      0x0000000000000090
            Link:      23
            Info:      9
            AddrAlign: 0x0000000000000008
            EntSize:   0x0000000000000018
          - N:         11
            Name:      114
            Type:      SHT_PROGBITS
            Flags:     0x0000000000000012
            Addr:      0x0000000000000000
            Offset:    0x0000000000001780
            Size:      0x0000000000000020
            Link:      0
            Info:      0
            AddrAlign: 0x0000000000000010
            EntSize:   0x0000000000000020
          - N:         12
            Name:      143
            Type:      SHT_PROGBITS
            Flags:     0x0000000000000012
            Addr:      0x0000000000000000
            Offset:    0x00000000000017a0
            Size:      0x0000000000000010
            Link:      0
            Info:      0
            AddrAlign: 0x0000000000000010
            EntSize:   0x0000000000000010
          - N:         13
            Name:      179
            Type:      SHT_PROGBITS
            Flags:     0x0000000000000002
            Addr:      0x0000000000000000
            Offset:    0x00000000000017b0
            Size:      0x0000000000000040
            Link:      0
            Info:      0
            AddrAlign: 0x0000000000000001
            EntSize:   0x0000000000000000
          - N:         14
            Name:      174
            Type:      SHT_RELA
            Flags:     0x0000000000000040
            Addr:      0x0000000000000000
            Offset:    0x0000000000003120
            Size:      0x00000000000000c0
            Link:      23
            Info:      13
            AddrAlign: 0x0000000000000008
            EntSize:   0x0000000000000018
          - N:         15
            Name:      192
            Type:      SHT_PROGBITS
            Flags:     0x0000000000000002
            Addr:      0x0000000000000000
            Offset:    0x00000000000017f0
            Size:      0x0000000000000161
            Link:      0
            Info:      0
            AddrAlign: 0x0000000000000001
            EntSize:   0x0000000000000000
          - N:         16
            Name:      206
            Type:      SHT_PROGBITS
            Flags:     0x0000000000000003
            Addr:      0x0000000000000000
            Offset:    0x0000000000001960
            Size:      0x00000000000001c0
            Link:      0
            Info:      0
            AddrAlign: 0x0000000000000020
            EntSize:   0x0000000000000000
          - N:         17
            Name:      201
            Type:      SHT_RELA
            Flags:     0x0000000000000040
            Addr:      0x0000000000000000
            Offset:    0x00000000000031e0
            Size:      0x00000000000000a8
            Link:      23
            Info:      16
            AddrAlign: 0x0000000000000008
            EntSize:   0x0000000000000018
          - N:         18
            Name:      217
            Type:      SHT_PROGBITS
            Flags:     0x0000000000000003
            Addr:      0x0000000000000000
            Offset:    0x0000000000001b40
            Size:      0x0000000000000380
            Link:      0
            Info:      0
            AddrAlign: 0x0000000000000040
            EntSize:   0x0000000000000000
          - N:         19
            Name:      212
            Type:      SHT_RELA
            Flags:     0x0000000000000040
            Addr:      0x0000000000000000
            Offset:    0x0000000000003288
            Size:      0x0000000000000030
            Link:      23
            Info:      18
            AddrAlign: 0x0000000000000008
            EntSize:   0x0000000000000018
          - N:         20
            Name:      243
            Type:      SHT_NOBITS
            Flags:     0x0000000000000003
            Addr:      0x0000000000000000
            Offset:    0x0000000000001ec0
            Size:      0x0000000000000008
            Link:      0
            Info:      0
            AddrAlign: 0x0000000000000008
            EntSize:   0x0000000000000000
          - N:         21
            Name:      248
            Type:      SHT_PROGBITS
            Flags:     0x0000000000000030
            Addr:      0x0000000000000000
            Offset:    0x0000000000001ec0
            Size:      0x0000000000000026
            Link:      0
            Info:      0
            AddrAlign: 0x0000000000000001
            EntSize:   0x0000000000000001
          - N:         22
            Name:      257
            Type:      SHT_PROGBITS
            Flags:     0x0000000000000004
            Addr:      0x0000000000000000
            Offset:    0x0000000000001ee6
            Size:      0x0000000000000000
            Link:      0
            Info:      0
            AddrAlign: 0x0000000000000001
            EntSize:   0x0000000000000000
          - N:         23
            Name:      1
            Type:      SHT_SYMTAB
            Flags:     0x0000000000000000
            Addr:      0x0000000000000000
            Offset:    0x0000000000001ee8
            Size:      0x0000000000000798
            Link:      24
            Info:      49
            AddrAlign: 0x0000000000000008
            EntSize:   0x0000000000000018
          - N:         24
            Name:      9
            Type:      SHT_STRTAB
            Flags:     0x0000000000000000
            Addr:      0x0000000000000000
            Offset:    0x0000000000002680
            Size:      0x000000000000058a
            Link:      0
            Info:      0
            AddrAlign: 0x0000000000000001
            EntSize:   0x0000000000000000
          - N:         25
            Name:      17
            Type:      SHT_STRTAB
            Flags:     0x0000000000000000
            Addr:      0x0000000000000000
            Offset:    0x00000000000032b8
            Size:      0x0000000000000111
            Link:      0
            Info:      0
            AddrAlign: 0x0000000000000001
            EntSize:   0x0000000000000000
Segments: 
- - Name:  0x00000000
    Info:  0x00
    Other: 0x00
    ShNdx: SHN_Undef
    Value: 0x0000000000000000
    Size:  0x0000000000000000
  - Name:  0x00000000
    Info:  0x03
    Other: 0x00
    ShNdx: SHN_EXT 1
    Value: 0x0000000000000000
    Size:  0x0000000000000000
  - Name:  0x00000000
    Info:  0x03
    Other: 0x00
    ShNdx: SHN_EXT 2
    Value: 0x0000000000000000
    Size:  0x0000000000000000
  - Name:  0x00000000
    Info:  0x03
    Other: 0x00
    ShNdx: SHN_EXT 3
    Value: 0x0000000000000000
    Size:  0x0000000000000000
  - Name:  0x00000000
    Info:  0x03
    Other: 0x00
    ShNdx: SHN_EXT 5
    Value: 0x0000000000000000
    Size:  0x0000000000000000
  - Name:  0x00000000
    Info:  0x03
    Other: 0x00
    ShNdx: SHN_EXT 7
    Value: 0x0000000000000000
    Size:  0x0000000000000000
  - Name:  0x00000000
    Info:  0x03
    Other: 0x00
    ShNdx: SHN_EXT 9
    Value: 0x0000000000000000
    Size:  0x0000000000000000
  - Name:  0x00000000
    Info:  0x03
    Other: 0x00
    ShNdx: SHN_EXT 11
    Value: 0x0000000000000000
    Size:  0x0000000000000000
  - Name:  0x00000000
    Info:  0x03
    Other: 0x00
    ShNdx: SHN_EXT 12
    Value: 0x0000000000000000
    Size:  0x0000000000000000
  - Name:  0x00000000
    Info:  0x03
    Other: 0x00
    ShNdx: SHN_EXT 13
    Value: 0x0000000000000000
    Size:  0x0000000000000000
  - Name:  0x00000000
    Info:  0x03
    Other: 0x00
    ShNdx: SHN_EXT 15
    Value: 0x0000000000000000
    Size:  0x0000000000000000
  - Name:  0x00000000
    Info:  0x03
    Other: 0x00
    ShNdx: SHN_EXT 16
    Value: 0x0000000000000000
    Size:  0x0000000000000000
  - Name:  0x00000000
    Info:  0x03
    Other: 0x00
    ShNdx: SHN_EXT 18
    Value: 0x0000000000000000
    Size:  0x0000000000000000
  - Name:  0x00000000
    Info:  0x03
    Other: 0x00
    ShNdx: SHN_EXT 20
    Value: 0x0000000000000000
    Size:  0x0000000000000000
  - Name:  0x00000000
    Info:  0x03
    Other: 0x00
    ShNdx: SHN_EXT 21
    Value: 0x0000000000000000
    Size:  0x0000000000000000
  - Name:  0x00000000
    Info:  0x03
    Other: 0x00
    ShNdx: SHN_EXT 22
    Value: 0x0000000000000000
    Size:  0x0000000000000000
  - Name:  0x00000001
    Info:  0x04
    Other: 0x00
    ShNdx: SHN_Abs
    Value: 0x0000000000000000
    Size:  0x0000000000000000
  - Name:  0x00000016
    Info:  0x01
    Other: 0x00
    ShNdx: SHN_EXT 15
    Value: 0x00000000000000d1
    Size:  0x0000000000000023
  - Name:  0x0000002f
    Info:  0x01
    Other: 0x00
    ShNdx: SHN_EXT 15
    Value: 0x00000000000000f4
    Size:  0x0000000000000014
  - Name:  0x00000045
    Info:  0x01
    Other: 0x00
    ShNdx: SHN_EXT 15
    Value: 0x0000000000000108
    Size:  0x000000000000000c
  - Name:  0x0000005d
    Info:  0x01
    Other: 0x00
    ShNdx: SHN_EXT 15
    Value: 0x0000000000000114
    Size:  0x0000000000000009
  - Name:  0x00000072
    Info:  0x01
    Other: 0x00
    ShNdx: SHN_EXT 15
    Value: 0x000000000000011d
    Size:  0x0000000000000014
  - Name:  0x00000085
    Info:  0x01
    Other: 0x00
    ShNdx: SHN_EXT 15
    Value: 0x0000000000000131
    Size:  0x0000000000000030
  - Name:  0x0000009c
    Info:  0x01
    Other: 0x00
    ShNdx: SHN_EXT 2
    Value: 0x0000000000000000
    Size:  0x0000000000000018
  - Name:  0x000000a4
    Info:  0x04
    Other: 0x00
    ShNdx: SHN_Abs
    Value: 0x0000000000000000
    Size:  0x0000000000000000
  - Name:  0x000000c9
    Info:  0x02
    Other: 0x00
    ShNdx: SHN_EXT 3
    Value: 0x0000000000000000
    Size:  0x000000000000007c
  - Name:  0x000000d8
    Info:  0x02
    Other: 0x00
    ShNdx: SHN_EXT 3
    Value: 0x0000000000000080
    Size:  0x000000000000005b
  - Name:  0x000000e8
    Info:  0x04
    Other: 0x00
    ShNdx: SHN_Abs
    Value: 0x0000000000000000
    Size:  0x0000000000000000
  - Name:  0x000000fe
    Info:  0x02
    Other: 0x00
    ShNdx: SHN_EXT 3
    Value: 0x0000000000000f80
    Size:  0x0000000000000013
  - Name:  0x00000120
    Info:  0x02
    Other: 0x00
    ShNdx: SHN_EXT 3
    Value: 0x0000000000000fa0
    Size:  0x0000000000000008
  - Name:  0x0000013f
    Info:  0x02
    Other: 0x00
    ShNdx: SHN_EXT 3
    Value: 0x0000000000000fb0
    Size:  0x0000000000000006
  - Name:  0x0000015e
    Info:  0x02
    Other: 0x00
    ShNdx: SHN_EXT 3
    Value: 0x0000000000000fc0
    Size:  0x0000000000000033
  - Name:  0x0000017b
    Info:  0x02
    Other: 0x00
    ShNdx: SHN_EXT 3
    Value: 0x0000000000001000
    Size:  0x00000000000004f6
  - Name:  0x00000197
    Info:  0x02
    Other: 0x00
    ShNdx: SHN_EXT 3
    Value: 0x0000000000001500
    Size:  0x0000000000000093
  - Name:  0x000001b5
    Info:  0x01
    Other: 0x00
    ShNdx: SHN_EXT 9
    Value: 0x0000000000000000
    Size:  0x0000000000000018
  - Name:  0x000001bb
    Info:  0x02
    Other: 0x00
    ShNdx: SHN_EXT 3
    Value: 0x00000000000015a0
    Size:  0x00000000000000b0
  - Name:  0x000001d9
    Info:  0x01
    Other: 0x00
    ShNdx: SHN_EXT 9
    Value: 0x0000000000000030
    Size:  0x0000000000000018
  - Name:  0x000001df
    Info:  0x01
    Other: 0x00
    ShNdx: SHN_EXT 9
    Value: 0x0000000000000020
    Size:  0x0000000000000010
  - Name:  0x000001e7
    Info:  0x02
    Other: 0x00
    ShNdx: SHN_EXT 5
    Value: 0x0000000000000000
    Size:  0x0000000000000040
  - Name:  0x00000209
    Info:  0x01
    Other: 0x00
    ShNdx: SHN_EXT 20
    Value: 0x0000000000000000
    Size:  0x0000000000000008
  - Name:  0x00000212
    Info:  0x01
    Other: 0x00
    ShNdx: SHN_EXT 16
    Value: 0x0000000000000000
    Size:  0x00000000000001c0
  - Name:  0x0000022c
    Info:  0x02
    Other: 0x00
    ShNdx: SHN_EXT 7
    Value: 0x0000000000000000
    Size:  0x0000000000000018
  - Name:  0x0000024e
    Info:  0x01
    Other: 0x00
    ShNdx: SHN_EXT 15
    Value: 0x0000000000000000
    Size:  0x000000000000001c
  - Name:  0x0000026a
    Info:  0x01
    Other: 0x00
    ShNdx: SHN_EXT 15
    Value: 0x000000000000001c
    Size:  0x0000000000000015
  - Name:  0x00000289
    Info:  0x01
    Other: 0x00
    ShNdx: SHN_EXT 15
    Value: 0x0000000000000031
    Size:  0x0000000000000016
  - Name:  0x000002a5
    Info:  0x01
    Other: 0x00
    ShNdx: SHN_EXT 15
    Value: 0x0000000000000047
    Size:  0x000000000000000f
  - Name:  0x000002c4
    Info:  0x01
    Other: 0x00
    ShNdx: SHN_EXT 15
    Value: 0x0000000000000056
    Size:  0x0000000000000042
  - Name:  0x000002df
    Info:  0x01
    Other: 0x00
    ShNdx: SHN_EXT 15
    Value: 0x0000000000000098
    Size:  0x000000000000002d
  - Name:  0x000002f5
    Info:  0x01
    Other: 0x00
    ShNdx: SHN_EXT 15
    Value: 0x00000000000000c5
    Size:  0x000000000000000c
  - Name:  0x0000030c
    Info:  0x10
    Other: 0x00
    ShNdx: SHN_Undef
    Value: 0x0000000000000000
    Size:  0x0000000000000000
  - Name:  0x0000031e
    Info:  0x11
    Other: 0x00
    ShNdx: SHN_EXT 18
    Value: 0x0000000000000000
    Size:  0x0000000000000380
  - Name:  0x0000032c
    Info:  0x12
    Other: 0x00
    ShNdx: SHN_EXT 3
    Value: 0x0000000000000da0
    Size:  0x000000000000009a
  - Name:  0x0000034b
    Info:  0x12
    Other: 0x00
    ShNdx: SHN_EXT 7
    Value: 0x0000000000000000
    Size:  0x0000000000000018
  - Name:  0x0000035a
    Info:  0x10
    Other: 0x00
    ShNdx: SHN_Undef
    Value: 0x0000000000000000
    Size:  0x0000000000000000
  - Name:  0x00000375
    Info:  0x12
    Other: 0x00
    ShNdx: SHN_EXT 3
    Value: 0x00000000000009d0
    Size:  0x00000000000003ce
  - Name:  0x0000038f
    Info:  0x10
    Other: 0x00
    ShNdx: SHN_Undef
    Value: 0x0000000000000000
    Size:  0x0000000000000000
  - Name:  0x0000039a
    Info:  0x12
    Other: 0x00
    ShNdx: SHN_EXT 5
    Value: 0x0000000000000000
    Size:  0x0000000000000040
  - Name:  0x000003a6
    Info:  0x12
    Other: 0x00
    ShNdx: SHN_EXT 3
    Value: 0x0000000000000280
    Size:  0x00000000000002c6
  - Name:  0x000003bf
    Info:  0x10
    Other: 0x00
    ShNdx: SHN_Undef
    Value: 0x0000000000000000
    Size:  0x0000000000000000
  - Name:  0x000003d8
    Info:  0x12
    Other: 0x00
    ShNdx: SHN_EXT 3
    Value: 0x0000000000000550
    Size:  0x00000000000003f2
  - Name:  0x000003f2
    Info:  0x10
    Other: 0x00
    ShNdx: SHN_Undef
    Value: 0x0000000000000000
    Size:  0x0000000000000000
  - Name:  0x00000403
    Info:  0x10
    Other: 0x00
    ShNdx: SHN_Undef
    Value: 0x0000000000000000
    Size:  0x0000000000000000
  - Name:  0x00000412
    Info:  0x10
    Other: 0x00
    ShNdx: SHN_Undef
    Value: 0x0000000000000000
    Size:  0x0000000000000000
  - Name:  0x00000423
    Info:  0x12
    Other: 0x00
    ShNdx: SHN_EXT 3
    Value: 0x0000000000000950
    Size:  0x0000000000000074
  - Name:  0x00000442
    Info:  0x10
    Other: 0x00
    ShNdx: SHN_Undef
    Value: 0x0000000000000000
    Size:  0x0000000000000000
  - Name:  0x00000454
    Info:  0x10
    Other: 0x00
    ShNdx: SHN_Undef
    Value: 0x0000000000000000
    Size:  0x0000000000000000
  - Name:  0x00000465
    Info:  0x10
    Other: 0x00
    ShNdx: SHN_Undef
    Value: 0x0000000000000000
    Size:  0x0000000000000000
  - Name:  0x00000472
    Info:  0x10
    Other: 0x00
    ShNdx: SHN_Undef
    Value: 0x0000000000000000
    Size:  0x0000000000000000
  - Name:  0x0000048d
    Info:  0x10
    Other: 0x00
    ShNdx: SHN_Undef
    Value: 0x0000000000000000
    Size:  0x0000000000000000
  - Name:  0x0000049f
    Info:  0x10
    Other: 0x00
    ShNdx: SHN_Undef
    Value: 0x0000000000000000
    Size:  0x0000000000000000
  - Name:  0x000004b3
    Info:  0x10
    Other: 0x00
    ShNdx: SHN_Undef
    Value: 0x0000000000000000
    Size:  0x0000000000000000
  - Name:  0x000004c6
    Info:  0x12
    Other: 0x00
    ShNdx: SHN_EXT 3
    Value: 0x0000000000000e40
    Size:  0x0000000000000138
  - Name:  0x000004e2
    Info:  0x10
    Other: 0x00
    ShNdx: SHN_Undef
    Value: 0x0000000000000000
    Size:  0x0000000000000000
  - Name:  0x000004f2
    Info:  0x10
    Other: 0x00
    ShNdx: SHN_Undef
    Value: 0x0000000000000000
    Size:  0x0000000000000000
  - Name:  0x0000050b
    Info:  0x10
    Other: 0x00
    ShNdx: SHN_Undef
    Value: 0x0000000000000000
    Size:  0x0000000000000000
  - Name:  0x00000518
    Info:  0x10
    Other: 0x00
    ShNdx: SHN_Undef
    Value: 0x0000000000000000
    Size:  0x0000000000000000
  - Name:  0x00000528
    Info:  0x12
    Other: 0x00
    ShNdx: SHN_EXT 3
    Value: 0x00000000000000e0
    Size:  0x0000000000000195
  - Name:  0x00000543
    Info:  0x10
    Other: 0x00
    ShNdx: SHN_Undef
    Value: 0x0000000000000000
    Size:  0x0000000000000000
  - Name:  0x00000559
    Info:  0x10
    Other: 0x00
    ShNdx: SHN_Undef
    Value: 0x0000000000000000
    Size:  0x0000000000000000
  - Name:  0x00000561
    Info:  0x10
    Other: 0x00
    ShNdx: SHN_Undef
    Value: 0x0000000000000000
    Size:  0x0000000000000000
  - Name:  0x0000056f
    Info:  0x10
    Other: 0x00
    ShNdx: SHN_Undef
    Value: 0x0000000000000000
    Size:  0x0000000000000000