 ┌── 0x00000000 P PT_LOAD [PF_R]
 │ - 0x00000000 P PT_EXT 1685382481 [PF_W,PF_R]
 │ ┎ 0x00000000 H
 │ ┖ 0x0000003f
 │┌─ 0x00000040 P PT_PHDR [PF_R]
 ││┎ 0x00000040 PT (11)
 ││┖ 0x000002a7
 │└─ 0x000002a7
 │┌─ 0x000002a8 P PT_INTERP [PF_R]
 ││╓ 0x000002a8 S ".interp" SHT_PROGBITS [SHF_ALLOC]
 ││╙ 0x000002c3
 │└─ 0x000002c3
 │┌─ 0x000002c4 P PT_NOTE [PF_R]
 ││╓ 0x000002c4 S ".note.gnu.build-id" SHT_NOTE [SHF_ALLOC]
 ││╙ 0x000002e7
 ││╓ 0x000002e8 S ".note.ABI-tag" SHT_NOTE [SHF_ALLOC]
 ││╙ 0x00000307
 │└─ 0x00000307
 │ ╓ 0x00000308 S ".gnu.hash" SHT_EXT 1879048182 [SHF_ALLOC]
 │ ╙ 0x00003407
 │ ╓ 0x00003408 S ".dynsym" SHT_DYNSYM [SHF_ALLOC]
 │ ╙ 0x0000e627
 │ ╓ 0x0000e628 S ".dynstr" SHT_STRTAB [SHF_ALLOC]
 │ ╙ 0x00015653
 │ ╓ 0x00015654 S ".gnu.version" SHT_EXT 1879048191 [SHF_ALLOC]
 │ ╙ 0x0001652b
 │ ╓ 0x00016530 S ".gnu.version_r" SHT_EXT 1879048190 [SHF_ALLOC]
 │ ╙ 0x000165df
 │ ╓ 0x000165e0 S ".rela.dyn" SHT_RELA [SHF_ALLOC]
 │ ╙ 0x0001efdf
 └── 0x0001efdf
  ┌─ 0x0001f000 P PT_LOAD [PF_X,PF_R]
  │╓ 0x0001f000 S ".init" SHT_PROGBITS [SHF_ALLOC,SHF_EXECINSTR]
  │╙ 0x0001f01a
  │╓ 0x0001f020 S ".text" SHT_PROGBITS [SHF_ALLOC,SHF_EXECINSTR]
  │╙ 0x000a8a54
  │╓ 0x000a8a58 S ".fini" SHT_PROGBITS [SHF_ALLOC,SHF_EXECINSTR]
  │╙ 0x000a8a64
  └─ 0x000a8a64
 ┌── 0x000a9000 P PT_LOAD [PF_R]
 │ ╓ 0x000a9000 S ".rodata" SHT_PROGBITS [SHF_ALLOC]
 │ ╙ 0x000c185f
 │┌─ 0x000c1860 P PT_EXT 1685382480 [PF_R]
 ││╓ 0x000c1860 S ".eh_frame_hdr" SHT_PROGBITS [SHF_ALLOC]
 ││╙ 0x000c4afb
 │└─ 0x000c4afb
 │ ╓ 0x000c4b00 S ".eh_frame" SHT_PROGBITS [SHF_ALLOC]
 │ ╙ 0x000d6867
 └── 0x000d6867
┌─── 0x000d6cd0 P PT_LOAD [PF_W,PF_R]
│┌── 0x000d6cd0 P PT_EXT 1685382482 [PF_R]
││ ╓ 0x000d6cd0 S ".init_array" SHT_EXT 14 [SHF_WRITE,SHF_ALLOC]
││ ╙ 0x000d6cd7
││ ╓ 0x000d6cd8 S ".fini_array" SHT_EXT 15 [SHF_WRITE,SHF_ALLOC]
││ ╙ 0x000d6cdf
││ ╓ 0x000d6ce0 S ".data.rel.ro" SHT_PROGBITS [SHF_WRITE,SHF_ALLOC]
││ ╙ 0x000d844f
││┌─ 0x000d8450 P PT_DYNAMIC [PF_W,PF_R]
│││╓ 0x000d8450 S ".dynamic" SHT_DYNAMIC [SHF_WRITE,SHF_ALLOC]
│││╙ 0x000d861f
││└─ 0x000d861f
││ ╓ 0x000d8620 S ".got" SHT_PROGBITS [SHF_WRITE,SHF_ALLOC]
││ ╙ 0x000d8fff
│└── 0x000d8fff
│  ╓ 0x000d9000 S ".data" SHT_PROGBITS [SHF_WRITE,SHF_ALLOC]
│  ╙ 0x000dc1cf
└─── 0x000dc1cf
   - 0x000dc1d0 S ".bss" SHT_NOBITS [SHF_WRITE,SHF_ALLOC]
   ╓ 0x000dc1d0 S ".comment" SHT_PROGBITS [SHF_EXT 16,SHF_EXT 32]
   ╙ 0x000dc21b
   ╓ 0x000dc21c S ".shstrtab" SHT_STRTAB []
   ╙ 0x000dc308
   ┎ 0x000dc310 ST (25)
   ┖ 0x000dc94f