┌─── 0x00000000 P PT_LOAD [PF_R]
│  - 0x00000000 P PT_EXT 1685382481 [PF_W,PF_R]
│  ┎ 0x00000000 H
│  ┖ 0x0000003f
│  ┎ 0x00000040 PT (11)
│  ┖ 0x000002a7
│┌── 0x000002a8 P PT_EXT 1685382483 [PF_R]
││┌─ 0x000002a8 P PT_NOTE [PF_R]
│││╓ 0x000002a8 S ".note.gnu.property" SHT_NOTE [SHF_ALLOC]
│││╙ 0x000002c7
││└─ 0x000002c7
│└── 0x000002c7
│ ┌─ 0x000002c8 P PT_NOTE [PF_R]
│ │╓ 0x000002c8 S ".note.gnu.build-id" SHT_NOTE [SHF_ALLOC]
│ │╙ 0x000002eb
│ └─ 0x000002eb
│  ╓ 0x000002f0 S ".hash" SHT_HASH [SHF_ALLOC]
│  ╙ 0x0000044f
│  ╓ 0x00000450 S ".gnu.hash" SHT_EXT 1879048182 [SHF_ALLOC]
│  ╙ 0x000005eb
│  ╓ 0x000005f0 S ".dynsym" SHT_DYNSYM [SHF_ALLOC]
│  ╙ 0x0000091f
│  ╓ 0x00000920 S ".dynstr" SHT_STRTAB [SHF_ALLOC]
│  ╙ 0x00000b43
│  ╓ 0x00000b44 S ".gnu.version" SHT_EXT 1879048191 [SHF_ALLOC]
│  ╙ 0x00000b87
│  ╓ 0x00000b88 S ".gnu.version_d" SHT_EXT 1879048189 [SHF_ALLOC]
│  ╙ 0x00000c2b
│  ╓ 0x00000c30 S ".rela.dyn" SHT_RELA [SHF_ALLOC]
│  ╙ 0x0000104f
│  ╓ 0x00001050 S ".rela.plt" SHT_RELA [SHF_ALLOC,SHF_EXT 64]
│  ╙ 0x000010f7
└─── 0x000010f7
  ┌─ 0x00002000 P PT_LOAD [PF_X,PF_R]
  │╓ 0x00002000 S ".plt" SHT_PROGBITS [SHF_ALLOC,SHF_EXECINSTR]
  │╙ 0x0000207f
  │╓ 0x00002080 S ".plt.got" SHT_PROGBITS [SHF_ALLOC,SHF_EXECINSTR]
  │╙ 0x0000208f
  │╓ 0x00002090 S ".plt.sec" SHT_PROGBITS [SHF_ALLOC,SHF_EXECINSTR]
  │╙ 0x000020ff
  │╓ 0x00002100 S ".text" SHT_PROGBITS [SHF_ALLOC,SHF_EXECINSTR]
  │╙ 0x00021c23
  └─ 0x00021c23
 ┌── 0x00022000 P PT_LOAD [PF_R]
 │ ╓ 0x00022000 S ".rodata" SHT_PROGBITS [SHF_ALLOC]
 │ ╙ 0x00026c5a
 │ ╓ 0x00026c5b S ".stapsdt.base" SHT_PROGBITS [SHF_ALLOC]
 │ ╙ 0x00026c5b
 │┌─ 0x00026c5c P PT_EXT 1685382480 [PF_R]
 ││╓ 0x00026c5c S ".eh_frame_hdr" SHT_PROGBITS [SHF_ALLOC]
 ││╙ 0x00027387
 │└─ 0x00027387
 │ ╓ 0x00027388 S ".eh_frame" SHT_PROGBITS [SHF_ALLOC]
 │ ╙ 0x00029b9b
 └── 0x00029b9b
┌─── 0x0002a4c0 P PT_LOAD [PF_W,PF_R]
│┌── 0x0002a4c0 P PT_EXT 1685382482 [PF_R]
││ ╓ 0x0002a4c0 S ".data.rel.ro" SHT_PROGBITS [SHF_WRITE,SHF_ALLOC]
││ ╙ 0x0002ae03
││┌─ 0x0002ae08 P PT_DYNAMIC [PF_W,PF_R]
│││╓ 0x0002ae08 S ".dynamic" SHT_DYNAMIC [SHF_WRITE,SHF_ALLOC]
│││╙ 0x0002af97
││└─ 0x0002af97
││ ╓ 0x0002af98 S ".got" SHT_PROGBITS [SHF_WRITE,SHF_ALLOC]
││ ╙ 0x0002aff7
│└── 0x0002afff
│  ╓ 0x0002b000 S ".data" SHT_PROGBITS [SHF_WRITE,SHF_ALLOC]
│  ╙ 0x0002bf97
└─── 0x0002bf97
   - 0x0002bf98 S ".bss" SHT_NOBITS [SHF_WRITE,SHF_ALLOC]
   ╓ 0x0002bf98 S ".comment" SHT_PROGBITS [SHF_EXT 16,SHF_EXT 32]
   ╙ 0x0002bfa9
   ╓ 0x0002bfac S ".note.stapsdt" SHT_NOTE []
   ╙ 0x0002c387
   ╓ 0x0002c388 S ".symtab" SHT_SYMTAB []
   ╙ 0x0002f7bf
   ╓ 0x0002f7c0 S ".strtab" SHT_STRTAB []
   ╙ 0x000310e2
   ╓ 0x000310e3 S ".shstrtab" SHT_STRTAB []
   ╙ 0x000311eb
   ┎ 0x000311f0 ST (29)
   ┖ 0x0003192f