Header:   Class:      ELFCLASS64
          Data:       ELFDATA2LSB
          OSABI:      ELFOSABI_SYSV
          ABIVersion: 0
          Type:       ET_DYN
          Machine:    EM_X86_64
          Entry:      0x0000000000002100
          PhOff:      0x0000000000000040
          ShOff:      0x00000000000311f0
          Flags:      0x00000000
          PhEntSize:  0x0038
          PhNum:      11
          ShEntSize:  0x0040
          ShNum:      29
          ShStrNdx:   28
Sections: - Name:      0
            Type:      SHT_NULL
            Flags:     0x0000000000000000
            Addr:      0x0000000000000000
            Offset:    0x0000000000000000
            Size:      0x0000000000000000
            Link:      0
            Info:      0
            AddrAlign: 0x0000000000000000
            EntSize:   0x0000000000000000
          - Name:      27
            Type:      SHT_NOTE
            Flags:     0x0000000000000002
            Addr:      0x00000000000002a8
            Offset:    0x00000000000002a8
            Size:      0x0000000000000020
            Link:      0
            Info:      0
            AddrAlign: 0x0000000000000008
            EntSize:   0x0000000000000000
          - Name:      46
            Type:      SHT_NOTE
            Flags:     0x0000000000000002
            Addr:      0x00000000000002c8
            Offset:    0x00000000000002c8
            Size:      0x0000000000000024
            Link:      0
            Info:      0
            AddrAlign: 0x0000000000000004
            EntSize:   0x0000000000000000
          - Name:      69
            Type:      SHT_HASH
            Flags:     0x0000000000000002
            Addr:      0x00000000000002f0
            Offset:    0x00000000000002f0
            Size:      0x0000000000000160
            Link:      5
            Info:      0
            AddrAlign: 0x0000000000000008
            EntSize:   0x0000000000000004
          - Name:      65
            Type:      SHT_EXT 1879048182
            Flags:     0x0000000000000002
            Addr:      0x0000000000000450
            Offset:    0x0000000000000450
            Size:      0x000000000000019c
            Link:      5
            Info:      0
            AddrAlign: 0x0000000000000008
            EntSize:   0x0000000000000000
          - Name:      75
            Type:      SHT_DYNSYM
            Flags:     0x0000000000000002
            Addr:      0x00000000000005f0
            Offset:    0x00000000000005f0
            Size:      0x0000000000000330
            Link:      6
            Info:      1
            AddrAlign: 0x0000000000000008
            EntSize:   0x0000000000000018
          - Name:      83
            Type:      SHT_STRTAB
            Flags:     0x0000000000000002
            Addr:      0x0000000000000920
            Offset:    0x0000000000000920
            Size:      0x0000000000000224
            Link:      0
            Info:      0
            AddrAlign: 0x0000000000000001
            EntSize:   0x0000000000000000
          - Name:      91
            Type:      SHT_EXT 1879048191
            Flags:     0x0000000000000002
            Addr:      0x0000000000000b44
            Offset:    0x0000000000000b44
            Size:      0x0000000000000044
            Link:      5
            Info:      0
            AddrAlign: 0x0000000000000002
            EntSize:   0x0000000000000002
          - Name:      104
            Type:      SHT_EXT 1879048189
            Flags:     0x0000000000000002
            Addr:      0x0000000000000b88
            Offset:    0x0000000000000b88
            Size:      0x00000000000000a4
            Link:      6
            Info:      5
            AddrAlign: 0x0000000000000008
            EntSize:   0x0000000000000000
          - Name:      119
            Type:      SHT_RELA
            Flags:     0x0000000000000002
            Addr:      0x0000000000000c30
            Offset:    0x0000000000000c30
            Size:      0x0000000000000420
            Link:      5
            Info:      0
            AddrAlign: 0x0000000000000008
            EntSize:   0x0000000000000018
          - Name:      129
            Type:      SHT_RELA
            Flags:     0x0000000000000042
            Addr:      0x0000000000001050
            Offset:    0x0000000000001050
            Size:      0x00000000000000a8
            Link:      5
            Info:      21
            AddrAlign: 0x0000000000000008
            EntSize:   0x0000000000000018
          - Name:      134
            Type:      SHT_PROGBITS
            Flags:     0x0000000000000006
            Addr:      0x0000000000002000
            Offset:    0x0000000000002000
            Size:      0x0000000000000080
            Link:      0
            Info:      0
            AddrAlign: 0x0000000000000010
            EntSize:   0x0000000000000010
          - Name:      139
            Type:      SHT_PROGBITS
            Flags:     0x0000000000000006
            Addr:      0x0000000000002080
            Offset:    0x0000000000002080
            Size:      0x0000000000000010
            Link:      0
            Info:      0
            AddrAlign: 0x0000000000000010
            EntSize:   0x0000000000000010
          - Name:      148
            Type:      SHT_PROGBITS
            Flags:     0x0000000000000006
            Addr:      0x0000000000002090
            Offset:    0x0000000000002090
            Size:      0x0000000000000070
            Link:      0
            Info:      0
            AddrAlign: 0x0000000000000010
            EntSize:   0x0000000000000010
          - Name:      157
            Type:      SHT_PROGBITS
            Flags:     0x0000000000000006
            Addr:      0x0000000000002100
            Offset:    0x0000000000002100
            Size:      0x000000000001fb24
            Link:      0
            Info:      0
            AddrAlign: 0x0000000000000010
            EntSize:   0x0000000000000000
          - Name:      163
            Type:      SHT_PROGBITS
            Flags:     0x0000000000000002
            Addr:      0x0000000000022000
            Offset:    0x0000000000022000
            Size:      0x0000000000004c5b
            Link:      0
            Info:      0
            AddrAlign: 0x0000000000000020
            EntSize:   0x0000000000000000
          - Name:      171
            Type:      SHT_PROGBITS
            Flags:     0x0000000000000002
            Addr:      0x0000000000026c5b
            Offset:    0x0000000000026c5b
            Size:      0x0000000000000001
            Link:      0
            Info:      0
            AddrAlign: 0x0000000000000001
            EntSize:   0x0000000000000000
          - Name:      185
            Type:      SHT_PROGBITS
            Flags:     0x0000000000000002
            Addr:      0x0000000000026c5c
            Offset:    0x0000000000026c5c
            Size:      0x000000000000072c
            Link:      0
            Info:      0
            AddrAlign: 0x0000000000000004
            EntSize:   0x0000000000000000
          - Name:      199
            Type:      SHT_PROGBITS
            Flags:     0x0000000000000002
            Addr:      0x0000000000027388
            Offset:    0x0000000000027388
            Size:      0x0000000000002814
            Link:      0
            Info:      0
            AddrAlign: 0x0000000000000008
            EntSize:   0x0000000000000000
          - Name:      209
            Type:      SHT_PROGBITS
            Flags:     0x0000000000000003
            Addr:      0x000000000002b4c0
            Offset:    0x000000000002a4c0
            Size:      0x0000000000000944
            Link:      0
            Info:      0
            AddrAlign: 0x0000000000000020
            EntSize:   0x0000000000000000
          - Name:      222
            Type:      SHT_DYNAMIC
            Flags:     0x0000000000000003
            Addr:      0x000000000002be08
            Offset:    0x000000000002ae08
            Size:      0x0000000000000190
            Link:      6
            Info:      0
            AddrAlign: 0x0000000000000008
            EntSize:   0x0000000000000010
          - Name:      143
            Type:      SHT_PROGBITS
            Flags:     0x0000000000000003
            Addr:      0x000000000002bf98
            Offset:    0x000000000002af98
            Size:      0x0000000000000060
            Link:      0
            Info:      0
            AddrAlign: 0x0000000000000008
            EntSize:   0x0000000000000008
          - Name:      231
            Type:      SHT_PROGBITS
            Flags:     0x0000000000000003
            Addr:      0x000000000002c000
            Offset:    0x000000000002b000
            Size:      0x0000000000000f98
            Link:      0
            Info:      0
            AddrAlign: 0x0000000000000020
            EntSize:   0x0000000000000000
          - Name:      237
            Type:      SHT_NOBITS
            Flags:     0x0000000000000003
            Addr:      0x000000000002cfa0
            Offset:    0x000000000002bf98
            Size:      0x0000000000000198
            Link:      0
            Info:      0
            AddrAlign: 0x0000000000000020
            EntSize:   0x0000000000000000
          - Name:      242
            Type:      SHT_PROGBITS
            Flags:     0x0000000000000030
            Addr:      0x0000000000000000
            Offset:    0x000000000002bf98
            Size:      0x0000000000000012
            Link:      0
            Info:      0
            AddrAlign: 0x0000000000000001
            EntSize:   0x0000000000000001
          - Name:      251
            Type:      SHT_NOTE
            Flags:     0x0000000000000000
            Addr:      0x0000000000000000
            Offset:    0x000000000002bfac
            Size:      0x00000000000003dc
            Link:      0
            Info:      0
            AddrAlign: 0x0000000000000004
            EntSize:   0x0000000000000000
          - Name:      1
            Type:      SHT_SYMTAB
            Flags:     0x0000000000000000
            Addr:      0x0000000000000000
            Offset:    0x000000000002c388
            Size:      0x0000000000003438
            Link:      27
            Info:      524
            AddrAlign: 0x0000000000000008
            EntSize:   0x0000000000000018
          - Name:      9
            Type:      SHT_STRTAB
            Flags:     0x0000000000000000
            Addr:      0x0000000000000000
            Offset:    0x000000000002f7c0
            Size:      0x0000000000001923
            Link:      0
            Info:      0
            AddrAlign: 0x0000000000000001
            EntSize:   0x0000000000000000
          - Name:      17
            Type:      SHT_STRTAB
            Flags:     0x0000000000000000
            Addr:      0x0000000000000000
            Offset:    0x00000000000310e3
            Size:      0x0000000000000109
            Link:      0
            Info:      0
            AddrAlign: 0x0000000000000001
            EntSize:   0x0000000000000000
Segments: - Type:     PT_LOAD
            Flags:    0x00000004
            Offset:   0x0000000000000000
            VirtAddr: 0x0000000000000000
            PhysAddr: 0x0000000000000000
            FileSize: 0x00000000000010f8
            MemSize:  0x00000000000010f8
            Align:    0x0000000000001000
          - Type:     PT_LOAD
            Flags:    0x00000005
            Offset:   0x0000000000002000
            VirtAddr: 0x0000000000002000
            PhysAddr: 0x0000000000002000
            FileSize: 0x000000000001fc24
            MemSize:  0x000000000001fc24
            Align:    0x0000000000001000
          - Type:     PT_LOAD
            Flags:    0x00000004
            Offset:   0x0000000000022000
            VirtAddr: 0x0000000000022000
            PhysAddr: 0x0000000000022000
            FileSize: 0x0000000000007b9c
            MemSize:  0x0000000000007b9c
            Align:    0x0000000000001000
          - Type:     PT_LOAD
            Flags:    0x00000006
            Offset:   0x000000000002a4c0
            VirtAddr: 0x000000000002b4c0
            PhysAddr: 0x000000000002b4c0
            FileSize: 0x0000000000001ad8
            MemSize:  0x0000000000001c78
            Align:    0x0000000000001000
          - Type:     PT_DYNAMIC
            Flags:    0x00000006
            Offset:   0x000000000002ae08
            VirtAddr: 0x000000000002be08
            PhysAddr: 0x000000000002be08
            FileSize: 0x0000000000000190
            MemSize:  0x0000000000000190
            Align:    0x0000000000000008
          - Type:     PT_NOTE
            Flags:    0x00000004
            Offset:   0x00000000000002a8
            VirtAddr: 0x00000000000002a8
            PhysAddr: 0x00000000000002a8
            FileSize: 0x0000000000000020
            MemSize:  0x0000000000000020
            Align:    0x0000000000000008
          - Type:     PT_NOTE
            Flags:    0x00000004
            Offset:   0x00000000000002c8
            VirtAddr: 0x00000000000002c8
            PhysAddr: 0x00000000000002c8
            FileSize: 0x0000000000000024
            MemSize:  0x0000000000000024
            Align:    0x0000000000000004
          - Type:     PT_EXT 1685382483
            Flags:    0x00000004
            Offset:   0x00000000000002a8
            VirtAddr: 0x00000000000002a8
            PhysAddr: 0x00000000000002a8
            FileSize: 0x0000000000000020
            MemSize:  0x0000000000000020
            Align:    0x0000000000000008
          - Type:     PT_EXT 1685382480
            Flags:    0x00000004
            Offset:   0x0000000000026c5c
            VirtAddr: 0x0000000000026c5c
            PhysAddr: 0x0000000000026c5c
            FileSize: 0x000000000000072c
            MemSize:  0x000000000000072c
            Align:    0x0000000000000004
          - Type:     PT_EXT 1685382481
            Flags:    0x00000006
            Offset:   0x0000000000000000
            VirtAddr: 0x0000000000000000
            PhysAddr: 0x0000000000000000
            FileSize: 0x0000000000000000
            MemSize:  0x0000000000000000
            Align:    0x0000000000000010
          - Type:     PT_EXT 1685382482
            Flags:    0x00000004
            Offset:   0x000000000002a4c0
            VirtAddr: 0x000000000002b4c0
            PhysAddr: 0x000000000002b4c0
            FileSize: 0x0000000000000b40
            MemSize:  0x0000000000000b40
            Align:    0x0000000000000001