segment {
    Type:     PT_LOAD
    Flags:    0x00000004
    VirtAddr: 0x0000000000000000
    PhysAddr: 0x0000000000000000
    MemSize:  0x00000000000010f8
    Align:    0x0000000000001000
    Data:     
        header {
            Class:      ELFCLASS64
            Data:       ELFDATA2LSB
            OSABI:      ELFOSABI_SYSV
            ABIVersion: 0
            Type:       ET_DYN
            Machine:    EM_X86_64
            Entry:      0x0000000000002100
            Flags:      0x00000000
        }
        segment table
        segment {
            Type:     PT_EXT 1685382483
            Flags:    0x00000004
            VirtAddr: 0x00000000000002a8
            PhysAddr: 0x00000000000002a8
            MemSize:  0x0000000000000020
            Align:    0x0000000000000008
            Data:     
                segment {
                    Type:     PT_NOTE
                    Flags:    0x00000004
                    VirtAddr: 0x00000000000002a8
                    PhysAddr: 0x00000000000002a8
                    MemSize:  0x0000000000000020
                    Align:    0x0000000000000008
                    Data:     
                        section ".note.gnu.property" {
                            Type:      SHT_NOTE
                            Flags:     0x0000000000000002
                            Addr:      0x00000000000002a8
                            AddrAlign: 0x0000000000000008
                            EntSize:   0x0000000000000000
                        }
                }
        }
        segment {
            Type:     PT_NOTE
            Flags:    0x00000004
            VirtAddr: 0x00000000000002c8
            PhysAddr: 0x00000000000002c8
            MemSize:  0x0000000000000024
            Align:    0x0000000000000004
            Data:     
                section ".note.gnu.build-id" {
                    Type:      SHT_NOTE
                    Flags:     0x0000000000000002
                    Addr:      0x00000000000002c8
                    AddrAlign: 0x0000000000000004
                    EntSize:   0x0000000000000000
                }
        }
        section ".hash" {
            Type:      SHT_HASH
            Flags:     0x0000000000000002
            Addr:      0x00000000000002f0
            AddrAlign: 0x0000000000000008
            EntSize:   0x0000000000000004
        }
        section ".gnu.hash" {
            Type:      SHT_EXT 1879048182
            Flags:     0x0000000000000002
            Addr:      0x0000000000000450
            AddrAlign: 0x0000000000000008
            EntSize:   0x0000000000000000
        }
        symbol table section ".dynsym" {
            Type:  SHT_DYNSYM
            Flags: 0x0000000000000002
            Data:  
                
        }
        section ".dynstr" {
            Type:      SHT_STRTAB
            Flags:     0x0000000000000002
            Addr:      0x0000000000000920
            AddrAlign: 0x0000000000000001
            EntSize:   0x0000000000000000
        }
        section ".gnu.version" {
            Type:      SHT_EXT 1879048191
            Flags:     0x0000000000000002
            Addr:      0x0000000000000b44
            AddrAlign: 0x0000000000000002
            EntSize:   0x0000000000000002
        }
        section ".gnu.version_d" {
            Type:      SHT_EXT 1879048189
            Flags:     0x0000000000000002
            Addr:      0x0000000000000b88
            AddrAlign: 0x0000000000000008
            EntSize:   0x0000000000000000
        }
        section ".rela.dyn" {
            Type:      SHT_RELA
            Flags:     0x0000000000000002
            Addr:      0x0000000000000c30
            AddrAlign: 0x0000000000000008
            EntSize:   0x0000000000000018
        }
        section ".rela.plt" {
            Type:      SHT_RELA
            Flags:     0x0000000000000042
            Addr:      0x0000000000001050
            AddrAlign: 0x0000000000000008
            EntSize:   0x0000000000000018
        }
}
segment {
    Type:     PT_LOAD
    Flags:    0x00000005
    VirtAddr: 0x0000000000002000
    PhysAddr: 0x0000000000002000
    MemSize:  0x000000000001fc24
    Align:    0x0000000000001000
    Data:     
        section ".plt" {
            Type:      SHT_PROGBITS
            Flags:     0x0000000000000006
            Addr:      0x0000000000002000
            AddrAlign: 0x0000000000000010
            EntSize:   0x0000000000000010
        }
        section ".plt.got" {
            Type:      SHT_PROGBITS
            Flags:     0x0000000000000006
            Addr:      0x0000000000002080
            AddrAlign: 0x0000000000000010
            EntSize:   0x0000000000000010
        }
        section ".plt.sec" {
            Type:      SHT_PROGBITS
            Flags:     0x0000000000000006
            Addr:      0x0000000000002090
            AddrAlign: 0x0000000000000010
            EntSize:   0x0000000000000010
        }
        section ".text" {
            Type:      SHT_PROGBITS
            Flags:     0x0000000000000006
            Addr:      0x0000000000002100
            AddrAlign: 0x0000000000000010
            EntSize:   0x0000000000000000
        }
}
segment {
    Type:     PT_LOAD
    Flags:    0x00000004
    VirtAddr: 0x0000000000022000
    PhysAddr: 0x0000000000022000
    MemSize:  0x0000000000007b9c
    Align:    0x0000000000001000
    Data:     
        section ".rodata" {
            Type:      SHT_PROGBITS
            Flags:     0x0000000000000002
            Addr:      0x0000000000022000
            AddrAlign: 0x0000000000000020
            EntSize:   0x0000000000000000
        }
        section ".stapsdt.base" {
            Type:      SHT_PROGBITS
            Flags:     0x0000000000000002
            Addr:      0x0000000000026c5b
            AddrAlign: 0x0000000000000001
            EntSize:   0x0000000000000000
        }
        segment {
            Type:     PT_EXT 1685382480
            Flags:    0x00000004
            VirtAddr: 0x0000000000026c5c
            PhysAddr: 0x0000000000026c5c
            MemSize:  0x000000000000072c
            Align:    0x0000000000000004
            Data:     
                section ".eh_frame_hdr" {
                    Type:      SHT_PROGBITS
                    Flags:     0x0000000000000002
                    Addr:      0x0000000000026c5c
                    AddrAlign: 0x0000000000000004
                    EntSize:   0x0000000000000000
                }
        }
        section ".eh_frame" {
            Type:      SHT_PROGBITS
            Flags:     0x0000000000000002
            Addr:      0x0000000000027388
            AddrAlign: 0x0000000000000008
            EntSize:   0x0000000000000000
        }
}
segment {
    Type:     PT_LOAD
    Flags:    0x00000006
    VirtAddr: 0x000000000002b4c0
    PhysAddr: 0x000000000002b4c0
    MemSize:  0x0000000000001c78
    Align:    0x0000000000001000
    Data:     
        segment {
            Type:     PT_EXT 1685382482
            Flags:    0x00000004
            VirtAddr: 0x000000000002b4c0
            PhysAddr: 0x000000000002b4c0
            MemSize:  0x0000000000000b40
            Align:    0x0000000000000001
            Data:     
                section ".data.rel.ro" {
                    Type:      SHT_PROGBITS
                    Flags:     0x0000000000000003
                    Addr:      0x000000000002b4c0
                    AddrAlign: 0x0000000000000020
                    EntSize:   0x0000000000000000
                }
                segment {
                    Type:     PT_DYNAMIC
                    Flags:    0x00000006
                    VirtAddr: 0x000000000002be08
                    PhysAddr: 0x000000000002be08
                    MemSize:  0x0000000000000190
                    Align:    0x0000000000000008
                    Data:     
                        section ".dynamic" {
                            Type:      SHT_DYNAMIC
                            Flags:     0x0000000000000003
                            Addr:      0x000000000002be08
                            AddrAlign: 0x0000000000000008
                            EntSize:   0x0000000000000010
                        }
                }
                section ".got" {
                    Type:      SHT_PROGBITS
                    Flags:     0x0000000000000003
                    Addr:      0x000000000002bf98
                    AddrAlign: 0x0000000000000008
                    EntSize:   0x0000000000000008
                }
        }
        section ".data" {
            Type:      SHT_PROGBITS
            Flags:     0x0000000000000003
            Addr:      0x000000000002c000
            AddrAlign: 0x0000000000000020
            EntSize:   0x0000000000000000
        }
}
section ".comment" {
    Type:      SHT_PROGBITS
    Flags:     0x0000000000000030
    Addr:      0x0000000000000000
    AddrAlign: 0x0000000000000001
    EntSize:   0x0000000000000001
}
section ".note.stapsdt" {
    Type:      SHT_NOTE
    Flags:     0x0000000000000000
    Addr:      0x0000000000000000
    AddrAlign: 0x0000000000000004
    EntSize:   0x0000000000000000
}
symbol table section ".symtab" {
    Type:  SHT_SYMTAB
    Flags: 0x0000000000000000
    Data:  
        
}
section ".strtab" {
    Type:      SHT_STRTAB
    Flags:     0x0000000000000000
    Addr:      0x0000000000000000
    AddrAlign: 0x0000000000000001
    EntSize:   0x0000000000000000
}
string section
section table