Header:   Class:      ELFCLASS64
          Data:       ELFDATA2LSB
          OSABI:      ELFOSABI_SYSV
          ABIVersion: 0
          Type:       ET_REL
          Machine:    EM_X86_64
          Entry:      0x0000000000000000
          PhOff:      0x0000000000000000
          ShOff:      0x00000000000013a8
          Flags:      0x00000000
          PhEntSize:  0x0000
          PhNum:      0
          ShEntSize:  0x0040
          ShNum:      26
          ShStrNdx:   25
Sections: - Name:      0
            Type:      SHT_NULL
            Flags:     0x0000000000000000
            Addr:      0x0000000000000000
            Offset:    0x0000000000000000
            Size:      0x0000000000000000
            Link:      0
            Info:      0
            AddrAlign: 0x0000000000000000
            EntSize:   0x0000000000000000
          - Name:      27
            Type:      SHT_EXT 17
            Flags:     0x0000000000000000
            Addr:      0x0000000000000000
            Offset:    0x0000000000000040
            Size:      0x000000000000000c
            Link:      23
            Info:      21
            AddrAlign: 0x0000000000000004
            EntSize:   0x0000000000000004
          - Name:      27
            Type:      SHT_EXT 17
            Flags:     0x0000000000000000
            Addr:      0x0000000000000000
            Offset:    0x000000000000004c
            Size:      0x0000000000000008
            Link:      23
            Info:      34
            AddrAlign: 0x0000000000000004
            EntSize:   0x0000000000000004
          - Name:      27
            Type:      SHT_EXT 17
            Flags:     0x0000000000000000
            Addr:      0x0000000000000000
            Offset:    0x0000000000000054
            Size:      0x000000000000000c
            Link:      23
            Info:      35
            AddrAlign: 0x0000000000000004
            EntSize:   0x0000000000000004
          - Name:      27
            Type:      SHT_EXT 17
            Flags:     0x0000000000000000
            Addr:      0x0000000000000000
            Offset:    0x0000000000000060
            Size:      0x000000000000000c
            Link:      23
            Info:      38
            AddrAlign: 0x0000000000000004
            EntSize:   0x0000000000000004
          - Name:      39
            Type:      SHT_PROGBITS
            Flags:     0x0000000000000006
            Addr:      0x0000000000000000
            Offset:    0x0000000000000070
            Size:      0x00000000000001ed
            Link:      0
            Info:      0
            AddrAlign: 0x0000000000000010
            EntSize:   0x0000000000000000
          - Name:      34
            Type:      SHT_RELA
            Flags:     0x0000000000000040
            Addr:      0x0000000000000000
            Offset:    0x0000000000000ed8
            Size:      0x0000000000000138
            Link:      23
            Info:      5
            AddrAlign: 0x0000000000000008
            EntSize:   0x0000000000000018
          - Name:      45
            Type:      SHT_PROGBITS
            Flags:     0x0000000000000003
            Addr:      0x0000000000000000
            Offset:    0x000000000000025d
            Size:      0x0000000000000000
            Link:      0
            Info:      0
            AddrAlign: 0x0000000000000001
            EntSize:   0x0000000000000000
          - Name:      51
            Type:      SHT_NOBITS
            Flags:     0x0000000000000003
            Addr:      0x0000000000000000
            Offset:    0x000000000000025d
            Size:      0x0000000000000000
            Link:      0
            Info:      0
            AddrAlign: 0x0000000000000001
            EntSize:   0x0000000000000000
          - Name:      61
            Type:      SHT_PROGBITS
            Flags:     0x0000000000000202
            Addr:      0x0000000000000000
            Offset:    0x0000000000000260
            Size:      0x0000000000000010
            Link:      0
            Info:      0
            AddrAlign: 0x0000000000000008
            EntSize:   0x0000000000000000
          - Name:      56
            Type:      SHT_RELA
            Flags:     0x0000000000000240
            Addr:      0x0000000000000000
            Offset:    0x0000000000001010
            Size:      0x0000000000000018
            Link:      23
            Info:      9
            AddrAlign: 0x0000000000000008
            EntSize:   0x0000000000000018
          - Name:      72
            Type:      SHT_PROGBITS
            Flags:     0x0000000000000202
            Addr:      0x0000000000000000
            Offset:    0x0000000000000270
            Size:      0x0000000000000012
            Link:      0
            Info:      0
            AddrAlign: 0x0000000000000010
            EntSize:   0x0000000000000000
          - Name:      107
            Type:      SHT_PROGBITS
            Flags:     0x0000000000000203
            Addr:      0x0000000000000000
            Offset:    0x0000000000000288
            Size:      0x0000000000000018
            Link:      0
            Info:      0
            AddrAlign: 0x0000000000000008
            EntSize:   0x0000000000000000
          - Name:      102
            Type:      SHT_RELA
            Flags:     0x0000000000000240
            Addr:      0x0000000000000000
            Offset:    0x0000000000001028
            Size:      0x0000000000000048
            Link:      23
            Info:      12
            AddrAlign: 0x0000000000000008
            EntSize:   0x0000000000000018
          - Name:      147
            Type:      SHT_PROGBITS
            Flags:     0x0000000000000203
            Addr:      0x0000000000000000
            Offset:    0x00000000000002a0
            Size:      0x0000000000000078
            Link:      0
            Info:      0
            AddrAlign: 0x0000000000000008
            EntSize:   0x0000000000000000
          - Name:      142
            Type:      SHT_RELA
            Flags:     0x0000000000000240
            Addr:      0x0000000000000000
            Offset:    0x0000000000001070
            Size:      0x0000000000000150
            Link:      23
            Info:      14
            AddrAlign: 0x0000000000000008
            EntSize:   0x0000000000000018
          - Name:      187
            Type:      SHT_PROGBITS
            Flags:     0x0000000000000003
            Addr:      0x0000000000000000
            Offset:    0x0000000000000320
            Size:      0x0000000000000030
            Link:      0
            Info:      0
            AddrAlign: 0x0000000000000020
            EntSize:   0x0000000000000000
          - Name:      182
            Type:      SHT_RELA
            Flags:     0x0000000000000040
            Addr:      0x0000000000000000
            Offset:    0x00000000000011c0
            Size:      0x0000000000000060
            Link:      23
            Info:      16
            AddrAlign: 0x0000000000000008
            EntSize:   0x0000000000000018
          - Name:      200
            Type:      SHT_PROGBITS
            Flags:     0x0000000000000002
            Addr:      0x0000000000000000
            Offset:    0x0000000000000360
            Size:      0x0000000000000108
            Link:      0
            Info:      0
            AddrAlign: 0x0000000000000020
            EntSize:   0x0000000000000000
          - Name:      208
            Type:      SHT_PROGBITS
            Flags:     0x0000000000000030
            Addr:      0x0000000000000000
            Offset:    0x0000000000000468
            Size:      0x0000000000000021
            Link:      0
            Info:      0
            AddrAlign: 0x0000000000000001
            EntSize:   0x0000000000000001
          - Name:      217
            Type:      SHT_PROGBITS
            Flags:     0x0000000000000000
            Addr:      0x0000000000000000
            Offset:    0x0000000000000489
            Size:      0x0000000000000000
            Link:      0
            Info:      0
            AddrAlign: 0x0000000000000001
            EntSize:   0x0000000000000000
          - Name:      238
            Type:      SHT_PROGBITS
            Flags:     0x0000000000000002
            Addr:      0x0000000000000000
            Offset:    0x0000000000000490
            Size:      0x00000000000000e8
            Link:      0
            Info:      0
            AddrAlign: 0x0000000000000008
            EntSize:   0x0000000000000000
          - Name:      233
            Type:      SHT_RELA
            Flags:     0x0000000000000040
            Addr:      0x0000000000000000
            Offset:    0x0000000000001220
            Size:      0x0000000000000090
            Link:      23
            Info:      21
            AddrAlign: 0x0000000000000008
            EntSize:   0x0000000000000018
          - Name:      1
            Type:      SHT_SYMTAB
            Flags:     0x0000000000000000
            Addr:      0x0000000000000000
            Offset:    0x0000000000000578
            Size:      0x00000000000004b0
            Link:      24
            Info:      20
            AddrAlign: 0x0000000000000008
            EntSize:   0x0000000000000018
          - Name:      9
            Type:      SHT_STRTAB
            Flags:     0x0000000000000000
            Addr:      0x0000000000000000
            Offset:    0x0000000000000a28
            Size:      0x00000000000004a9
            Link:      0
            Info:      0
            AddrAlign: 0x0000000000000001
            EntSize:   0x0000000000000000
          - Name:      17
            Type:      SHT_STRTAB
            Flags:     0x0000000000000000
            Addr:      0x0000000000000000
            Offset:    0x00000000000012b0
            Size:      0x00000000000000f8
            Link:      0
            Info:      0
            AddrAlign: 0x0000000000000001
            EntSize:   0x0000000000000000
Segments: 
- - Name:  0x00000000
    Info:  0x00
    Other: 0x00
    ShNdx: SHN_Undef
    Value: 0x0000000000000000
    Size:  0x0000000000000000
  - Name:  0x00000000
    Info:  0x03
    Other: 0x00
    ShNdx: SHN_EXT 5
    Value: 0x0000000000000000
    Size:  0x0000000000000000
  - Name:  0x00000001
    Info:  0x02
    Other: 0x00
    ShNdx: SHN_EXT 5
    Value: 0x0000000000000080
    Size:  0x0000000000000060
  - Name:  0x00000053
    Info:  0x01
    Other: 0x00
    ShNdx: SHN_EXT 18
    Value: 0x0000000000000060
    Size:  0x00000000000000a8
  - Name:  0x0000007b
    Info:  0x01
    Other: 0x00
    ShNdx: SHN_EXT 18
    Value: 0x0000000000000000
    Size:  0x000000000000005c
  - Name:  0x00000000
    Info:  0x03
    Other: 0x00
    ShNdx: SHN_EXT 18
    Value: 0x0000000000000000
    Size:  0x0000000000000000
  - Name:  0x00000000
    Info:  0x03
    Other: 0x00
    ShNdx: SHN_EXT 1
    Value: 0x0000000000000000
    Size:  0x0000000000000000
  - Name:  0x00000000
    Info:  0x03
    Other: 0x00
    ShNdx: SHN_EXT 2
    Value: 0x0000000000000000
    Size:  0x0000000000000000
  - Name:  0x00000000
    Info:  0x03
    Other: 0x00
    ShNdx: SHN_EXT 3
    Value: 0x0000000000000000
    Size:  0x0000000000000000
  - Name:  0x00000000
    Info:  0x03
    Other: 0x00
    ShNdx: SHN_EXT 4
    Value: 0x0000000000000000
    Size:  0x0000000000000000
  - Name:  0x00000000
    Info:  0x03
    Other: 0x00
    ShNdx: SHN_EXT 7
    Value: 0x0000000000000000
    Size:  0x0000000000000000
  - Name:  0x00000000
    Info:  0x03
    Other: 0x00
    ShNdx: SHN_EXT 8
    Value: 0x0000000000000000
    Size:  0x0000000000000000
  - Name:  0x00000000
    Info:  0x03
    Other: 0x00
    ShNdx: SHN_EXT 9
    Value: 0x0000000000000000
    Size:  0x0000000000000000
  - Name:  0x00000000
    Info:  0x03
    Other: 0x00
    ShNdx: SHN_EXT 11
    Value: 0x0000000000000000
    Size:  0x0000000000000000
  - Name:  0x00000000
    Info:  0x03
    Other: 0x00
    ShNdx: SHN_EXT 12
    Value: 0x0000000000000000
    Size:  0x0000000000000000
  - Name:  0x00000000
    Info:  0x03
    Other: 0x00
    ShNdx: SHN_EXT 14
    Value: 0x0000000000000000
    Size:  0x0000000000000000
  - Name:  0x00000000
    Info:  0x03
    Other: 0x00
    ShNdx: SHN_EXT 16
    Value: 0x0000000000000000
    Size:  0x0000000000000000
  - Name:  0x00000000
    Info:  0x03
    Other: 0x00
    ShNdx: SHN_EXT 19
    Value: 0x0000000000000000
    Size:  0x0000000000000000
  - Name:  0x00000000
    Info:  0x03
    Other: 0x00
    ShNdx: SHN_EXT 20
    Value: 0x0000000000000000
    Size:  0x0000000000000000
  - Name:  0x00000000
    Info:  0x03
    Other: 0x00
    ShNdx: SHN_EXT 21
    Value: 0x0000000000000000
    Size:  0x0000000000000000
  - Name:  0x0000009d
    Info:  0x10
    Other: 0x00
    ShNdx: SHN_Undef
    Value: 0x0000000000000000
    Size:  0x0000000000000000
  - Name:  0x000000b3
    Info:  0x10
    Other: 0x00
    ShNdx: SHN_Undef
    Value: 0x0000000000000000
    Size:  0x0000000000000000
  - Name:  0x000000c2
    Info:  0x12
    Other: 0x02
    ShNdx: SHN_EXT 5
    Value: 0x0000000000000000
    Size:  0x0000000000000020
  - Name:  0x000000e6
    Info:  0x10
    Other: 0x00
    ShNdx: SHN_Undef
    Value: 0x0000000000000000
    Size:  0x0000000000000000
  - Name:  0x0000010d
    Info:  0x11
    Other: 0x02
    ShNdx: SHN_EXT 16
    Value: 0x0000000000000000
    Size:  0x0000000000000030
  - Name:  0x00000135
    Info:  0x12
    Other: 0x02
    ShNdx: SHN_EXT 5
    Value: 0x0000000000000020
    Size:  0x000000000000005a
  - Name:  0x00000163
    Info:  0x10
    Other: 0x00
    ShNdx: SHN_Undef
    Value: 0x0000000000000000
    Size:  0x0000000000000000
  - Name:  0x0000018f
    Info:  0x10
    Other: 0x00
    ShNdx: SHN_Undef
    Value: 0x0000000000000000
    Size:  0x0000000000000000
  - Name:  0x000001a0
    Info:  0x12
    Other: 0x02
    ShNdx: SHN_EXT 5
    Value: 0x00000000000000e0
    Size:  0x0000000000000048
  - Name:  0x000001eb
    Info:  0x12
    Other: 0x02
    ShNdx: SHN_EXT 5
    Value: 0x0000000000000130
    Size:  0x0000000000000057
  - Name:  0x00000211
    Info:  0x10
    Other: 0x00
    ShNdx: SHN_Undef
    Value: 0x0000000000000000
    Size:  0x0000000000000000
  - Name:  0x00000218
    Info:  0x10
    Other: 0x00
    ShNdx: SHN_Undef
    Value: 0x0000000000000000
    Size:  0x0000000000000000
  - Name:  0x00000235
    Info:  0x12
    Other: 0x02
    ShNdx: SHN_EXT 5
    Value: 0x0000000000000190
    Size:  0x000000000000005d
  - Name:  0x00000270
    Info:  0x10
    Other: 0x00
    ShNdx: SHN_Undef
    Value: 0x0000000000000000
    Size:  0x0000000000000000
  - Name:  0x000002a2
    Info:  0x21
    Other: 0x02
    ShNdx: SHN_EXT 11
    Value: 0x0000000000000000
    Size:  0x0000000000000012
  - Name:  0x000002b8
    Info:  0x21
    Other: 0x02
    ShNdx: SHN_EXT 12
    Value: 0x0000000000000000
    Size:  0x0000000000000018
  - Name:  0x000002ce
    Info:  0x10
    Other: 0x00
    ShNdx: SHN_Undef
    Value: 0x0000000000000000
    Size:  0x0000000000000000
  - Name:  0x000002f7
    Info:  0x10
    Other: 0x00
    ShNdx: SHN_Undef
    Value: 0x0000000000000000
    Size:  0x0000000000000000
  - Name:  0x00000304
    Info:  0x21
    Other: 0x02
    ShNdx: SHN_EXT 14
    Value: 0x0000000000000000
    Size:  0x0000000000000078
  - Name:  0x0000031a
    Info:  0x10
    Other: 0x00
    ShNdx: SHN_Undef
    Value: 0x0000000000000000
    Size:  0x0000000000000000
  - Name:  0x00000333
    Info:  0x10
    Other: 0x00
    ShNdx: SHN_Undef
    Value: 0x0000000000000000
    Size:  0x0000000000000000
  - Name:  0x0000034c
    Info:  0x10
    Other: 0x00
    ShNdx: SHN_Undef
    Value: 0x0000000000000000
    Size:  0x0000000000000000
  - Name:  0x00000367
    Info:  0x10
    Other: 0x00
    ShNdx: SHN_Undef
    Value: 0x0000000000000000
    Size:  0x0000000000000000
  - Name:  0x0000038c
    Info:  0x10
    Other: 0x00
    ShNdx: SHN_Undef
    Value: 0x0000000000000000
    Size:  0x0000000000000000
  - Name:  0x000003b3
    Info:  0x10
    Other: 0x00
    ShNdx: SHN_Undef
    Value: 0x0000000000000000
    Size:  0x0000000000000000
  - Name:  0x000003da
    Info:  0x10
    Other: 0x00
    ShNdx: SHN_Undef
    Value: 0x0000000000000000
    Size:  0x0000000000000000
  - Name:  0x000003fc
    Info:  0x10
    Other: 0x00
    ShNdx: SHN_Undef
    Value: 0x0000000000000000
    Size:  0x0000000000000000
  - Name:  0x00000427
    Info:  0x10
    Other: 0x00
    ShNdx: SHN_Undef
    Value: 0x0000000000000000
    Size:  0x0000000000000000
  - Name:  0x00000455
    Info:  0x10
    Other: 0x00
    ShNdx: SHN_Undef
    Value: 0x0000000000000000
    Size:  0x0000000000000000
  - Name:  0x0000048a
    Info:  0x10
    Other: 0x00
    ShNdx: SHN_Undef
    Value: 0x0000000000000000
    Size:  0x0000000000000000