sections:
segments:
	- 0  PT_PHDR
	- 1  PT_INTERP
	- 2  PT_LOAD
	- 3  PT_LOAD
	- 4  PT_DYNAMIC
	- 5  PT_EXT 1685382480
	- 6  PT_EXT 1685382481
╓── 0000000000000000 P 2 type: PT_LOAD; flags: [PF_X,PF_R]
║┎─ 0000000000000000 H ELF Header
║┖─ 0000000000000033 H
║╓─ 0000000000000034 P 0 type: PT_PHDR; flags: [PF_X,PF_R]
║║┎ 0000000000000034 H Segment table
║║┖ 0000000000000113 H
║╙─ 0000000000000113 P 0
║╓─ 0000000000000114 P 1 type: PT_INTERP; flags: [PF_R]
║╙─ 0000000000000127 P 1
║╓─ 0000000000000128 P 4 type: PT_DYNAMIC; flags: [PF_X,PF_W,PF_R]
║╙─ 000000000000605b P 4
║╓─ 0000000000081b68 P 5 type: PT_EXT 1685382480; flags: [PF_R]
║╙─ 0000000000081b93 P 5
╙── 0000000000081b93 P 2
╓── 0000000000082000 P 3 type: PT_LOAD; flags: [PF_W,PF_R]
╙── 00000000000838bb P 3
