header {
    Class:      ELFCLASS32
    Data:       ELFDATA2LSB
    OSABI:      ELFOSABI_SYSV
    ABIVersion: 0
    Type:       ET_REL
    Machine:    EM_EXT 113
    Entry:      0x00000000
    Flags:      0x00000000
}
section name {
    Type:      SHT_PROGBITS
    Flags:     0x00000006
    Addr:      0x00000000
    AddrAlign: 0x00000004
    EntSize:   0x00000000
}
section name {
    Type:      SHT_PROGBITS
    Flags:     0x00000002
    Addr:      0x00000000
    AddrAlign: 0x00000004
    EntSize:   0x00000000
}
section name {
    Type:      SHT_PROGBITS
    Flags:     0x00000000
    Addr:      0x00000000
    AddrAlign: 0x00000001
    EntSize:   0x00000000
}
section name {
    Type:      SHT_PROGBITS
    Flags:     0x00000000
    Addr:      0x00000000
    AddrAlign: 0x00000001
    EntSize:   0x00000000
}
section name {
    Type:      SHT_PROGBITS
    Flags:     0x00000000
    Addr:      0x00000000
    AddrAlign: 0x00000001
    EntSize:   0x00000000
}
section name {
    Type:      SHT_PROGBITS
    Flags:     0x00000000
    Addr:      0x00000000
    AddrAlign: 0x00000001
    EntSize:   0x00000000
}
section name {
    Type:      SHT_PROGBITS
    Flags:     0x00000030
    Addr:      0x00000000
    AddrAlign: 0x00000001
    EntSize:   0x00000001
}
section name {
    Type:      SHT_PROGBITS
    Flags:     0x00000030
    Addr:      0x00000000
    AddrAlign: 0x00000001
    EntSize:   0x00000001
}
section name {
    Type:      SHT_PROGBITS
    Flags:     0x00000000
    Addr:      0x00000000
    AddrAlign: 0x00000004
    EntSize:   0x00000000
}
section name {
    Type:      SHT_SYMTAB
    Flags:     0x00000000
    Addr:      0x00000000
    AddrAlign: 0x00000004
    EntSize:   0x00000010
}
section name {
    Type:      SHT_STRTAB
    Flags:     0x00000000
    Addr:      0x00000000
    AddrAlign: 0x00000001
    EntSize:   0x00000000
}
section name {
    Type:      SHT_RELA
    Flags:     0x00000040
    Addr:      0x00000000
    AddrAlign: 0x00000004
    EntSize:   0x0000000c
}
section name {
    Type:      SHT_RELA
    Flags:     0x00000040
    Addr:      0x00000000
    AddrAlign: 0x00000004
    EntSize:   0x0000000c
}
section name {
    Type:      SHT_RELA
    Flags:     0x00000040
    Addr:      0x00000000
    AddrAlign: 0x00000004
    EntSize:   0x0000000c
}
section name {
    Type:      SHT_RELA
    Flags:     0x00000040
    Addr:      0x00000000
    AddrAlign: 0x00000004
    EntSize:   0x0000000c
}
section name {
    Type:      SHT_RELA
    Flags:     0x00000040
    Addr:      0x00000000
    AddrAlign: 0x00000004
    EntSize:   0x0000000c
}
section name {
    Type:      SHT_STRTAB
    Flags:     0x00000000
    Addr:      0x00000000
    AddrAlign: 0x00000001
    EntSize:   0x00000000
}
section table