segment {
    Type:     PT_LOAD
    Flags:    0x00000005
    VirtAddr: 0x0000000000400000
    PhysAddr: 0x0000000000400000
    MemSize:  0x00000000000000ec
    Align:    0x0000000000200000
    Data:     
        header {
            Class:      ELFCLASS64
            Data:       ELFDATA2LSB
            OSABI:      ELFOSABI_SYSV
            ABIVersion: 0
            Type:       ET_EXEC
            Machine:    EM_X86_64
            Entry:      0x00000000004000e0
            Flags:      0x00000000
        }
        segment table
        section name {
            Type:      SHT_PROGBITS
            Flags:     0x0000000000000006
            Addr:      0x00000000004000e0
            AddrAlign: 0x0000000000000010
            EntSize:   0x0000000000000000
        }
}
section table