  - 0x00000000 P6 PT_EXT 1685382481 [PF_X,PF_W,PF_R]
┌── 0x00000000 P2 PT_LOAD [PF_X,PF_R]
│ ┎ 0x00000000 H
│ ┖ 0x00000033
│┌─ 0x00000034 P0 PT_PHDR [PF_X,PF_R]
││┎ 0x00000034 PT (7)
││┖ 0x00000113
│└─ 0x00000113
│┌─ 0x00000114 P1 PT_INTERP [PF_R]
││╓ 0x00000114 R
││╙ 0x00000127
│└─ 0x00000127
│┌─ 0x00000128 P4 PT_DYNAMIC [PF_X,PF_W,PF_R]
││╓ 0x00000128 R
││╙ 0x0000605b
│└─ 0x0000605b
│ ╓ 0x0000605c R
│ ╙ 0x00081b67
│┌─ 0x00081b68 P5 PT_EXT 1685382480 [PF_R]
││╓ 0x00081b68 R
││╙ 0x00081b93
│└─ 0x00081b93
└── 0x00081b93
 ┌─ 0x00082000 P3 PT_LOAD [PF_W,PF_R]
 │╓ 0x00082000 R
 │╙ 0x000838bb
 └─ 0x000838bb