Class:     ELFCLASS64
Data:      ELFDATA2LSB
Version:   1
OSABI:     ELFOSABI_SYSV
ABIVersion: 0
Type:      ET_EXEC
Machine:   EM_X86_64
Entry:     0x4000e0
Sections:  - Name:      ""
             Type:      SHT_NULL
             Flags:     
             Addr:      0x0
             Size:      0
             Link:      0
             Info:      0
             AddrAlign: 0
             EntSize:   0
             Data:      
           - Name:      ".text"
             Type:      SHT_PROGBITS
             Flags:     - SHF_EXECINSTR
                        - SHF_ALLOC
             Addr:      0x4000e0
             Size:      12
             Link:      0
             Info:      0
             AddrAlign: 16
             EntSize:   0
             Data:      bb 00 00 00 00 b8 01 00 00 00 cd 80             # ............
           - Name:      ".shstrtab"
             Type:      SHT_STRTAB
             Flags:     
             Addr:      0x0
             Size:      17
             Link:      0
             Info:      0
             AddrAlign: 1
             EntSize:   0
             Data:      00 2e 73 68 73 74 72 74 61 62 00 2e 74 65 78 74 # ..shstrtab..text
                        00                                              # .
Segments:  - Type:      PT_LOAD
             Flags:     - PF_X
                        - PF_R
             VirtAddr:  0x400000
             PhysAddr:  0x400000
             Align:     2097152
             Data:      7f 45 4c 46 02 01 01 00 00 00 00 00 00 00 00 00 # .ELF............
                        02 00 3e 00 01 00 00 00 e0 00 40 00 00 00 00 00 # ..>.......@.....
                        40 00 00 00 00 00 00 00 00 01 00 00 00 00 00 00 # @...............
                        00 00 00 00 40 00 38 00 02 00 40 00 03 00 02 00 # ....@.8...@.....
                        01 00 00 00 05 00 00 00 00 00 00 00 00 00 00 00 # ................
                        00 00 40 00 00 00 00 00 00 00 40 00 00 00 00 00 # ..@.......@.....
                        ec 00 00 00 00 00 00 00 ec 00 00 00 00 00 00 00 # ................
                        00 00 20 00 00 00 00 00 04 00 00 00 04 00 00 00 # .. .............
                        00 00 00 00 00 00 00 00 00 00 00 00 00 00 00 00 # ................
                        00 00 00 00 00 00 00 00 00 00 00 00 00 00 00 00 # ................
                        00 00 00 00 00 00 00 00 08 00 00 00 00 00 00 00 # ................
                        00 00 00 00 00 00 00 00 00 00 00 00 00 00 00 00 # ................
                        00 00 00 00 00 00 00 00 00 00 00 00 00 00 00 00 # ................
                        00 00 00 00 00 00 00 00 00 00 00 00 00 00 00 00 # ................
                        bb 00 00 00 00 b8 01 00 00 00 cd 80             # ............
             MemSize:   236
           - Type:      PT_NOTE
             Flags:     - PF_R
             VirtAddr:  0x0
             PhysAddr:  0x0
             Align:     8
             Data:      
             MemSize:   0
